Copyright 1986-2022 Xilinx, Inc. All Rights Reserved. Copyright 2022-2024 Advanced Micro Devices, Inc. All Rights Reserved.
---------------------------------------------------------------------------------------------------------------------------------------------
| Tool Version : Vivado v.2024.1 (win64) Build 5076996 Wed May 22 18:37:14 MDT 2024
| Date         : Wed May 13 17:48:20 2026
| Host         : YizhiDianLu running 64-bit major release  (build 9200)
| Command      : report_timing_summary -file C:/Users/jielu/Desktop/Workspace/SpikeYOLO_FPGA/hw/vivado/reports/timing_summary.rpt
| Design       : system_wrapper
| Device       : 7z020-clg400
| Speed File   : -1  PRODUCTION 1.12 2019-11-22
| Design State : Routed
---------------------------------------------------------------------------------------------------------------------------------------------

Timing Summary Report

------------------------------------------------------------------------------------------------
| Timer Settings
| --------------
------------------------------------------------------------------------------------------------

  Enable Multi Corner Analysis               :  Yes
  Enable Pessimism Removal                   :  Yes
  Pessimism Removal Resolution               :  Nearest Common Node
  Enable Input Delay Default Clock           :  No
  Enable Preset / Clear Arcs                 :  No
  Disable Flight Delays                      :  No
  Ignore I/O Paths                           :  No
  Timing Early Launch at Borrowing Latches   :  No
  Borrow Time for Max Delay Exceptions       :  Yes
  Merge Timing Exceptions                    :  Yes
  Inter-SLR Compensation                     :  Conservative

  Corner  Analyze    Analyze    
  Name    Max Paths  Min Paths  
  ------  ---------  ---------  
  Slow    Yes        Yes        
  Fast    Yes        Yes        


------------------------------------------------------------------------------------------------
| Report Methodology
| ------------------
------------------------------------------------------------------------------------------------

Rule      Severity  Description                                  Violations  
--------  --------  -------------------------------------------  ----------  
ULMTCS-1  Warning   Control Sets use limits recommend reduction  1           

Note: This report is based on the most recent report_methodology run and may not be up-to-date. Run report_methodology on the current design for the latest report.



check_timing report

Table of Contents
-----------------
1. checking no_clock (0)
2. checking constant_clock (0)
3. checking pulse_width_clock (0)
4. checking unconstrained_internal_endpoints (0)
5. checking no_input_delay (0)
6. checking no_output_delay (0)
7. checking multiple_clock (0)
8. checking generated_clocks (0)
9. checking loops (0)
10. checking partial_input_delay (0)
11. checking partial_output_delay (0)
12. checking latch_loops (0)

1. checking no_clock (0)
------------------------
 There are 0 register/latch pins with no clock.


2. checking constant_clock (0)
------------------------------
 There are 0 register/latch pins with constant_clock.


3. checking pulse_width_clock (0)
---------------------------------
 There are 0 register/latch pins which need pulse_width check


4. checking unconstrained_internal_endpoints (0)
------------------------------------------------
 There are 0 pins that are not constrained for maximum delay.

 There are 0 pins that are not constrained for maximum delay due to constant clock.


5. checking no_input_delay (0)
------------------------------
 There are 0 input ports with no input delay specified.

 There are 0 input ports with no input delay but user has a false path constraint.


6. checking no_output_delay (0)
-------------------------------
 There are 0 ports with no output delay specified.

 There are 0 ports with no output delay but user has a false path constraint

 There are 0 ports with no output delay but with a timing clock defined on it or propagating through it


7. checking multiple_clock (0)
------------------------------
 There are 0 register/latch pins with multiple clocks.


8. checking generated_clocks (0)
--------------------------------
 There are 0 generated clocks that are not connected to a clock source.


9. checking loops (0)
---------------------
 There are 0 combinational loops in the design.


10. checking partial_input_delay (0)
------------------------------------
 There are 0 input ports with partial input delay specified.


11. checking partial_output_delay (0)
-------------------------------------
 There are 0 ports with partial output delay specified.


12. checking latch_loops (0)
----------------------------
 There are 0 combinational latch loops in the design through latch input



------------------------------------------------------------------------------------------------
| Design Timing Summary
| ---------------------
------------------------------------------------------------------------------------------------

    WNS(ns)      TNS(ns)  TNS Failing Endpoints  TNS Total Endpoints      WHS(ns)      THS(ns)  THS Failing Endpoints  THS Total Endpoints     WPWS(ns)     TPWS(ns)  TPWS Failing Endpoints  TPWS Total Endpoints  
    -------      -------  ---------------------  -------------------      -------      -------  ---------------------  -------------------     --------     --------  ----------------------  --------------------  
     -0.764      -35.489                    172               134900        0.018        0.000                      0               134900        3.750        0.000                       0                 52823  


Timing constraints are not met.


------------------------------------------------------------------------------------------------
| Clock Summary
| -------------
------------------------------------------------------------------------------------------------

Clock       Waveform(ns)         Period(ns)      Frequency(MHz)
-----       ------------         ----------      --------------
clk_fpga_0  {0.000 5.000}        10.000          100.000         
clk_fpga_1  {0.000 3.500}        7.000           142.857         


------------------------------------------------------------------------------------------------
| Intra Clock Table
| -----------------
------------------------------------------------------------------------------------------------

Clock             WNS(ns)      TNS(ns)  TNS Failing Endpoints  TNS Total Endpoints      WHS(ns)      THS(ns)  THS Failing Endpoints  THS Total Endpoints     WPWS(ns)     TPWS(ns)  TPWS Failing Endpoints  TPWS Total Endpoints  
-----             -------      -------  ---------------------  -------------------      -------      -------  ---------------------  -------------------     --------     --------  ----------------------  --------------------  
clk_fpga_0         -0.764      -35.489                    172               134900        0.018        0.000                      0               134900        3.750        0.000                       0                 52823  


------------------------------------------------------------------------------------------------
| Inter Clock Table
| -----------------
------------------------------------------------------------------------------------------------

From Clock    To Clock          WNS(ns)      TNS(ns)  TNS Failing Endpoints  TNS Total Endpoints      WHS(ns)      THS(ns)  THS Failing Endpoints  THS Total Endpoints  
----------    --------          -------      -------  ---------------------  -------------------      -------      -------  ---------------------  -------------------  


------------------------------------------------------------------------------------------------
| Other Path Groups Table
| -----------------------
------------------------------------------------------------------------------------------------

Path Group    From Clock    To Clock          WNS(ns)      TNS(ns)  TNS Failing Endpoints  TNS Total Endpoints      WHS(ns)      THS(ns)  THS Failing Endpoints  THS Total Endpoints  
----------    ----------    --------          -------      -------  ---------------------  -------------------      -------      -------  ---------------------  -------------------  


------------------------------------------------------------------------------------------------
| Timing Details
| --------------
------------------------------------------------------------------------------------------------


---------------------------------------------------------------------------------------------------
From Clock:  clk_fpga_0
  To Clock:  clk_fpga_0

Setup :          172  Failing Endpoints,  Worst Slack       -0.764ns,  Total Violation      -35.489ns
Hold  :            0  Failing Endpoints,  Worst Slack        0.018ns,  Total Violation        0.000ns
PW    :            0  Failing Endpoints,  Worst Slack        3.750ns,  Total Violation        0.000ns
---------------------------------------------------------------------------------------------------


Max Delay Paths
--------------------------------------------------------------------------------------
Slack (VIOLATED) :        -0.764ns  (required time - arrival time)
  Source:                 system_i/spike_accel_0/inst/grp_sa_conv2d_bn_40_71_118_240_333_426_1_fu_666/grp_sa_conv2d_int_43_74_429_1_fu_366/grp_sa_conv2d_int_43_74_429_1_Pipeline_VITIS_LOOP_97_7_VITIS_LOOP_98_8_VITIS_LOOP_99_fu_97/icmp_ln97_reg_7467_reg[0]/C
                            (rising edge-triggered cell FDRE clocked by clk_fpga_0  {rise@0.000ns fall@5.000ns period=10.000ns})
  Destination:            system_i/spike_accel_0/inst/gmem2_m_axi_U/load_unit_0/fifo_rreq/U_fifo_srl/mem_reg[5][28]_srl6/D
                            (rising edge-triggered cell SRL16E clocked by clk_fpga_0  {rise@0.000ns fall@5.000ns period=10.000ns})
  Path Group:             clk_fpga_0
  Path Type:              Setup (Max at Slow Process Corner)
  Requirement:            10.000ns  (clk_fpga_0 rise@10.000ns - clk_fpga_0 rise@0.000ns)
  Data Path Delay:        10.522ns  (logic 2.246ns (21.346%)  route 8.276ns (78.654%))
  Logic Levels:           11  (LUT2=1 LUT3=2 LUT4=1 LUT5=5 LUT6=2)
  Clock Path Skew:        -0.044ns (DCD - SCD + CPR)
    Destination Clock Delay (DCD):    2.742ns = ( 12.743 - 10.000 ) 
    Source Clock Delay      (SCD):    3.016ns
    Clock Pessimism Removal (CPR):    0.230ns
  Clock Uncertainty:      0.154ns  ((TSJ^2 + TIJ^2)^1/2 + DJ) / 2 + PE
    Total System Jitter     (TSJ):    0.071ns
    Total Input Jitter      (TIJ):    0.300ns
    Discrete Jitter          (DJ):    0.000ns
    Phase Error              (PE):    0.000ns

    Location             Delay type                Incr(ns)  Path(ns)    Netlist Resource(s)
  -------------------------------------------------------------------    -------------------
                         (clock clk_fpga_0 rise edge)
                                                      0.000     0.000 r  
    PS7_X0Y0             PS7                          0.000     0.000 r  system_i/ps_0/inst/PS7_i/FCLKCLK[0]
                         net (fo=1, routed)           1.193     1.193    system_i/ps_0/inst/FCLK_CLK_unbuffered[0]
    BUFGCTRL_X0Y16       BUFG (Prop_bufg_I_O)         0.101     1.294 r  system_i/ps_0/inst/buffer_fclk_clk_0.FCLK_CLK_0_BUFG/O
                         net (fo=52846, routed)       1.722     3.016    system_i/spike_accel_0/inst/grp_sa_conv2d_bn_40_71_118_240_333_426_1_fu_666/grp_sa_conv2d_int_43_74_429_1_fu_366/grp_sa_conv2d_int_43_74_429_1_Pipeline_VITIS_LOOP_97_7_VITIS_LOOP_98_8_VITIS_LOOP_99_fu_97/ap_clk
    SLICE_X63Y32         FDRE                                         r  system_i/spike_accel_0/inst/grp_sa_conv2d_bn_40_71_118_240_333_426_1_fu_666/grp_sa_conv2d_int_43_74_429_1_fu_366/grp_sa_conv2d_int_43_74_429_1_Pipeline_VITIS_LOOP_97_7_VITIS_LOOP_98_8_VITIS_LOOP_99_fu_97/icmp_ln97_reg_7467_reg[0]/C
  -------------------------------------------------------------------    -------------------
    SLICE_X63Y32         FDRE (Prop_fdre_C_Q)         0.456     3.472 r  system_i/spike_accel_0/inst/grp_sa_conv2d_bn_40_71_118_240_333_426_1_fu_666/grp_sa_conv2d_int_43_74_429_1_fu_366/grp_sa_conv2d_int_43_74_429_1_Pipeline_VITIS_LOOP_97_7_VITIS_LOOP_98_8_VITIS_LOOP_99_fu_97/icmp_ln97_reg_7467_reg[0]/Q
                         net (fo=167, routed)         1.082     4.554    system_i/spike_accel_0/inst/grp_sa_conv2d_bn_40_71_118_240_333_426_1_fu_666/grp_sa_conv2d_int_43_74_429_1_fu_366/grp_sa_conv2d_int_43_74_429_1_Pipeline_VITIS_LOOP_97_7_VITIS_LOOP_98_8_VITIS_LOOP_99_fu_97/icmp_ln97_reg_7467_reg[0]_0
    SLICE_X58Y32         LUT2 (Prop_lut2_I0_O)        0.150     4.704 f  system_i/spike_accel_0/inst/grp_sa_conv2d_bn_40_71_118_240_333_426_1_fu_666/grp_sa_conv2d_int_43_74_429_1_fu_366/grp_sa_conv2d_int_43_74_429_1_Pipeline_VITIS_LOOP_97_7_VITIS_LOOP_98_8_VITIS_LOOP_99_fu_97/gmem2_addr_36_reg_9240[62]_i_4/O
                         net (fo=20, routed)          0.851     5.555    system_i/spike_accel_0/inst/grp_sa_conv2d_bn_40_71_118_240_333_426_1_fu_666/grp_sa_conv2d_int_43_74_429_1_fu_366/grp_sa_conv2d_int_43_74_429_1_Pipeline_VITIS_LOOP_97_7_VITIS_LOOP_98_8_VITIS_LOOP_99_fu_97/mul_8s_8s_16_4_1_U391/p_392_in
    SLICE_X61Y29         LUT5 (Prop_lut5_I1_O)        0.322     5.877 f  system_i/spike_accel_0/inst/grp_sa_conv2d_bn_40_71_118_240_333_426_1_fu_666/grp_sa_conv2d_int_43_74_429_1_fu_366/grp_sa_conv2d_int_43_74_429_1_Pipeline_VITIS_LOOP_97_7_VITIS_LOOP_98_8_VITIS_LOOP_99_fu_97/mul_8s_8s_16_4_1_U391/gmem2_addr_44_reg_9578[62]_i_4/O
                         net (fo=1, routed)           0.299     6.176    system_i/spike_accel_0/inst/grp_sa_conv2d_bn_40_71_118_240_333_426_1_fu_666/grp_sa_conv2d_int_43_74_429_1_fu_366/grp_sa_conv2d_int_43_74_429_1_Pipeline_VITIS_LOOP_97_7_VITIS_LOOP_98_8_VITIS_LOOP_99_fu_97/mul_8s_8s_16_4_1_U391/gmem2_addr_44_reg_9578[62]_i_4_n_2
    SLICE_X65Y29         LUT5 (Prop_lut5_I4_O)        0.326     6.502 r  system_i/spike_accel_0/inst/grp_sa_conv2d_bn_40_71_118_240_333_426_1_fu_666/grp_sa_conv2d_int_43_74_429_1_fu_366/grp_sa_conv2d_int_43_74_429_1_Pipeline_VITIS_LOOP_97_7_VITIS_LOOP_98_8_VITIS_LOOP_99_fu_97/mul_8s_8s_16_4_1_U391/gmem2_addr_44_reg_9578[62]_i_3/O
                         net (fo=4, routed)           0.652     7.154    system_i/spike_accel_0/inst/grp_sa_conv2d_bn_40_71_118_240_333_426_1_fu_666/grp_sa_conv2d_int_43_74_429_1_fu_366/grp_sa_conv2d_int_43_74_429_1_Pipeline_VITIS_LOOP_97_7_VITIS_LOOP_98_8_VITIS_LOOP_99_fu_97/mul_8s_8s_16_4_1_U391_n_5
    SLICE_X75Y32         LUT5 (Prop_lut5_I0_O)        0.124     7.278 r  system_i/spike_accel_0/inst/grp_sa_conv2d_bn_40_71_118_240_333_426_1_fu_666/grp_sa_conv2d_int_43_74_429_1_fu_366/grp_sa_conv2d_int_43_74_429_1_Pipeline_VITIS_LOOP_97_7_VITIS_LOOP_98_8_VITIS_LOOP_99_fu_97/mem_reg[5][0]_srl6_i_41__0/O
                         net (fo=65, routed)          0.659     7.938    system_i/spike_accel_0/inst/grp_sa_conv2d_bn_40_71_118_240_333_426_1_fu_666/grp_sa_conv2d_int_43_74_429_1_fu_366/grp_sa_conv2d_int_43_74_429_1_Pipeline_VITIS_LOOP_97_7_VITIS_LOOP_98_8_VITIS_LOOP_99_fu_97/m_axi_gmem2_ARVALID44399_out
    SLICE_X78Y38         LUT3 (Prop_lut3_I1_O)        0.124     8.062 f  system_i/spike_accel_0/inst/grp_sa_conv2d_bn_40_71_118_240_333_426_1_fu_666/grp_sa_conv2d_int_43_74_429_1_fu_366/grp_sa_conv2d_int_43_74_429_1_Pipeline_VITIS_LOOP_97_7_VITIS_LOOP_98_8_VITIS_LOOP_99_fu_97/mem_reg[5][0]_srl6_i_53/O
                         net (fo=35, routed)          1.040     9.102    system_i/spike_accel_0/inst/grp_sa_conv2d_bn_40_71_118_240_333_426_1_fu_666/grp_sa_conv2d_int_43_74_429_1_fu_366/grp_sa_conv2d_int_43_74_429_1_Pipeline_VITIS_LOOP_97_7_VITIS_LOOP_98_8_VITIS_LOOP_99_fu_97/mem_reg[5][0]_srl6_i_53_n_2
    SLICE_X85Y37         LUT5 (Prop_lut5_I4_O)        0.124     9.226 r  system_i/spike_accel_0/inst/grp_sa_conv2d_bn_40_71_118_240_333_426_1_fu_666/grp_sa_conv2d_int_43_74_429_1_fu_366/grp_sa_conv2d_int_43_74_429_1_Pipeline_VITIS_LOOP_97_7_VITIS_LOOP_98_8_VITIS_LOOP_99_fu_97/mem_reg[5][0]_srl6_i_42/O
                         net (fo=54, routed)          1.156    10.382    system_i/spike_accel_0/inst/grp_sa_conv2d_bn_40_71_118_240_333_426_1_fu_666/grp_sa_conv2d_int_43_74_429_1_fu_366/grp_sa_conv2d_int_43_74_429_1_Pipeline_VITIS_LOOP_97_7_VITIS_LOOP_98_8_VITIS_LOOP_99_fu_97/mem_reg[5][0]_srl6_i_42_n_2
    SLICE_X74Y45         LUT4 (Prop_lut4_I0_O)        0.124    10.506 f  system_i/spike_accel_0/inst/grp_sa_conv2d_bn_40_71_118_240_333_426_1_fu_666/grp_sa_conv2d_int_43_74_429_1_fu_366/grp_sa_conv2d_int_43_74_429_1_Pipeline_VITIS_LOOP_97_7_VITIS_LOOP_98_8_VITIS_LOOP_99_fu_97/mem_reg[5][28]_srl6_i_11__0/O
                         net (fo=1, routed)           0.547    11.053    system_i/spike_accel_0/inst/grp_sa_conv2d_bn_40_71_118_240_333_426_1_fu_666/grp_sa_conv2d_int_43_74_429_1_fu_366/grp_sa_conv2d_int_43_74_429_1_Pipeline_VITIS_LOOP_97_7_VITIS_LOOP_98_8_VITIS_LOOP_99_fu_97/mem_reg[5][28]_srl6_i_11__0_n_2
    SLICE_X79Y46         LUT3 (Prop_lut3_I0_O)        0.124    11.177 r  system_i/spike_accel_0/inst/grp_sa_conv2d_bn_40_71_118_240_333_426_1_fu_666/grp_sa_conv2d_int_43_74_429_1_fu_366/grp_sa_conv2d_int_43_74_429_1_Pipeline_VITIS_LOOP_97_7_VITIS_LOOP_98_8_VITIS_LOOP_99_fu_97/mem_reg[5][28]_srl6_i_10__0/O
                         net (fo=1, routed)           0.743    11.920    system_i/spike_accel_0/inst/grp_sa_conv2d_bn_40_71_118_240_333_426_1_fu_666/grp_sa_conv2d_int_43_74_429_1_fu_366/grp_sa_conv2d_int_43_74_429_1_Pipeline_VITIS_LOOP_97_7_VITIS_LOOP_98_8_VITIS_LOOP_99_fu_97/grp_sa_conv2d_int_43_74_429_1_fu_366_m_axi_gmem2_ARADDR[28]
    SLICE_X87Y46         LUT5 (Prop_lut5_I1_O)        0.124    12.044 r  system_i/spike_accel_0/inst/grp_sa_conv2d_bn_40_71_118_240_333_426_1_fu_666/grp_sa_conv2d_int_43_74_429_1_fu_366/grp_sa_conv2d_int_43_74_429_1_Pipeline_VITIS_LOOP_97_7_VITIS_LOOP_98_8_VITIS_LOOP_99_fu_97/mem_reg[5][28]_srl6_i_7__1/O
                         net (fo=1, routed)           0.432    12.476    system_i/spike_accel_0/inst/grp_sa_ms_all_conv_block_185_1_fu_481/grp_sa_ms_standard_conv_inplace_1_fu_570/grp_sa_conv2d_bn_40_71_118_240_333_426_535_1_fu_197/grp_sa_conv2d_int_43_74_429_536_1_fu_1003/grp_sa_conv2d_bn_40_71_118_240_333_426_1_fu_666_m_axi_gmem2_ARADDR[28]
    SLICE_X88Y47         LUT6 (Prop_lut6_I4_O)        0.124    12.600 r  system_i/spike_accel_0/inst/grp_sa_ms_all_conv_block_185_1_fu_481/grp_sa_ms_standard_conv_inplace_1_fu_570/grp_sa_conv2d_bn_40_71_118_240_333_426_535_1_fu_197/grp_sa_conv2d_int_43_74_429_536_1_fu_1003/mem_reg[5][28]_srl6_i_2__0/O
                         net (fo=1, routed)           0.292    12.893    system_i/spike_accel_0/inst/grp_sa_ms_all_conv_block_185_1_fu_481/grp_sa_ms_standard_conv_inplace_1_fu_570/grp_sa_conv2d_bn_40_71_118_240_333_426_535_1_fu_197/grp_sa_conv2d_int_43_74_429_536_1_fu_1003/mem_reg[5][28]_srl6_i_2__0_n_2
    SLICE_X89Y46         LUT6 (Prop_lut6_I0_O)        0.124    13.017 r  system_i/spike_accel_0/inst/grp_sa_ms_all_conv_block_185_1_fu_481/grp_sa_ms_standard_conv_inplace_1_fu_570/grp_sa_conv2d_bn_40_71_118_240_333_426_535_1_fu_197/grp_sa_conv2d_int_43_74_429_536_1_fu_1003/mem_reg[5][28]_srl6_i_1__0/O
                         net (fo=1, routed)           0.521    13.538    system_i/spike_accel_0/inst/gmem2_m_axi_U/load_unit_0/fifo_rreq/U_fifo_srl/in[28]
    SLICE_X86Y45         SRL16E                                       r  system_i/spike_accel_0/inst/gmem2_m_axi_U/load_unit_0/fifo_rreq/U_fifo_srl/mem_reg[5][28]_srl6/D
  -------------------------------------------------------------------    -------------------

                         (clock clk_fpga_0 rise edge)
                                                     10.000    10.000 r  
    PS7_X0Y0             PS7                          0.000    10.000 r  system_i/ps_0/inst/PS7_i/FCLKCLK[0]
                         net (fo=1, routed)           1.088    11.088    system_i/ps_0/inst/FCLK_CLK_unbuffered[0]
    BUFGCTRL_X0Y16       BUFG (Prop_bufg_I_O)         0.091    11.179 r  system_i/ps_0/inst/buffer_fclk_clk_0.FCLK_CLK_0_BUFG/O
                         net (fo=52846, routed)       1.563    12.743    system_i/spike_accel_0/inst/gmem2_m_axi_U/load_unit_0/fifo_rreq/U_fifo_srl/ap_clk
    SLICE_X86Y45         SRL16E                                       r  system_i/spike_accel_0/inst/gmem2_m_axi_U/load_unit_0/fifo_rreq/U_fifo_srl/mem_reg[5][28]_srl6/CLK
                         clock pessimism              0.230    12.972    
                         clock uncertainty           -0.154    12.818    
    SLICE_X86Y45         SRL16E (Setup_srl16e_CLK_D)
                                                     -0.044    12.774    system_i/spike_accel_0/inst/gmem2_m_axi_U/load_unit_0/fifo_rreq/U_fifo_srl/mem_reg[5][28]_srl6
  -------------------------------------------------------------------
                         required time                         12.774    
                         arrival time                         -13.538    
  -------------------------------------------------------------------
                         slack                                 -0.764    





Min Delay Paths
--------------------------------------------------------------------------------------
Slack (MET) :             0.018ns  (arrival time - required time)
  Source:                 system_i/ic_data_hp0/inst/s03_entry_pipeline/s03_mmu/inst/ar_reg_stall/skid_buffer_reg[1027]/C
                            (rising edge-triggered cell FDRE clocked by clk_fpga_0  {rise@0.000ns fall@5.000ns period=10.000ns})
  Destination:            system_i/ic_data_hp0/inst/s03_entry_pipeline/s03_mmu/inst/ar_reg_stall/m_vector_i_reg[1027]/D
                            (rising edge-triggered cell FDRE clocked by clk_fpga_0  {rise@0.000ns fall@5.000ns period=10.000ns})
  Path Group:             clk_fpga_0
  Path Type:              Hold (Min at Fast Process Corner)
  Requirement:            0.000ns  (clk_fpga_0 rise@0.000ns - clk_fpga_0 rise@0.000ns)
  Data Path Delay:        0.401ns  (logic 0.209ns (52.151%)  route 0.192ns (47.849%))
  Logic Levels:           1  (LUT3=1)
  Clock Path Skew:        0.262ns (DCD - SCD - CPR)
    Destination Clock Delay (DCD):    1.191ns
    Source Clock Delay      (SCD):    0.899ns
    Clock Pessimism Removal (CPR):    0.030ns

    Location             Delay type                Incr(ns)  Path(ns)    Netlist Resource(s)
  -------------------------------------------------------------------    -------------------
                         (clock clk_fpga_0 rise edge)
                                                      0.000     0.000 r  
    PS7_X0Y0             PS7                          0.000     0.000 r  system_i/ps_0/inst/PS7_i/FCLKCLK[0]
                         net (fo=1, routed)           0.310     0.310    system_i/ps_0/inst/FCLK_CLK_unbuffered[0]
    BUFGCTRL_X0Y16       BUFG (Prop_bufg_I_O)         0.026     0.336 r  system_i/ps_0/inst/buffer_fclk_clk_0.FCLK_CLK_0_BUFG/O
                         net (fo=52846, routed)       0.563     0.899    system_i/ic_data_hp0/inst/s03_entry_pipeline/s03_mmu/inst/ar_reg_stall/aclk
    SLICE_X38Y48         FDRE                                         r  system_i/ic_data_hp0/inst/s03_entry_pipeline/s03_mmu/inst/ar_reg_stall/skid_buffer_reg[1027]/C
  -------------------------------------------------------------------    -------------------
    SLICE_X38Y48         FDRE (Prop_fdre_C_Q)         0.164     1.063 r  system_i/ic_data_hp0/inst/s03_entry_pipeline/s03_mmu/inst/ar_reg_stall/skid_buffer_reg[1027]/Q
                         net (fo=1, routed)           0.192     1.254    system_i/ic_data_hp0/inst/s03_entry_pipeline/s03_mmu/inst/ar_reg_stall/skid_buffer_reg_n_0_[1027]
    SLICE_X36Y51         LUT3 (Prop_lut3_I0_O)        0.045     1.299 r  system_i/ic_data_hp0/inst/s03_entry_pipeline/s03_mmu/inst/ar_reg_stall/m_vector_i[1027]_i_1/O
                         net (fo=1, routed)           0.000     1.299    system_i/ic_data_hp0/inst/s03_entry_pipeline/s03_mmu/inst/ar_reg_stall/m_vector_i[1027]_i_1_n_0
    SLICE_X36Y51         FDRE                                         r  system_i/ic_data_hp0/inst/s03_entry_pipeline/s03_mmu/inst/ar_reg_stall/m_vector_i_reg[1027]/D
  -------------------------------------------------------------------    -------------------

                         (clock clk_fpga_0 rise edge)
                                                      0.000     0.000 r  
    PS7_X0Y0             PS7                          0.000     0.000 r  system_i/ps_0/inst/PS7_i/FCLKCLK[0]
                         net (fo=1, routed)           0.337     0.337    system_i/ps_0/inst/FCLK_CLK_unbuffered[0]
    BUFGCTRL_X0Y16       BUFG (Prop_bufg_I_O)         0.029     0.366 r  system_i/ps_0/inst/buffer_fclk_clk_0.FCLK_CLK_0_BUFG/O
                         net (fo=52846, routed)       0.825     1.191    system_i/ic_data_hp0/inst/s03_entry_pipeline/s03_mmu/inst/ar_reg_stall/aclk
    SLICE_X36Y51         FDRE                                         r  system_i/ic_data_hp0/inst/s03_entry_pipeline/s03_mmu/inst/ar_reg_stall/m_vector_i_reg[1027]/C
                         clock pessimism             -0.030     1.161    
    SLICE_X36Y51         FDRE (Hold_fdre_C_D)         0.120     1.281    system_i/ic_data_hp0/inst/s03_entry_pipeline/s03_mmu/inst/ar_reg_stall/m_vector_i_reg[1027]
  -------------------------------------------------------------------
                         required time                         -1.281    
                         arrival time                           1.299    
  -------------------------------------------------------------------
                         slack                                  0.018    





Pulse Width Checks
--------------------------------------------------------------------------------------
Clock Name:         clk_fpga_0
Waveform(ns):       { 0.000 5.000 }
Period(ns):         10.000
Sources:            { system_i/ps_0/inst/PS7_i/FCLKCLK[0] }

Check Type        Corner  Lib Pin      Reference Pin  Required(ns)  Actual(ns)  Slack(ns)  Location       Pin
Min Period        n/a     DSP48E1/CLK  n/a            3.884         10.000      6.116      DSP48_X2Y14    system_i/spike_accel_0/inst/grp_sa_conv2d_bn_40_71_118_240_333_426_1_fu_666/grp_sa_conv2d_int_43_74_429_1_fu_366/grp_sa_conv2d_int_43_74_429_1_Pipeline_VITIS_LOOP_97_7_VITIS_LOOP_98_8_VITIS_LOOP_99_fu_97/empty_196_reg_7522_reg/CLK
Low Pulse Width   Slow    RAMD32/CLK   n/a            1.250         5.000       3.750      SLICE_X42Y142  system_i/axi_dma_feat/U0/I_PRMRY_DATAMOVER/GEN_S2MM_FULL.I_S2MM_FULL_WRAPPER/GEN_ENABLE_INDET_BTT_SF.I_INDET_BTT/I_XD_FIFO/NON_BLK_MEM.I_SYNC_FIFOGEN_FIFO/xpm_fifo_instance.xpm_fifo_sync_inst/xpm_fifo_base_inst/gen_sdpram.xpm_memory_base_inst/gen_wr_a.gen_word_narrow.mem_reg_0_15_0_5/RAMA/CLK
High Pulse Width  Slow    RAMD32/CLK   n/a            1.250         5.000       3.750      SLICE_X42Y142  system_i/axi_dma_feat/U0/I_PRMRY_DATAMOVER/GEN_S2MM_FULL.I_S2MM_FULL_WRAPPER/GEN_ENABLE_INDET_BTT_SF.I_INDET_BTT/I_XD_FIFO/NON_BLK_MEM.I_SYNC_FIFOGEN_FIFO/xpm_fifo_instance.xpm_fifo_sync_inst/xpm_fifo_base_inst/gen_sdpram.xpm_memory_base_inst/gen_wr_a.gen_word_narrow.mem_reg_0_15_0_5/RAMA/CLK



