
****** Vivado v2024.1 (64-bit)
  **** SW Build 5076996 on Wed May 22 18:37:14 MDT 2024
  **** IP Build 5075265 on Wed May 22 21:45:21 MDT 2024
  **** SharedData Build 5076995 on Wed May 22 18:29:18 MDT 2024
  **** Start of session at: Wed May 13 23:37:12 2026
    ** Copyright 1986-2022 Xilinx, Inc. All Rights Reserved.
    ** Copyright 2022-2024 Advanced Micro Devices, Inc. All Rights Reserved.

source hw/vivado/build_bd.tcl
# set PROJECT     spike_zybo
# set OUT_DIR     [file normalize "[file dirname [info script]]/out"]
# set HLS_DIR     [file normalize "[file dirname [info script]]/../hls/build"]
# set CONSTR_DIR  [file normalize "[file dirname [info script]]/constraints"]
# set IP_REPO_DIR [file normalize "[file dirname [info script]]/ip_repo"]
# set DIGILENT_IP     [file normalize "${IP_REPO_DIR}/digilent/vivado-library"]
# set DIGILENT_BOARDS [file normalize "${IP_REPO_DIR}/digilent/vivado-boards/new/board_files"]
# set SPIKE_IP    [file normalize "${IP_REPO_DIR}/spike_accel"]
# set PART        xc7z020clg400-1
# set BOARD_PART  digilentinc.com:zybo-z7-20:part0:1.0
# if {![file exists "${HLS_DIR}/sa_tiny_fpga_top.xo"] &&
#     ![file exists "${SPIKE_IP}/sa_tiny_fpga_top.xo"]} {
#     puts "WARN: sa_tiny_fpga_top.xo not found under HLS build dir or spike_accel/."
#     puts "      Generating BD with a placeholder IP. Re-run after .xo is built."
#     set HAS_HLS_IP 0
# } else {
#     set HAS_HLS_IP 1
# }
# file mkdir $OUT_DIR
# if {[file isdirectory $DIGILENT_BOARDS]} {
#     set_param board.repoPaths [list $DIGILENT_BOARDS]
#     puts "INFO: board.repoPaths = $DIGILENT_BOARDS"
# } else {
#     puts "ERROR: vivado-boards not found at $DIGILENT_BOARDS"
#     puts "       Run hw/vivado/scripts/setup_ip_repo.sh first (it now fetches both"
#     puts "       vivado-library and vivado-boards as submodules)."
#     exit 1
# }
INFO: board.repoPaths = C:/Users/jielu/Desktop/Workspace/SpikeYOLO_FPGA/hw/vivado/ip_repo/digilent/vivado-boards/new/board_files
# create_project -force $PROJECT $OUT_DIR -part $PART
create_project: Time (s): cpu = 00:00:10 ; elapsed = 00:00:12 . Memory (MB): peak = 704.715 ; gain = 273.934
# if {[catch {set_property board_part $BOARD_PART [current_project]} _bp_err]} {
#     set _alt_bp [regsub {part0:1\.[02]$} $BOARD_PART {part0:1.2}]
#     if {$_alt_bp eq $BOARD_PART} { set _alt_bp [regsub {part0:1\.[02]$} $BOARD_PART {part0:1.0}] }
#     puts "INFO: board_part $BOARD_PART not in catalog, trying $_alt_bp"
#     set_property board_part $_alt_bp [current_project]
#     set BOARD_PART $_alt_bp
# }
INFO: board_part digilentinc.com:zybo-z7-20:part0:1.0 not in catalog, trying digilentinc.com:zybo-z7-20:part0:1.2
# unset -nocomplain _bp_err _alt_bp
# set ip_paths [list]
# if {$HAS_HLS_IP}                  { lappend ip_paths $HLS_DIR }
# if {[file isdirectory $SPIKE_IP]} { lappend ip_paths $SPIKE_IP }
# if {[file isdirectory $DIGILENT_IP]} {
#     lappend ip_paths $DIGILENT_IP
# } else {
#     puts "WARN: Digilent vivado-library not found at $DIGILENT_IP"
#     puts "      run hw/vivado/scripts/setup_ip_repo.sh before re-trying."
# }
# if {[llength $ip_paths] > 0} {
#     set_property ip_repo_paths $ip_paths [current_project]
#     update_ip_catalog
# }
INFO: [IP_Flow 19-234] Refreshing IP repositories
INFO: [IP_Flow 19-1700] Loaded user IP repository 'c:/Users/jielu/Desktop/Workspace/SpikeYOLO_FPGA/hw/hls/build'.
INFO: [IP_Flow 19-1700] Loaded user IP repository 'c:/Users/jielu/Desktop/Workspace/SpikeYOLO_FPGA/hw/vivado/ip_repo/spike_accel'.
INFO: [IP_Flow 19-1700] Loaded user IP repository 'c:/Users/jielu/Desktop/Workspace/SpikeYOLO_FPGA/hw/vivado/ip_repo/digilent/vivado-library'.
INFO: [IP_Flow 19-2313] Loaded Vivado IP repository 'E:/Applaction/Xilinx/Vivado/2024.1/data/ip'.
# create_bd_design system
Wrote  : <C:\Users\jielu\Desktop\Workspace\SpikeYOLO_FPGA\hw\vivado\out\spike_zybo.srcs\sources_1\bd\system\system.bd> 
# create_bd_cell -type ip -vlnv xilinx.com:ip:processing_system7:5.5 ps_0
# apply_bd_automation -rule xilinx.com:bd_rule:processing_system7 \
#     -config {make_external "FIXED_IO, DDR" apply_board_preset "1"} \
#     [get_bd_cells ps_0]
# set_property -dict [list \
#     CONFIG.PCW_USE_M_AXI_GP0           {1} \
#     CONFIG.PCW_USE_S_AXI_HP0           {1} \
#     CONFIG.PCW_USE_S_AXI_HP1           {1} \
#     CONFIG.PCW_USE_FABRIC_INTERRUPT    {1} \
#     CONFIG.PCW_IRQ_F2P_INTR            {1} \
#     CONFIG.PCW_EN_CLK1_PORT            {1} \
#     CONFIG.PCW_FPGA0_PERIPHERAL_FREQMHZ {90} \
#     CONFIG.PCW_FPGA1_PERIPHERAL_FREQMHZ {148.5} \
# ] [get_bd_cells ps_0]
CRITICAL WARNING: [PSU-1]  Parameter : PCW_UIPARAM_DDR_DQS_TO_CLK_DELAY_0 has negative value -0.050 . PS DDR interfaces might fail when entering negative DQS skew values. 
CRITICAL WARNING: [PSU-2]  Parameter : PCW_UIPARAM_DDR_DQS_TO_CLK_DELAY_1 has negative value -0.044 . PS DDR interfaces might fail when entering negative DQS skew values. 
CRITICAL WARNING: [PSU-3]  Parameter : PCW_UIPARAM_DDR_DQS_TO_CLK_DELAY_2 has negative value -0.035 . PS DDR interfaces might fail when entering negative DQS skew values. 
CRITICAL WARNING: [PSU-4]  Parameter : PCW_UIPARAM_DDR_DQS_TO_CLK_DELAY_3 has negative value -0.100 . PS DDR interfaces might fail when entering negative DQS skew values. 
# if {$HAS_HLS_IP} {
#     create_bd_cell -type ip -vlnv xilinx.com:hls:sa_tiny_fpga_top:1.0 spike_accel_0
# } else {
#     # Placeholder concat block keeps the BD structurally valid for M2 dry-run.
#     create_bd_cell -type ip -vlnv xilinx.com:ip:xlconstant:1.1 spike_accel_0
# }
# create_bd_cell -type ip -vlnv xilinx.com:ip:axi_dma:7.1 axi_dma_feat
# set_property -dict [list \
#     CONFIG.c_include_sg             {0} \
#     CONFIG.c_sg_length_width        {26} \
#     CONFIG.c_m_axi_mm2s_data_width  {64} \
#     CONFIG.c_m_axi_s2mm_data_width  {64} \
# ] [get_bd_cells axi_dma_feat]
# create_bd_cell -type ip -vlnv xilinx.com:ip:axi_vdma:6.3 vdma_disp
# set_property -dict [list \
#     CONFIG.c_include_mm2s           {1} \
#     CONFIG.c_include_s2mm           {0} \
#     CONFIG.c_mm2s_genlock_mode      {0} \
#     CONFIG.c_include_mm2s_dre       {1} \
#     CONFIG.c_m_axi_mm2s_data_width  {64} \
#     CONFIG.c_mm2s_max_burst_length  {256} \
# ] [get_bd_cells vdma_disp]
# create_bd_cell -type ip -vlnv xilinx.com:ip:v_tc:6.2 v_tc_0
# set_property -dict [list \
#     CONFIG.HAS_AXI4_LITE {true} \
#     CONFIG.GEN_F0_VSYNC_HSTART {1920} \
#     CONFIG.GEN_F0_VSYNC_HEND   {1920} \
#     CONFIG.GEN_F0_VFRAME_SIZE  {1125} \
#     CONFIG.GEN_F0_VSYNC_VSTART {1083} \
#     CONFIG.GEN_F0_VSYNC_VEND   {1088} \
#     CONFIG.GEN_F1_VSYNC_HSTART {1920} \
#     CONFIG.GEN_F1_VSYNC_HEND   {1920} \
#     CONFIG.GEN_F1_VFRAME_SIZE  {1125} \
#     CONFIG.GEN_F1_VSYNC_VSTART {1083} \
#     CONFIG.GEN_F1_VSYNC_VEND   {1088} \
#     CONFIG.GEN_HACTIVE_SIZE    {1920} \
#     CONFIG.GEN_HFRAME_SIZE     {2200} \
#     CONFIG.GEN_HSYNC_START     {2008} \
#     CONFIG.GEN_HSYNC_END       {2052} \
#     CONFIG.GEN_VACTIVE_SIZE    {1080} \
# ] [get_bd_cells v_tc_0]
WARNING: [IP_Flow 19-3374] An attempt to modify the value of disabled parameter 'GEN_VACTIVE_SIZE' from '720' to '1080' has been ignored for IP 'v_tc_0'
WARNING: [IP_Flow 19-3374] An attempt to modify the value of disabled parameter 'GEN_HSYNC_START' from '1390' to '2008' has been ignored for IP 'v_tc_0'
WARNING: [IP_Flow 19-3374] An attempt to modify the value of disabled parameter 'GEN_HSYNC_END' from '1430' to '2052' has been ignored for IP 'v_tc_0'
WARNING: [IP_Flow 19-3374] An attempt to modify the value of disabled parameter 'GEN_HFRAME_SIZE' from '1650' to '2200' has been ignored for IP 'v_tc_0'
WARNING: [IP_Flow 19-3374] An attempt to modify the value of disabled parameter 'GEN_HACTIVE_SIZE' from '1280' to '1920' has been ignored for IP 'v_tc_0'
WARNING: [IP_Flow 19-3374] An attempt to modify the value of disabled parameter 'GEN_F0_VSYNC_VSTART' from '724' to '1083' has been ignored for IP 'v_tc_0'
WARNING: [IP_Flow 19-3374] An attempt to modify the value of disabled parameter 'GEN_F0_VSYNC_VEND' from '729' to '1088' has been ignored for IP 'v_tc_0'
WARNING: [IP_Flow 19-3374] An attempt to modify the value of disabled parameter 'GEN_F0_VSYNC_HSTART' from '640' to '1920' has been ignored for IP 'v_tc_0'
WARNING: [IP_Flow 19-3374] An attempt to modify the value of disabled parameter 'GEN_F0_VSYNC_HEND' from '695' to '1920' has been ignored for IP 'v_tc_0'
WARNING: [IP_Flow 19-3374] An attempt to modify the value of disabled parameter 'GEN_F0_VFRAME_SIZE' from '750' to '1125' has been ignored for IP 'v_tc_0'
WARNING: [IP_Flow 19-3374] An attempt to modify the value of disabled parameter 'GEN_F1_VSYNC_VSTART' from '724' to '1083' has been ignored for IP 'v_tc_0'
WARNING: [IP_Flow 19-3374] An attempt to modify the value of disabled parameter 'GEN_F1_VSYNC_VEND' from '729' to '1088' has been ignored for IP 'v_tc_0'
WARNING: [IP_Flow 19-3374] An attempt to modify the value of disabled parameter 'GEN_F1_VSYNC_HSTART' from '695' to '1920' has been ignored for IP 'v_tc_0'
WARNING: [IP_Flow 19-3374] An attempt to modify the value of disabled parameter 'GEN_F1_VSYNC_HEND' from '695' to '1920' has been ignored for IP 'v_tc_0'
WARNING: [IP_Flow 19-3374] An attempt to modify the value of disabled parameter 'GEN_F1_VFRAME_SIZE' from '750' to '1125' has been ignored for IP 'v_tc_0'
# create_bd_cell -type ip -vlnv xilinx.com:ip:v_axis_to_video_out:4.0 vid_out
ERROR: [BD 5-390] IP definition not found for VLNV: xilinx.com:ip:v_axis_to_video_out:4.0 
ERROR: [Common 17-39] 'create_bd_cell' failed due to earlier errors.

    while executing
"create_bd_cell -type ip -vlnv xilinx.com:ip:v_axis_to_video_out:4.0 vid_out"
    (file "hw/vivado/build_bd.tcl" line 187)
INFO: [Common 17-206] Exiting Vivado at Wed May 13 23:37:40 2026...
