
****** Vivado v2024.1 (64-bit)
  **** SW Build 5076996 on Wed May 22 18:37:14 MDT 2024
  **** IP Build 5075265 on Wed May 22 21:45:21 MDT 2024
  **** SharedData Build 5076995 on Wed May 22 18:29:18 MDT 2024
  **** Start of session at: Thu May 14 09:21:03 2026
    ** Copyright 1986-2022 Xilinx, Inc. All Rights Reserved.
    ** Copyright 2022-2024 Advanced Micro Devices, Inc. All Rights Reserved.

source hw/vivado/build_bd.tcl
# set PROJECT     spike_zybo
# set OUT_DIR     [file normalize "[file dirname [info script]]/out"]
# set HLS_DIR     [file normalize "[file dirname [info script]]/../hls/build"]
# set CONSTR_DIR  [file normalize "[file dirname [info script]]/constraints"]
# set IP_REPO_DIR [file normalize "[file dirname [info script]]/ip_repo"]
# set DIGILENT_IP     [file normalize "${IP_REPO_DIR}/digilent/vivado-library"]
# set DIGILENT_BOARDS [file normalize "${IP_REPO_DIR}/digilent/vivado-boards/new/board_files"]
# set SPIKE_IP    [file normalize "${IP_REPO_DIR}/spike_accel"]
# set PART        xc7z020clg400-1
# set BOARD_PART  digilentinc.com:zybo-z7-20:part0:1.0
# if {![file exists "${HLS_DIR}/sa_tiny_fpga_top.xo"] &&
#     ![file exists "${SPIKE_IP}/sa_tiny_fpga_top.xo"]} {
#     puts "WARN: sa_tiny_fpga_top.xo not found under HLS build dir or spike_accel/."
#     puts "      Generating BD with a placeholder IP. Re-run after .xo is built."
#     set HAS_HLS_IP 0
# } else {
#     set HAS_HLS_IP 1
# }
# file mkdir $OUT_DIR
# if {[file isdirectory $DIGILENT_BOARDS]} {
#     set_param board.repoPaths [list $DIGILENT_BOARDS]
#     puts "INFO: board.repoPaths = $DIGILENT_BOARDS"
# } else {
#     puts "ERROR: vivado-boards not found at $DIGILENT_BOARDS"
#     puts "       Run hw/vivado/scripts/setup_ip_repo.sh first (it now fetches both"
#     puts "       vivado-library and vivado-boards as submodules)."
#     exit 1
# }
INFO: board.repoPaths = C:/Users/jielu/Desktop/Workspace/SpikeYOLO_FPGA/hw/vivado/ip_repo/digilent/vivado-boards/new/board_files
# create_project -force $PROJECT $OUT_DIR -part $PART
create_project: Time (s): cpu = 00:00:10 ; elapsed = 00:00:12 . Memory (MB): peak = 703.277 ; gain = 273.516
# if {[catch {set_property board_part $BOARD_PART [current_project]} _bp_err]} {
#     set _alt_bp [regsub {part0:1\.[02]$} $BOARD_PART {part0:1.2}]
#     if {$_alt_bp eq $BOARD_PART} { set _alt_bp [regsub {part0:1\.[02]$} $BOARD_PART {part0:1.0}] }
#     puts "INFO: board_part $BOARD_PART not in catalog, trying $_alt_bp"
#     set_property board_part $_alt_bp [current_project]
#     set BOARD_PART $_alt_bp
# }
INFO: board_part digilentinc.com:zybo-z7-20:part0:1.0 not in catalog, trying digilentinc.com:zybo-z7-20:part0:1.2
# unset -nocomplain _bp_err _alt_bp
# set ip_paths [list]
# if {$HAS_HLS_IP}                  { lappend ip_paths $HLS_DIR }
# if {[file isdirectory $SPIKE_IP]} { lappend ip_paths $SPIKE_IP }
# if {[file isdirectory $DIGILENT_IP]} {
#     lappend ip_paths $DIGILENT_IP
# } else {
#     puts "WARN: Digilent vivado-library not found at $DIGILENT_IP"
#     puts "      run hw/vivado/scripts/setup_ip_repo.sh before re-trying."
# }
# if {[llength $ip_paths] > 0} {
#     set_property ip_repo_paths $ip_paths [current_project]
#     update_ip_catalog
# }
INFO: [IP_Flow 19-234] Refreshing IP repositories
INFO: [IP_Flow 19-1700] Loaded user IP repository 'c:/Users/jielu/Desktop/Workspace/SpikeYOLO_FPGA/hw/hls/build'.
INFO: [IP_Flow 19-1700] Loaded user IP repository 'c:/Users/jielu/Desktop/Workspace/SpikeYOLO_FPGA/hw/vivado/ip_repo/spike_accel'.
INFO: [IP_Flow 19-1700] Loaded user IP repository 'c:/Users/jielu/Desktop/Workspace/SpikeYOLO_FPGA/hw/vivado/ip_repo/digilent/vivado-library'.
INFO: [IP_Flow 19-2313] Loaded Vivado IP repository 'E:/Applaction/Xilinx/Vivado/2024.1/data/ip'.
# set RTL_DIR [file normalize "[file dirname [info script]]/rtl"]
# if {[file exists "${RTL_DIR}/axis_to_video_bridge.v"]} {
#     add_files -norecurse [list "${RTL_DIR}/axis_to_video_bridge.v"]
#     update_compile_order -fileset sources_1
# } else {
#     puts "WARN: ${RTL_DIR}/axis_to_video_bridge.v not found - HDMI Section 10 will fail"
# }
# create_bd_design system
couldn't read file "E:/Applaction/Xilinx/Vivado/2024.1/data/rsb/design_assist/block/l_ethernet/rules.tcl": No error
ERROR: [Ip 78-90] Error in initialization of Rule object 'xilinx.com:bd_rule:l_ethernet:1.0'
couldn't read file "E:/Applaction/Xilinx/Vivado/2024.1/data/rsb/design_assist/block/microblaze/bd.tcl": No error
ERROR: [Ip 78-90] Error in initialization of Rule object 'xilinx.com:bd_rule:microblaze:1.0'
Wrote  : <C:\Users\jielu\Desktop\Workspace\SpikeYOLO_FPGA\hw\vivado\out\spike_zybo.srcs\sources_1\bd\system\system.bd> 
ERROR: [Common 17-39] 'create_bd_design' failed due to earlier errors.

    while executing
"create_bd_design system"
    (file "hw/vivado/build_bd.tcl" line 113)
INFO: [Common 17-206] Exiting Vivado at Thu May 14 09:21:34 2026...
