Copyright 1986-2022 Xilinx, Inc. All Rights Reserved. Copyright 2022-2024 Advanced Micro Devices, Inc. All Rights Reserved.
-------------------------------------------------------------------------------------------------------------------------------------------------------
| Tool Version : Vivado v.2024.1 (win64) Build 5076996 Wed May 22 18:37:14 MDT 2024
| Date         : Wed May 13 12:01:35 2026
| Host         : YizhiDianLu running 64-bit major release  (build 9200)
| Command      : report_timing_summary -file C:/Users/jielu/Desktop/Workspace/SpikeYOLO_FPGA/runs/remote_machine/post_synth_timing.rpt -delay_type max
| Design       : system_wrapper
| Device       : 7z020-clg400
| Speed File   : -1  PRODUCTION 1.12 2019-11-22
| Design State : Synthesized
-------------------------------------------------------------------------------------------------------------------------------------------------------

Timing Summary Report

------------------------------------------------------------------------------------------------
| Timer Settings
| --------------
------------------------------------------------------------------------------------------------

  Enable Multi Corner Analysis               :  Yes
  Enable Pessimism Removal                   :  Yes
  Pessimism Removal Resolution               :  Nearest Common Node
  Enable Input Delay Default Clock           :  No
  Enable Preset / Clear Arcs                 :  No
  Disable Flight Delays                      :  No
  Ignore I/O Paths                           :  No
  Timing Early Launch at Borrowing Latches   :  No
  Borrow Time for Max Delay Exceptions       :  Yes
  Merge Timing Exceptions                    :  Yes
  Inter-SLR Compensation                     :  Conservative

  Corner  Analyze    Analyze    
  Name    Max Paths  Min Paths  
  ------  ---------  ---------  
  Slow    Yes        Yes        
  Fast    Yes        Yes        


------------------------------------------------------------------------------------------------
| Report Methodology
| ------------------
------------------------------------------------------------------------------------------------

No report available as report_methodology has not been run prior. Run report_methodology on the current design for the summary of methodology violations.



check_timing report

Table of Contents
-----------------
1. checking no_clock (0)
2. checking constant_clock (0)
3. checking pulse_width_clock (0)
4. checking unconstrained_internal_endpoints (0)
5. checking no_input_delay (0)
6. checking no_output_delay (0)
7. checking multiple_clock (0)
8. checking generated_clocks (0)
9. checking loops (0)
10. checking partial_input_delay (0)
11. checking partial_output_delay (0)
12. checking latch_loops (0)

1. checking no_clock (0)
------------------------
 There are 0 register/latch pins with no clock.


2. checking constant_clock (0)
------------------------------
 There are 0 register/latch pins with constant_clock.


3. checking pulse_width_clock (0)
---------------------------------
 There are 0 register/latch pins which need pulse_width check


4. checking unconstrained_internal_endpoints (0)
------------------------------------------------
 There are 0 pins that are not constrained for maximum delay.

 There are 0 pins that are not constrained for maximum delay due to constant clock.


5. checking no_input_delay (0)
------------------------------
 There are 0 input ports with no input delay specified.

 There are 0 input ports with no input delay but user has a false path constraint.


6. checking no_output_delay (0)
-------------------------------
 There are 0 ports with no output delay specified.

 There are 0 ports with no output delay but user has a false path constraint

 There are 0 ports with no output delay but with a timing clock defined on it or propagating through it


7. checking multiple_clock (0)
------------------------------
 There are 0 register/latch pins with multiple clocks.


8. checking generated_clocks (0)
--------------------------------
 There are 0 generated clocks that are not connected to a clock source.


9. checking loops (0)
---------------------
 There are 0 combinational loops in the design.


10. checking partial_input_delay (0)
------------------------------------
 There are 0 input ports with partial input delay specified.


11. checking partial_output_delay (0)
-------------------------------------
 There are 0 ports with partial output delay specified.


12. checking latch_loops (0)
----------------------------
 There are 0 combinational latch loops in the design through latch input



------------------------------------------------------------------------------------------------
| Design Timing Summary
| ---------------------
------------------------------------------------------------------------------------------------

    WNS(ns)      TNS(ns)  TNS Failing Endpoints  TNS Total Endpoints     WPWS(ns)     TPWS(ns)  TPWS Failing Endpoints  TPWS Total Endpoints  
    -------      -------  ---------------------  -------------------     --------     --------  ----------------------  --------------------  
     -0.962      -67.816                     86               196963        2.520        0.000                       0                 83865  


Timing constraints are not met.


------------------------------------------------------------------------------------------------
| Clock Summary
| -------------
------------------------------------------------------------------------------------------------

Clock       Waveform(ns)         Period(ns)      Frequency(MHz)
-----       ------------         ----------      --------------
clk_fpga_0  {0.000 5.000}        10.000          100.000         
clk_fpga_1  {0.000 3.500}        7.000           142.857         


------------------------------------------------------------------------------------------------
| Intra Clock Table
| -----------------
------------------------------------------------------------------------------------------------

Clock             WNS(ns)      TNS(ns)  TNS Failing Endpoints  TNS Total Endpoints     WPWS(ns)     TPWS(ns)  TPWS Failing Endpoints  TPWS Total Endpoints  
-----             -------      -------  ---------------------  -------------------     --------     --------  ----------------------  --------------------  
clk_fpga_0         -0.962      -67.816                     86               196909        3.750        0.000                       0                 83823  
clk_fpga_1          4.295        0.000                      0                   54        2.520        0.000                       0                    42  


------------------------------------------------------------------------------------------------
| Inter Clock Table
| -----------------
------------------------------------------------------------------------------------------------

From Clock    To Clock          WNS(ns)      TNS(ns)  TNS Failing Endpoints  TNS Total Endpoints  
----------    --------          -------      -------  ---------------------  -------------------  


------------------------------------------------------------------------------------------------
| Other Path Groups Table
| -----------------------
------------------------------------------------------------------------------------------------

Path Group    From Clock    To Clock          WNS(ns)      TNS(ns)  TNS Failing Endpoints  TNS Total Endpoints  
----------    ----------    --------          -------      -------  ---------------------  -------------------  


------------------------------------------------------------------------------------------------
| Timing Details
| --------------
------------------------------------------------------------------------------------------------


---------------------------------------------------------------------------------------------------
From Clock:  clk_fpga_0
  To Clock:  clk_fpga_0

Setup :           86  Failing Endpoints,  Worst Slack       -0.962ns,  Total Violation      -67.816ns
Hold  :           NA  Failing Endpoints,  Worst Slack           NA  ,  Total Violation           NA
PW    :            0  Failing Endpoints,  Worst Slack        3.750ns,  Total Violation        0.000ns
---------------------------------------------------------------------------------------------------


Max Delay Paths
--------------------------------------------------------------------------------------
Slack (VIOLATED) :        -0.962ns  (required time - arrival time)
  Source:                 system_i/spike_accel_0/inst/grp_sa_conv2d_bn_40_71_118_240_333_426_1_fu_658/grp_sa_conv2d_int_43_74_429_1_fu_162/grp_sa_conv2d_int_43_74_429_1_Pipeline_VITIS_LOOP_81_7_VITIS_LOOP_82_8_VITIS_LOOP_83_fu_89/icmp_ln81_reg_18618_reg[0]_rep__0/C
                            (rising edge-triggered cell FDRE clocked by clk_fpga_0  {rise@0.000ns fall@5.000ns period=10.000ns})
  Destination:            system_i/spike_accel_0/inst/gmem2_m_axi_U/load_unit_0/fifo_rreq/U_fifo_srl/mem_reg[5][0]_srl6/D
                            (rising edge-triggered cell SRL16E clocked by clk_fpga_0  {rise@0.000ns fall@5.000ns period=10.000ns})
  Path Group:             clk_fpga_0
  Path Type:              Setup (Max at Slow Process Corner)
  Requirement:            10.000ns  (clk_fpga_0 rise@10.000ns - clk_fpga_0 rise@0.000ns)
  Data Path Delay:        10.619ns  (logic 2.013ns (18.957%)  route 8.606ns (81.043%))
  Logic Levels:           11  (LUT5=3 LUT6=8)
  Clock Path Skew:        -0.145ns (DCD - SCD + CPR)
    Destination Clock Delay (DCD):    1.505ns = ( 11.505 - 10.000 ) 
    Source Clock Delay      (SCD):    1.700ns
    Clock Pessimism Removal (CPR):    0.050ns
  Clock Uncertainty:      0.154ns  ((TSJ^2 + TIJ^2)^1/2 + DJ) / 2 + PE
    Total System Jitter     (TSJ):    0.071ns
    Total Input Jitter      (TIJ):    0.300ns
    Discrete Jitter          (DJ):    0.000ns
    Phase Error              (PE):    0.000ns

    Location             Delay type                Incr(ns)  Path(ns)    Netlist Resource(s)
  -------------------------------------------------------------------    -------------------
                         (clock clk_fpga_0 rise edge)
                                                      0.000     0.000 r  
    PS7_X0Y0             PS7                          0.000     0.000 r  system_i/ps_0/inst/PS7_i/FCLKCLK[0]
                         net (fo=1, unplaced)         0.800     0.800    system_i/ps_0/inst/FCLK_CLK_unbuffered[0]
                         BUFG (Prop_bufg_I_O)         0.101     0.901 r  system_i/ps_0/inst/buffer_fclk_clk_0.FCLK_CLK_0_BUFG/O
                         net (fo=83825, unplaced)     0.800     1.700    system_i/spike_accel_0/inst/grp_sa_conv2d_bn_40_71_118_240_333_426_1_fu_658/grp_sa_conv2d_int_43_74_429_1_fu_162/grp_sa_conv2d_int_43_74_429_1_Pipeline_VITIS_LOOP_81_7_VITIS_LOOP_82_8_VITIS_LOOP_83_fu_89/ap_clk
                         FDRE                                         r  system_i/spike_accel_0/inst/grp_sa_conv2d_bn_40_71_118_240_333_426_1_fu_658/grp_sa_conv2d_int_43_74_429_1_fu_162/grp_sa_conv2d_int_43_74_429_1_Pipeline_VITIS_LOOP_81_7_VITIS_LOOP_82_8_VITIS_LOOP_83_fu_89/icmp_ln81_reg_18618_reg[0]_rep__0/C
  -------------------------------------------------------------------    -------------------
                         FDRE (Prop_fdre_C_Q)         0.478     2.178 r  system_i/spike_accel_0/inst/grp_sa_conv2d_bn_40_71_118_240_333_426_1_fu_658/grp_sa_conv2d_int_43_74_429_1_fu_162/grp_sa_conv2d_int_43_74_429_1_Pipeline_VITIS_LOOP_81_7_VITIS_LOOP_82_8_VITIS_LOOP_83_fu_89/icmp_ln81_reg_18618_reg[0]_rep__0/Q
                         net (fo=112, unplaced)       0.908     3.086    system_i/spike_accel_0/inst/grp_sa_conv2d_bn_40_71_118_240_333_426_1_fu_658/grp_sa_conv2d_int_43_74_429_1_fu_162/grp_sa_conv2d_int_43_74_429_1_Pipeline_VITIS_LOOP_81_7_VITIS_LOOP_82_8_VITIS_LOOP_83_fu_89/icmp_ln81_reg_18618_reg[0]_rep__0_0
                         LUT5 (Prop_lut5_I0_O)        0.295     3.381 r  system_i/spike_accel_0/inst/grp_sa_conv2d_bn_40_71_118_240_333_426_1_fu_658/grp_sa_conv2d_int_43_74_429_1_fu_162/grp_sa_conv2d_int_43_74_429_1_Pipeline_VITIS_LOOP_81_7_VITIS_LOOP_82_8_VITIS_LOOP_83_fu_89/empty_448_reg_20996[16]_i_3/O
                         net (fo=16, unplaced)        0.956     4.337    system_i/spike_accel_0/inst/grp_sa_conv2d_bn_40_71_118_240_333_426_1_fu_658/grp_sa_conv2d_int_43_74_429_1_fu_162/grp_sa_conv2d_int_43_74_429_1_Pipeline_VITIS_LOOP_81_7_VITIS_LOOP_82_8_VITIS_LOOP_83_fu_89/empty_448_reg_20996[16]_i_3_n_2
                         LUT6 (Prop_lut6_I1_O)        0.124     4.461 f  system_i/spike_accel_0/inst/grp_sa_conv2d_bn_40_71_118_240_333_426_1_fu_658/grp_sa_conv2d_int_43_74_429_1_fu_162/grp_sa_conv2d_int_43_74_429_1_Pipeline_VITIS_LOOP_81_7_VITIS_LOOP_82_8_VITIS_LOOP_83_fu_89/gmem2_addr_62_reg_21295[62]_i_3/O
                         net (fo=13, unplaced)        0.499     4.960    system_i/spike_accel_0/inst/grp_sa_conv2d_bn_40_71_118_240_333_426_1_fu_658/grp_sa_conv2d_int_43_74_429_1_fu_162/grp_sa_conv2d_int_43_74_429_1_Pipeline_VITIS_LOOP_81_7_VITIS_LOOP_82_8_VITIS_LOOP_83_fu_89/gmem2_addr_62_reg_21295[62]_i_3_n_2
                         LUT6 (Prop_lut6_I5_O)        0.124     5.084 r  system_i/spike_accel_0/inst/grp_sa_conv2d_bn_40_71_118_240_333_426_1_fu_658/grp_sa_conv2d_int_43_74_429_1_fu_162/grp_sa_conv2d_int_43_74_429_1_Pipeline_VITIS_LOOP_81_7_VITIS_LOOP_82_8_VITIS_LOOP_83_fu_89/mem_reg[5][0]_srl6_i_270/O
                         net (fo=63, unplaced)        0.990     6.074    system_i/spike_accel_0/inst/grp_sa_conv2d_bn_40_71_118_240_333_426_1_fu_658/grp_sa_conv2d_int_43_74_429_1_fu_162/grp_sa_conv2d_int_43_74_429_1_Pipeline_VITIS_LOOP_81_7_VITIS_LOOP_82_8_VITIS_LOOP_83_fu_89/m_axi_gmem2_ARVALID115
                         LUT6 (Prop_lut6_I3_O)        0.124     6.198 r  system_i/spike_accel_0/inst/grp_sa_conv2d_bn_40_71_118_240_333_426_1_fu_658/grp_sa_conv2d_int_43_74_429_1_fu_162/grp_sa_conv2d_int_43_74_429_1_Pipeline_VITIS_LOOP_81_7_VITIS_LOOP_82_8_VITIS_LOOP_83_fu_89/mem_reg[5][0]_srl6_i_282__0/O
                         net (fo=1, unplaced)         0.902     7.100    system_i/spike_accel_0/inst/grp_sa_conv2d_bn_40_71_118_240_333_426_1_fu_658/grp_sa_conv2d_int_43_74_429_1_fu_162/grp_sa_conv2d_int_43_74_429_1_Pipeline_VITIS_LOOP_81_7_VITIS_LOOP_82_8_VITIS_LOOP_83_fu_89/mem_reg[5][0]_srl6_i_282__0_n_2
                         LUT5 (Prop_lut5_I2_O)        0.124     7.224 r  system_i/spike_accel_0/inst/grp_sa_conv2d_bn_40_71_118_240_333_426_1_fu_658/grp_sa_conv2d_int_43_74_429_1_fu_162/grp_sa_conv2d_int_43_74_429_1_Pipeline_VITIS_LOOP_81_7_VITIS_LOOP_82_8_VITIS_LOOP_83_fu_89/mem_reg[5][0]_srl6_i_214/O
                         net (fo=1, unplaced)         1.111     8.335    system_i/spike_accel_0/inst/grp_sa_conv2d_bn_40_71_118_240_333_426_1_fu_658/grp_sa_conv2d_int_43_74_429_1_fu_162/grp_sa_conv2d_int_43_74_429_1_Pipeline_VITIS_LOOP_81_7_VITIS_LOOP_82_8_VITIS_LOOP_83_fu_89/mem_reg[5][0]_srl6_i_214_n_2
                         LUT6 (Prop_lut6_I1_O)        0.124     8.459 r  system_i/spike_accel_0/inst/grp_sa_conv2d_bn_40_71_118_240_333_426_1_fu_658/grp_sa_conv2d_int_43_74_429_1_fu_162/grp_sa_conv2d_int_43_74_429_1_Pipeline_VITIS_LOOP_81_7_VITIS_LOOP_82_8_VITIS_LOOP_83_fu_89/mem_reg[5][0]_srl6_i_113__1/O
                         net (fo=1, unplaced)         1.111     9.570    system_i/spike_accel_0/inst/grp_sa_conv2d_bn_40_71_118_240_333_426_1_fu_658/grp_sa_conv2d_int_43_74_429_1_fu_162/grp_sa_conv2d_int_43_74_429_1_Pipeline_VITIS_LOOP_81_7_VITIS_LOOP_82_8_VITIS_LOOP_83_fu_89/mem_reg[5][0]_srl6_i_113__1_n_2
                         LUT5 (Prop_lut5_I0_O)        0.124     9.694 r  system_i/spike_accel_0/inst/grp_sa_conv2d_bn_40_71_118_240_333_426_1_fu_658/grp_sa_conv2d_int_43_74_429_1_fu_162/grp_sa_conv2d_int_43_74_429_1_Pipeline_VITIS_LOOP_81_7_VITIS_LOOP_82_8_VITIS_LOOP_83_fu_89/mem_reg[5][0]_srl6_i_53__0/O
                         net (fo=1, unplaced)         0.449    10.143    system_i/spike_accel_0/inst/grp_sa_conv2d_bn_40_71_118_240_333_426_1_fu_658/grp_sa_conv2d_int_43_74_429_1_fu_162/grp_sa_conv2d_int_43_74_429_1_Pipeline_VITIS_LOOP_81_7_VITIS_LOOP_82_8_VITIS_LOOP_83_fu_89/mem_reg[5][0]_srl6_i_53__0_n_2
                         LUT6 (Prop_lut6_I5_O)        0.124    10.267 r  system_i/spike_accel_0/inst/grp_sa_conv2d_bn_40_71_118_240_333_426_1_fu_658/grp_sa_conv2d_int_43_74_429_1_fu_162/grp_sa_conv2d_int_43_74_429_1_Pipeline_VITIS_LOOP_81_7_VITIS_LOOP_82_8_VITIS_LOOP_83_fu_89/mem_reg[5][0]_srl6_i_34__1/O
                         net (fo=1, unplaced)         0.449    10.716    system_i/spike_accel_0/inst/grp_sa_conv2d_bn_40_71_118_240_333_426_1_fu_658/grp_sa_conv2d_int_43_74_429_1_fu_162/grp_sa_conv2d_int_43_74_429_1_Pipeline_VITIS_LOOP_81_7_VITIS_LOOP_82_8_VITIS_LOOP_83_fu_89/grp_sa_conv2d_int_43_74_429_1_fu_162_m_axi_gmem2_ARADDR[0]
                         LUT6 (Prop_lut6_I0_O)        0.124    10.840 r  system_i/spike_accel_0/inst/grp_sa_conv2d_bn_40_71_118_240_333_426_1_fu_658/grp_sa_conv2d_int_43_74_429_1_fu_162/grp_sa_conv2d_int_43_74_429_1_Pipeline_VITIS_LOOP_81_7_VITIS_LOOP_82_8_VITIS_LOOP_83_fu_89/mem_reg[5][0]_srl6_i_23__1/O
                         net (fo=1, unplaced)         0.449    11.289    system_i/spike_accel_0/inst/grp_sa_ms_all_conv_block_185_1_fu_473/grp_sa_ms_standard_conv_inplace_1_fu_570/grp_sa_conv2d_bn_40_71_118_240_333_426_535_1_fu_197/grp_sa_conv2d_int_43_74_429_536_1_fu_270/grp_sa_conv2d_bn_40_71_118_240_333_426_1_fu_658_m_axi_gmem2_ARADDR[0]
                         LUT6 (Prop_lut6_I4_O)        0.124    11.413 r  system_i/spike_accel_0/inst/grp_sa_ms_all_conv_block_185_1_fu_473/grp_sa_ms_standard_conv_inplace_1_fu_570/grp_sa_conv2d_bn_40_71_118_240_333_426_535_1_fu_197/grp_sa_conv2d_int_43_74_429_536_1_fu_270/mem_reg[5][0]_srl6_i_6__1/O
                         net (fo=1, unplaced)         0.449    11.862    system_i/spike_accel_0/inst/grp_sa_ms_all_conv_block_185_1_fu_473/grp_sa_ms_standard_conv_inplace_1_fu_570/grp_sa_conv2d_bn_40_71_118_240_333_426_535_1_fu_197/grp_sa_conv2d_int_43_74_429_536_1_fu_270/mem_reg[5][0]_srl6_i_6__1_n_2
                         LUT6 (Prop_lut6_I0_O)        0.124    11.986 r  system_i/spike_accel_0/inst/grp_sa_ms_all_conv_block_185_1_fu_473/grp_sa_ms_standard_conv_inplace_1_fu_570/grp_sa_conv2d_bn_40_71_118_240_333_426_535_1_fu_197/grp_sa_conv2d_int_43_74_429_536_1_fu_270/mem_reg[5][0]_srl6_i_2__0/O
                         net (fo=1, unplaced)         0.333    12.319    system_i/spike_accel_0/inst/gmem2_m_axi_U/load_unit_0/fifo_rreq/U_fifo_srl/in[0]
                         SRL16E                                       r  system_i/spike_accel_0/inst/gmem2_m_axi_U/load_unit_0/fifo_rreq/U_fifo_srl/mem_reg[5][0]_srl6/D
  -------------------------------------------------------------------    -------------------

                         (clock clk_fpga_0 rise edge)
                                                     10.000    10.000 r  
    PS7_X0Y0             PS7                          0.000    10.000 r  system_i/ps_0/inst/PS7_i/FCLKCLK[0]
                         net (fo=1, unplaced)         0.760    10.760    system_i/ps_0/inst/FCLK_CLK_unbuffered[0]
                         BUFG (Prop_bufg_I_O)         0.091    10.851 r  system_i/ps_0/inst/buffer_fclk_clk_0.FCLK_CLK_0_BUFG/O
                         net (fo=83825, unplaced)     0.655    11.505    system_i/spike_accel_0/inst/gmem2_m_axi_U/load_unit_0/fifo_rreq/U_fifo_srl/ap_clk
                         SRL16E                                       r  system_i/spike_accel_0/inst/gmem2_m_axi_U/load_unit_0/fifo_rreq/U_fifo_srl/mem_reg[5][0]_srl6/CLK
                         clock pessimism              0.050    11.555    
                         clock uncertainty           -0.154    11.401    
                         SRL16E (Setup_srl16e_CLK_D)
                                                     -0.044    11.357    system_i/spike_accel_0/inst/gmem2_m_axi_U/load_unit_0/fifo_rreq/U_fifo_srl/mem_reg[5][0]_srl6
  -------------------------------------------------------------------
                         required time                         11.357    
                         arrival time                         -12.319    
  -------------------------------------------------------------------
                         slack                                 -0.962    





Pulse Width Checks
--------------------------------------------------------------------------------------
Clock Name:         clk_fpga_0
Waveform(ns):       { 0.000 5.000 }
Period(ns):         10.000
Sources:            { system_i/ps_0/inst/PS7_i/FCLKCLK[0] }

Check Type        Corner  Lib Pin      Reference Pin  Required(ns)  Actual(ns)  Slack(ns)  Location  Pin
Min Period        n/a     DSP48E1/CLK  n/a            3.884         10.000      6.116                system_i/spike_accel_0/inst/grp_sa_conv2d_bn_40_71_118_240_333_426_1_fu_658/grp_sa_conv2d_int_43_74_429_1_fu_162/grp_sa_conv2d_int_43_74_429_1_Pipeline_VITIS_LOOP_81_7_VITIS_LOOP_82_8_VITIS_LOOP_83_fu_89/empty_148_reg_18665_reg/CLK
Low Pulse Width   Slow    RAMD32/CLK   n/a            1.250         5.000       3.750                system_i/axi_dma_feat/U0/I_PRMRY_DATAMOVER/GEN_S2MM_FULL.I_S2MM_FULL_WRAPPER/GEN_ENABLE_INDET_BTT_SF.I_INDET_BTT/I_XD_FIFO/NON_BLK_MEM.I_SYNC_FIFOGEN_FIFO/xpm_fifo_instance.xpm_fifo_sync_inst/xpm_fifo_base_inst/gen_sdpram.xpm_memory_base_inst/gen_wr_a.gen_word_narrow.mem_reg_0_15_0_5/RAMA/CLK
High Pulse Width  Slow    RAMD32/CLK   n/a            1.250         5.000       3.750                system_i/axi_dma_feat/U0/I_PRMRY_DATAMOVER/GEN_S2MM_FULL.I_S2MM_FULL_WRAPPER/GEN_ENABLE_INDET_BTT_SF.I_INDET_BTT/I_XD_FIFO/NON_BLK_MEM.I_SYNC_FIFOGEN_FIFO/xpm_fifo_instance.xpm_fifo_sync_inst/xpm_fifo_base_inst/gen_sdpram.xpm_memory_base_inst/gen_wr_a.gen_word_narrow.mem_reg_0_15_0_5/RAMA/CLK



---------------------------------------------------------------------------------------------------
From Clock:  clk_fpga_1
  To Clock:  clk_fpga_1

Setup :            0  Failing Endpoints,  Worst Slack        4.295ns,  Total Violation        0.000ns
Hold  :           NA  Failing Endpoints,  Worst Slack           NA  ,  Total Violation           NA
PW    :            0  Failing Endpoints,  Worst Slack        2.520ns,  Total Violation        0.000ns
---------------------------------------------------------------------------------------------------


Max Delay Paths
--------------------------------------------------------------------------------------
Slack (MET) :             4.295ns  (required time - arrival time)
  Source:                 system_i/rst_clk1/U0/SEQ/seq_clr_reg/C
                            (rising edge-triggered cell FDRE clocked by clk_fpga_1  {rise@0.000ns fall@3.500ns period=7.000ns})
  Destination:            system_i/rst_clk1/U0/SEQ/SEQ_COUNTER/q_int_reg[0]/R
                            (rising edge-triggered cell FDRE clocked by clk_fpga_1  {rise@0.000ns fall@3.500ns period=7.000ns})
  Path Group:             clk_fpga_1
  Path Type:              Setup (Max at Slow Process Corner)
  Requirement:            7.000ns  (clk_fpga_1 rise@7.000ns - clk_fpga_1 rise@0.000ns)
  Data Path Delay:        1.892ns  (logic 0.773ns (40.856%)  route 1.119ns (59.144%))
  Logic Levels:           1  (LUT1=1)
  Clock Path Skew:        -0.145ns (DCD - SCD + CPR)
    Destination Clock Delay (DCD):    1.290ns = ( 8.290 - 7.000 ) 
    Source Clock Delay      (SCD):    1.485ns
    Clock Pessimism Removal (CPR):    0.050ns
  Clock Uncertainty:      0.111ns  ((TSJ^2 + TIJ^2)^1/2 + DJ) / 2 + PE
    Total System Jitter     (TSJ):    0.071ns
    Total Input Jitter      (TIJ):    0.210ns
    Discrete Jitter          (DJ):    0.000ns
    Phase Error              (PE):    0.000ns

    Location             Delay type                Incr(ns)  Path(ns)    Netlist Resource(s)
  -------------------------------------------------------------------    -------------------
                         (clock clk_fpga_1 rise edge)
                                                      0.000     0.000 r  
    PS7_X0Y0             PS7                          0.000     0.000 r  system_i/ps_0/inst/PS7_i/FCLKCLK[1]
                         net (fo=1, unplaced)         0.800     0.800    system_i/ps_0/inst/FCLK_CLK_unbuffered[1]
                         BUFG (Prop_bufg_I_O)         0.101     0.901 r  system_i/ps_0/inst/buffer_fclk_clk_1.FCLK_CLK_1_BUFG/O
                         net (fo=41, unplaced)        0.584     1.485    system_i/rst_clk1/U0/SEQ/slowest_sync_clk
                         FDRE                                         r  system_i/rst_clk1/U0/SEQ/seq_clr_reg/C
  -------------------------------------------------------------------    -------------------
                         FDRE (Prop_fdre_C_Q)         0.478     1.963 f  system_i/rst_clk1/U0/SEQ/seq_clr_reg/Q
                         net (fo=1, unplaced)         0.311     2.274    system_i/rst_clk1/U0/SEQ/SEQ_COUNTER/seq_clr
                         LUT1 (Prop_lut1_I0_O)        0.295     2.569 r  system_i/rst_clk1/U0/SEQ/SEQ_COUNTER/q_int[5]_i_1/O
                         net (fo=6, unplaced)         0.808     3.377    system_i/rst_clk1/U0/SEQ/SEQ_COUNTER/clear
                         FDRE                                         r  system_i/rst_clk1/U0/SEQ/SEQ_COUNTER/q_int_reg[0]/R
  -------------------------------------------------------------------    -------------------

                         (clock clk_fpga_1 rise edge)
                                                      7.000     7.000 r  
    PS7_X0Y0             PS7                          0.000     7.000 r  system_i/ps_0/inst/PS7_i/FCLKCLK[1]
                         net (fo=1, unplaced)         0.760     7.760    system_i/ps_0/inst/FCLK_CLK_unbuffered[1]
                         BUFG (Prop_bufg_I_O)         0.091     7.851 r  system_i/ps_0/inst/buffer_fclk_clk_1.FCLK_CLK_1_BUFG/O
                         net (fo=41, unplaced)        0.439     8.290    system_i/rst_clk1/U0/SEQ/SEQ_COUNTER/slowest_sync_clk
                         FDRE                                         r  system_i/rst_clk1/U0/SEQ/SEQ_COUNTER/q_int_reg[0]/C
                         clock pessimism              0.050     8.340    
                         clock uncertainty           -0.111     8.229    
                         FDRE (Setup_fdre_C_R)       -0.557     7.672    system_i/rst_clk1/U0/SEQ/SEQ_COUNTER/q_int_reg[0]
  -------------------------------------------------------------------
                         required time                          7.672    
                         arrival time                          -3.377    
  -------------------------------------------------------------------
                         slack                                  4.295    





Pulse Width Checks
--------------------------------------------------------------------------------------
Clock Name:         clk_fpga_1
Waveform(ns):       { 0.000 3.500 }
Period(ns):         7.000
Sources:            { system_i/ps_0/inst/PS7_i/FCLKCLK[1] }

Check Type        Corner  Lib Pin     Reference Pin  Required(ns)  Actual(ns)  Slack(ns)  Location  Pin
Min Period        n/a     BUFG/I      n/a            2.155         7.000       4.845                system_i/ps_0/inst/buffer_fclk_clk_1.FCLK_CLK_1_BUFG/I
Low Pulse Width   Slow    SRL16E/CLK  n/a            0.980         3.500       2.520                system_i/rst_clk1/U0/EXT_LPF/POR_SRL_I/CLK
High Pulse Width  Slow    SRL16E/CLK  n/a            0.980         3.500       2.520                system_i/rst_clk1/U0/EXT_LPF/POR_SRL_I/CLK



