attempting to launch hw_server

****** Xilinx hw_server v2024.1.0
  **** Build date : Mar  6 2024 at 20:50:54
    ** Copyright 1986-2022 Xilinx, Inc. All Rights Reserved.
    ** Copyright 2022-2024 Advanced Micro Devices, Inc. All Rights Reserved.

INFO: hw_server application started
INFO: Use Ctrl-C to exit hw_server application



****** Xilinx hw_server v2024.1.0

  **** Build date : Mar  6 2024 at 20:50:54

    ** Copyright 1986-2022 Xilinx, Inc. All Rights Reserved.

    ** Copyright 2022-2024 Advanced Micro Devices, Inc. All Rights Reserved.



INFO: hw_server application started

INFO: Use Ctrl-C to exit hw_server application




INFO: To connect to this hw_server instance use url: TCP:127.0.0.1:3121



==state pre-fpga==
==fpga -file==
==state post-fpga==
==attempt halt==
STOP FAIL: Cannot halt processor core, timeout
PC = pc: 00100140

CPSR = cpsr: N/A
    n: N/A   z: N/A   c: N/A   v: N/A   q: N/A  it: N/A   j: N/A  ge: N/A
    e: N/A   a: N/A   i: N/A   f: N/A   t: N/A   m: N/A

