[w9-smoke] xsdb_setup.tcl loaded. Type:  w9_smoke_run   to start.
[w9-smoke]                   or:  w9_dump_output ?path?   after a successful run.
attempting to launch hw_server

****** Xilinx hw_server v2024.1.0
  **** Build date : Mar  6 2024 at 20:50:54
    ** Copyright 1986-2022 Xilinx, Inc. All Rights Reserved.
    ** Copyright 2022-2024 Advanced Micro Devices, Inc. All Rights Reserved.

INFO: hw_server application started
INFO: Use Ctrl-C to exit hw_server application



****** Xilinx hw_server v2024.1.0

  **** Build date : Mar  6 2024 at 20:50:54

    ** Copyright 1986-2022 Xilinx, Inc. All Rights Reserved.

    ** Copyright 2022-2024 Advanced Micro Devices, Inc. All Rights Reserved.



INFO: hw_server application started

INFO: Use Ctrl-C to exit hw_server application




INFO: To connect to this hw_server instance use url: TCP:127.0.0.1:3121



==CPU running. Try APn for DDR @ 0x10845400==:
AP0: ERR unknown or ambiguous address space "AP0": must be PA
AP1: ERR unknown or ambiguous address space "AP1": must be PA
AP2: ERR unknown or ambiguous address space "AP2": must be PA
AP3: ERR unknown or ambiguous address space "AP3": must be PA
==status block via best AP==:
==Dump output to file via AP1==:
dump via AP1 fail: unknown or ambiguous address space "AP1": must be PA
