
****** Vivado v2024.1 (64-bit)
  **** SW Build 5076996 on Wed May 22 18:37:14 MDT 2024
  **** IP Build 5075265 on Wed May 22 21:45:21 MDT 2024
  **** SharedData Build 5076995 on Wed May 22 18:29:18 MDT 2024
  **** Start of session at: Wed May 13 23:38:52 2026
    ** Copyright 1986-2022 Xilinx, Inc. All Rights Reserved.
    ** Copyright 2022-2024 Advanced Micro Devices, Inc. All Rights Reserved.

source runs/remote_machine/probe_video_ips.tcl
# create_project -in_memory probe -part xc7z020clg400-1
create_project: Time (s): cpu = 00:00:07 ; elapsed = 00:00:08 . Memory (MB): peak = 628.723 ; gain = 199.094
# set_property ip_repo_paths "C:/Users/jielu/Desktop/Workspace/SpikeYOLO_FPGA/hw/vivado/ip_repo" [current_project]
# update_ip_catalog -rebuild
INFO: [IP_Flow 19-234] Refreshing IP repositories
INFO: [IP_Flow 19-1700] Loaded user IP repository 'c:/Users/jielu/Desktop/Workspace/SpikeYOLO_FPGA/hw/vivado/ip_repo'.
INFO: [IP_Flow 19-2313] Loaded Vivado IP repository 'E:/Applaction/Xilinx/Vivado/2024.1/data/ip'.
# puts "==v_axis_to_video_out=="
==v_axis_to_video_out==
WARNING: [Coretcl 2-175] No Catalog IPs found
# foreach d [get_ipdefs -filter {NAME =~ *v_axis_to_video_out*}] { puts $d }
# puts "==v_tc=="
==v_tc==
# foreach d [get_ipdefs -filter {NAME =~ *v_tc*}]                 { puts $d }
xilinx.com:ip:v_tc:6.2
# puts "==axi_vdma=="
==axi_vdma==
# foreach d [get_ipdefs -filter {NAME =~ *axi_vdma*}]             { puts $d }
xilinx.com:ip:axi_vdma:6.3
# puts "==rgb2dvi=="
==rgb2dvi==
# foreach d [get_ipdefs -filter {NAME =~ *rgb2dvi*}]              { puts $d }
digilentinc.com:ip:rgb2dvi:1.4
# puts "==v_axis_to_video_out latest VLNV=="
==v_axis_to_video_out latest VLNV==
WARNING: [Coretcl 2-175] No Catalog IPs found
# foreach d [lsort -dictionary [get_ipdefs -filter {NAME =~ *v_axis_to_video_out*}]] { puts $d }
# exit 0
INFO: [Common 17-206] Exiting Vivado at Wed May 13 23:39:09 2026...
