
****** Vivado v2024.1 (64-bit)
  **** SW Build 5076996 on Wed May 22 18:37:14 MDT 2024
  **** IP Build 5075265 on Wed May 22 21:45:21 MDT 2024
  **** SharedData Build 5076995 on Wed May 22 18:29:18 MDT 2024
  **** Start of session at: Thu May 14 10:13:33 2026
    ** Copyright 1986-2022 Xilinx, Inc. All Rights Reserved.
    ** Copyright 2022-2024 Advanced Micro Devices, Inc. All Rights Reserved.

source runs/remote_machine/probe_all_bd_rules.tcl
# create_project -in_memory probe -part xc7z020clg400-1
create_project: Time (s): cpu = 00:00:05 ; elapsed = 00:00:06 . Memory (MB): peak = 629.422 ; gain = 200.301
# set_property ip_repo_paths "C:/Users/jielu/Desktop/Workspace/SpikeYOLO_FPGA/hw/vivado/ip_repo" [current_project]
# update_ip_catalog -rebuild
INFO: [IP_Flow 19-234] Refreshing IP repositories
INFO: [IP_Flow 19-1700] Loaded user IP repository 'c:/Users/jielu/Desktop/Workspace/SpikeYOLO_FPGA/hw/vivado/ip_repo'.
INFO: [IP_Flow 19-2313] Loaded Vivado IP repository 'E:/Applaction/Xilinx/Vivado/2024.1/data/ip'.
# puts "==All xilinx.com:bd_rule defs=="
==All xilinx.com:bd_rule defs==
WARNING: [Coretcl 2-175] No Catalog IPs found
# foreach d [lsort -dictionary [get_ipdefs -filter {VLNV =~ xilinx.com:bd_rule:*}]] { puts $d }
# exit 0
INFO: [Common 17-206] Exiting Vivado at Thu May 14 10:13:46 2026...
