Step 1 csim started at 2026-05-12T15:04:38+08:00

****** Vitis HLS - High-Level Synthesis from C, C++ and OpenCL v2024.1 (64-bit)
  **** SW Build 5069499 on May 21 2024
  **** IP Build 5075265 on Wed May 22 21:45:21 MDT 2024
  **** SharedData Build 5076995 on Wed May 22 18:29:18 MDT 2024
  **** Start of session at: Tue May 12 15:04:54 2026
    ** Copyright 1986-2022 Xilinx, Inc. All Rights Reserved.
    ** Copyright 2022-2024 Advanced Micro Devices, Inc. All Rights Reserved.

source E:/Applaction/Xilinx/Vitis_HLS/2024.1/scripts/vitis_hls/hls.tcl -notrace
INFO: [HLS 200-10] For user 'jielu' on host 'yizhidianlu' (Windows NT_amd64 version 10.0) on Tue May 12 15:05:00 +0800 2026
INFO: [HLS 200-10] In directory 'C:/Users/jielu/Desktop/Workspace/SpikeYOLO_FPGA/hw/hls'
WARNING: [HLS 200-2053] The vitis_hls executable is deprecated. Consider using vitis-run --mode hls --tcl
Sourcing Tcl script 'run_csim.tcl'
== csim sa_conv2d_int ============================================
INFO: [HLS 200-1510] Running: open_project -reset csim_sa_conv2d_int 
INFO: [HLS 200-10] Creating and opening project 'C:/Users/jielu/Desktop/Workspace/SpikeYOLO_FPGA/hw/hls/csim_sa_conv2d_int'.
INFO: [HLS 200-1510] Running: set_top sa_conv2d_int 
INFO: [HLS 200-1510] Running: add_files src/conv2d_int.cpp -cflags -Iinclude -DSA_USE_HLS 
INFO: [HLS 200-10] Adding design file 'src/conv2d_int.cpp' to the project
INFO: [HLS 200-1510] Running: add_files -tb sim/tb_conv2d_int.cpp -cflags -Iinclude -Isim 
INFO: [HLS 200-10] Adding test bench file 'sim/tb_conv2d_int.cpp' to the project
INFO: [HLS 200-1510] Running: add_files -tb sim/npz_reader.cpp -cflags -Iinclude -Isim 
INFO: [HLS 200-10] Adding test bench file 'sim/npz_reader.cpp' to the project
INFO: [HLS 200-1510] Running: open_solution -reset sol1 -flow_target vivado 
INFO: [HLS 200-10] Creating and opening solution 'C:/Users/jielu/Desktop/Workspace/SpikeYOLO_FPGA/hw/hls/csim_sa_conv2d_int/sol1'.
INFO: [HLS 200-10] Cleaning up the solution database.
INFO: [HLS 200-1505] Using flow_target 'vivado'
Resolution: For help on HLS 200-1505 see docs.xilinx.com/access/sources/dita/topic?Doc_Version=2024.1%20English&url=ug1448-hls-guidance&resourceid=200-1505.html
INFO: [HLS 200-1510] Running: set_part xc7z020clg400-1 
INFO: [HLS 200-1611] Setting target device to 'xc7z020-clg400-1'
INFO: [HLS 200-1510] Running: create_clock -period 10 -name default 
INFO: [SYN 201-201] Setting up clock 'default' with a period of 10ns.
INFO: [HLS 200-1510] Running: csim_design -O -ldflags -Wl,--as-needed 
INFO: [SIM 211-2] *************** CSIM start ***************
INFO: [SIM 211-4] CSIM will launch CLANG as the compiler.
INFO: [HLS 200-2036] Building optimized C Simulation binaries
   Compiling ../../../../sim/npz_reader.cpp in release mode
   Compiling ../../../../sim/tb_conv2d_int.cpp in release mode
   Compiling ../../../../src/conv2d_int.cpp in release mode
   Generating csim.exe
In file included from ../../../../src/conv2d_int.cpp:13:
In file included from ../../../.././include/dtypes.h:13:
In file included from E:/Applaction/Xilinx/Vitis_HLS/2024.1/include/ap_int.h:10:
In file included from E:/Applaction/Xilinx/Vitis_HLS/2024.1/include/etc/ap_common.h:658:
In file included from E:/Applaction/Xilinx/Vitis_HLS/2024.1/include/etc/ap_private.h:68:
In file included from E:/Applaction/Xilinx/Vitis_HLS/2024.1/include/hls_half.h:26:
In file included from E:/Applaction/Xilinx/Vitis_HLS/2024.1/include/etc/hls_half_fpo.h:19:
In file included from E:/Applaction/Xilinx/Vitis_HLS/2024.1/include/hls_fpo.h:140:
In file included from E:/Applaction/Xilinx/Vitis_HLS/2024.1/include/floating_point_v7_1_bitacc_cmodel.h:150:
E:/Applaction/Xilinx/Vitis_HLS/2024.1/include/gmp.h:58:9: warning: '__GMP_LIBGMP_DLL' macro redefined [-Wmacro-redefined]
#define __GMP_LIBGMP_DLL  0
        ^
E:/Applaction/Xilinx/Vitis_HLS/2024.1/include/floating_point_v7_1_bitacc_cmodel.h:142:9: note: previous definition is here
#define __GMP_LIBGMP_DLL 1
        ^
1 warning generated.
[stem_real] skipping (load failed: npz_reader: cannot open tests/golden/exploded/layer_00_stem/input.npy) — run tools/ci/explode_npz.py first
[stem_3to24] OK  shape=(1,3,32,32) -> (1,24,8,8)
[pw_24to48] OK  shape=(1,24,16,16) -> (1,48,16,16)
[dw_48to48] OK  shape=(1,48,16,16) -> (1,48,16,16)
[head_1x1] OK  shape=(1,96,8,8) -> (1,84,8,8)
CSIM PASS
INFO: [SIM 211-1] CSim done with 0 errors.
INFO: [SIM 211-3] *************** CSIM finish ***************
INFO: [HLS 200-2161] Finished Command csim_design Elapsed time: 00:00:14; Allocated memory: 0.996 MB.
INFO: [HLS 200-1510] Running: close_project 
== csim sa_conv2d_bn ============================================
INFO: [HLS 200-1510] Running: open_project -reset csim_sa_conv2d_bn 
INFO: [HLS 200-10] Creating and opening project 'C:/Users/jielu/Desktop/Workspace/SpikeYOLO_FPGA/hw/hls/csim_sa_conv2d_bn'.
INFO: [HLS 200-1510] Running: set_top sa_conv2d_bn 
INFO: [HLS 200-1510] Running: add_files src/conv2d_bn.cpp -cflags -Iinclude -DSA_USE_HLS 
INFO: [HLS 200-10] Adding design file 'src/conv2d_bn.cpp' to the project
INFO: [HLS 200-1510] Running: add_files src/conv2d_int.cpp -cflags -Iinclude -DSA_USE_HLS 
INFO: [HLS 200-10] Adding design file 'src/conv2d_int.cpp' to the project
INFO: [HLS 200-1510] Running: add_files -tb sim/tb_conv2d_bn.cpp -cflags -Iinclude -Isim 
INFO: [HLS 200-10] Adding test bench file 'sim/tb_conv2d_bn.cpp' to the project
INFO: [HLS 200-1510] Running: open_solution -reset sol1 -flow_target vivado 
INFO: [HLS 200-10] Creating and opening solution 'C:/Users/jielu/Desktop/Workspace/SpikeYOLO_FPGA/hw/hls/csim_sa_conv2d_bn/sol1'.
INFO: [HLS 200-10] Cleaning up the solution database.
INFO: [HLS 200-1505] Using flow_target 'vivado'
Resolution: For help on HLS 200-1505 see docs.xilinx.com/access/sources/dita/topic?Doc_Version=2024.1%20English&url=ug1448-hls-guidance&resourceid=200-1505.html
INFO: [HLS 200-1510] Running: set_part xc7z020clg400-1 
INFO: [HLS 200-1510] Running: create_clock -period 10 -name default 
INFO: [SYN 201-201] Setting up clock 'default' with a period of 10ns.
INFO: [HLS 200-1510] Running: csim_design -O -ldflags -Wl,--as-needed 
INFO: [SIM 211-2] *************** CSIM start ***************
INFO: [SIM 211-4] CSIM will launch CLANG as the compiler.
INFO: [HLS 200-2036] Building optimized C Simulation binaries
   Compiling ../../../../sim/tb_conv2d_bn.cpp in release mode
   Compiling ../../../../src/conv2d_int.cpp in release mode
   Compiling ../../../../src/conv2d_bn.cpp in release mode
   Generating csim.exe
In file included from ../../../../src/conv2d_int.cpp:13:
In file included from ../../../.././include/dtypes.h:13:
In file included from E:/Applaction/Xilinx/Vitis_HLS/2024.1/include/ap_int.h:10:
In file included from E:/Applaction/Xilinx/Vitis_HLS/2024.1/include/etc/ap_common.h:658:
In file included from E:/Applaction/Xilinx/Vitis_HLS/2024.1/include/etc/ap_private.h:68:
In file included from E:/Applaction/Xilinx/Vitis_HLS/2024.1/include/hls_half.h:26:
In file included from E:/Applaction/Xilinx/Vitis_HLS/2024.1/include/etc/hls_half_fpo.h:19:
In file included from E:/Applaction/Xilinx/Vitis_HLS/2024.1/include/hls_fpo.h:140:
In file included from E:/Applaction/Xilinx/Vitis_HLS/2024.1/include/floating_point_v7_1_bitacc_cmodel.h:150:
E:/Applaction/Xilinx/Vitis_HLS/2024.1/include/gmp.h:58:9: warning: '__GMP_LIBGMP_DLL' macro redefined [-Wmacro-redefined]
#define __GMP_LIBGMP_DLL  0
        ^
E:/Applaction/Xilinx/Vitis_HLS/2024.1/include/floating_point_v7_1_bitacc_cmodel.h:142:9: note: previous definition is here
#define __GMP_LIBGMP_DLL 1
        ^
1 warning generated.
In file included from ../../../../src/conv2d_bn.cpp:17:
In file included from ../../../.././include/dtypes.h:13:
In file included from E:/Applaction/Xilinx/Vitis_HLS/2024.1/include/ap_int.h:10:
In file included from E:/Applaction/Xilinx/Vitis_HLS/2024.1/include/etc/ap_common.h:658:
In file included from E:/Applaction/Xilinx/Vitis_HLS/2024.1/include/etc/ap_private.h:68:
In file included from E:/Applaction/Xilinx/Vitis_HLS/2024.1/include/hls_half.h:26:
In file included from E:/Applaction/Xilinx/Vitis_HLS/2024.1/include/etc/hls_half_fpo.h:19:
In file included from E:/Applaction/Xilinx/Vitis_HLS/2024.1/include/hls_fpo.h:140:
In file included from E:/Applaction/Xilinx/Vitis_HLS/2024.1/include/floating_point_v7_1_bitacc_cmodel.h:150:
E:/Applaction/Xilinx/Vitis_HLS/2024.1/include/gmp.h:58:9: warning: '__GMP_LIBGMP_DLL' macro redefined [-Wmacro-redefined]
#define __GMP_LIBGMP_DLL  0
        ^
E:/Applaction/Xilinx/Vitis_HLS/2024.1/include/floating_point_v7_1_bitacc_cmodel.h:142:9: note: previous definition is here
#define __GMP_LIBGMP_DLL 1
        ^
1 warning generated.
[first_stem] OK
[acb_pw] OK
[acb_dw] OK
[sppf_cv] OK
CSIM PASS
INFO: [SIM 211-1] CSim done with 0 errors.
INFO: [SIM 211-3] *************** CSIM finish ***************
INFO: [HLS 200-2161] Finished Command csim_design Elapsed time: 00:00:05; Allocated memory: 0.129 MB.
INFO: [HLS 200-1510] Running: close_project 
== csim sa_lif_expand ============================================
INFO: [HLS 200-1510] Running: open_project -reset csim_sa_lif_expand 
INFO: [HLS 200-10] Creating and opening project 'C:/Users/jielu/Desktop/Workspace/SpikeYOLO_FPGA/hw/hls/csim_sa_lif_expand'.
INFO: [HLS 200-1510] Running: set_top sa_lif_expand 
INFO: [HLS 200-1510] Running: add_files src/lif_expand.cpp -cflags -Iinclude -DSA_USE_HLS 
INFO: [HLS 200-10] Adding design file 'src/lif_expand.cpp' to the project
INFO: [HLS 200-1510] Running: add_files -tb sim/tb_lif_expand.cpp -cflags -Iinclude -Isim 
INFO: [HLS 200-10] Adding test bench file 'sim/tb_lif_expand.cpp' to the project
INFO: [HLS 200-1510] Running: open_solution -reset sol1 -flow_target vivado 
INFO: [HLS 200-10] Creating and opening solution 'C:/Users/jielu/Desktop/Workspace/SpikeYOLO_FPGA/hw/hls/csim_sa_lif_expand/sol1'.
INFO: [HLS 200-10] Cleaning up the solution database.
INFO: [HLS 200-1505] Using flow_target 'vivado'
Resolution: For help on HLS 200-1505 see docs.xilinx.com/access/sources/dita/topic?Doc_Version=2024.1%20English&url=ug1448-hls-guidance&resourceid=200-1505.html
INFO: [HLS 200-1510] Running: set_part xc7z020clg400-1 
INFO: [HLS 200-1510] Running: create_clock -period 10 -name default 
INFO: [SYN 201-201] Setting up clock 'default' with a period of 10ns.
INFO: [HLS 200-1510] Running: csim_design -O -ldflags -Wl,--as-needed 
INFO: [SIM 211-2] *************** CSIM start ***************
INFO: [SIM 211-4] CSIM will launch CLANG as the compiler.
INFO: [HLS 200-2036] Building optimized C Simulation binaries
   Compiling ../../../../sim/tb_lif_expand.cpp in release mode
   Compiling ../../../../src/lif_expand.cpp in release mode
   Generating csim.exe
In file included from ../../../../src/lif_expand.cpp:14:
In file included from ../../../.././include/dtypes.h:13:
In file included from E:/Applaction/Xilinx/Vitis_HLS/2024.1/include/ap_int.h:10:
In file included from E:/Applaction/Xilinx/Vitis_HLS/2024.1/include/etc/ap_common.h:658:
In file included from E:/Applaction/Xilinx/Vitis_HLS/2024.1/include/etc/ap_private.h:68:
In file included from E:/Applaction/Xilinx/Vitis_HLS/2024.1/include/hls_half.h:26:
In file included from E:/Applaction/Xilinx/Vitis_HLS/2024.1/include/etc/hls_half_fpo.h:19:
In file included from E:/Applaction/Xilinx/Vitis_HLS/2024.1/include/hls_fpo.h:140:
In file included from E:/Applaction/Xilinx/Vitis_HLS/2024.1/include/floating_point_v7_1_bitacc_cmodel.h:150:
E:/Applaction/Xilinx/Vitis_HLS/2024.1/include/gmp.h:58:9: warning: '__GMP_LIBGMP_DLL' macro redefined [-Wmacro-redefined]
#define __GMP_LIBGMP_DLL  0
        ^
E:/Applaction/Xilinx/Vitis_HLS/2024.1/include/floating_point_v7_1_bitacc_cmodel.h:142:9: note: previous definition is here
#define __GMP_LIBGMP_DLL 1
        ^
1 warning generated.
[stem_post] OK shape=(4, 24, 16, 16)
[acb_post] OK shape=(4, 48, 8, 8)
[sppf_post] OK shape=(4, 16, 4, 4)
CSIM PASS
INFO: [SIM 211-1] CSim done with 0 errors.
INFO: [SIM 211-3] *************** CSIM finish ***************
INFO: [HLS 200-2161] Finished Command csim_design Elapsed time: 00:00:03; Allocated memory: 0.094 MB.
INFO: [HLS 200-1510] Running: close_project 
== csim sa_maxpool_or ============================================
INFO: [HLS 200-1510] Running: open_project -reset csim_sa_maxpool_or 
INFO: [HLS 200-10] Creating and opening project 'C:/Users/jielu/Desktop/Workspace/SpikeYOLO_FPGA/hw/hls/csim_sa_maxpool_or'.
INFO: [HLS 200-1510] Running: set_top sa_maxpool_or 
INFO: [HLS 200-1510] Running: add_files src/maxpool_or.cpp -cflags -Iinclude -DSA_USE_HLS 
INFO: [HLS 200-10] Adding design file 'src/maxpool_or.cpp' to the project
INFO: [HLS 200-1510] Running: add_files -tb sim/tb_maxpool_or.cpp -cflags -Iinclude -Isim 
INFO: [HLS 200-10] Adding test bench file 'sim/tb_maxpool_or.cpp' to the project
INFO: [HLS 200-1510] Running: open_solution -reset sol1 -flow_target vivado 
INFO: [HLS 200-10] Creating and opening solution 'C:/Users/jielu/Desktop/Workspace/SpikeYOLO_FPGA/hw/hls/csim_sa_maxpool_or/sol1'.
INFO: [HLS 200-10] Cleaning up the solution database.
INFO: [HLS 200-1505] Using flow_target 'vivado'
Resolution: For help on HLS 200-1505 see docs.xilinx.com/access/sources/dita/topic?Doc_Version=2024.1%20English&url=ug1448-hls-guidance&resourceid=200-1505.html
INFO: [HLS 200-1510] Running: set_part xc7z020clg400-1 
INFO: [HLS 200-1510] Running: create_clock -period 10 -name default 
INFO: [SYN 201-201] Setting up clock 'default' with a period of 10ns.
INFO: [HLS 200-1510] Running: csim_design -O -ldflags -Wl,--as-needed 
INFO: [SIM 211-2] *************** CSIM start ***************
INFO: [SIM 211-4] CSIM will launch CLANG as the compiler.
INFO: [HLS 200-2036] Building optimized C Simulation binaries
   Compiling ../../../../sim/tb_maxpool_or.cpp in release mode
   Compiling ../../../../src/maxpool_or.cpp in release mode
   Generating csim.exe
In file included from ../../../../src/maxpool_or.cpp:12:
In file included from ../../../.././include/dtypes.h:13:
In file included from E:/Applaction/Xilinx/Vitis_HLS/2024.1/include/ap_int.h:10:
In file included from E:/Applaction/Xilinx/Vitis_HLS/2024.1/include/etc/ap_common.h:658:
In file included from E:/Applaction/Xilinx/Vitis_HLS/2024.1/include/etc/ap_private.h:68:
In file included from E:/Applaction/Xilinx/Vitis_HLS/2024.1/include/hls_half.h:26:
In file included from E:/Applaction/Xilinx/Vitis_HLS/2024.1/include/etc/hls_half_fpo.h:19:
In file included from E:/Applaction/Xilinx/Vitis_HLS/2024.1/include/hls_fpo.h:140:
In file included from E:/Applaction/Xilinx/Vitis_HLS/2024.1/include/floating_point_v7_1_bitacc_cmodel.h:150:
E:/Applaction/Xilinx/Vitis_HLS/2024.1/include/gmp.h:58:9: warning: '__GMP_LIBGMP_DLL' macro redefined [-Wmacro-redefined]
#define __GMP_LIBGMP_DLL  0
        ^
E:/Applaction/Xilinx/Vitis_HLS/2024.1/include/floating_point_v7_1_bitacc_cmodel.h:142:9: note: previous definition is here
#define __GMP_LIBGMP_DLL 1
        ^
1 warning generated.
[sppf_k5] OK  shape=(4,48,16,16)  K=5
[small_k3] OK  shape=(1,16,8,8)  K=3
[big_k7] OK  shape=(4,32,32,32)  K=7
CSIM PASS
INFO: [SIM 211-1] CSim done with 0 errors.
INFO: [SIM 211-3] *************** CSIM finish ***************
INFO: [HLS 200-2161] Finished Command csim_design Elapsed time: 00:00:06; Allocated memory: 0.094 MB.
INFO: [HLS 200-1510] Running: close_project 
== csim sa_ms_downsampling ============================================
INFO: [HLS 200-1510] Running: open_project -reset csim_sa_ms_downsampling 
INFO: [HLS 200-10] Creating and opening project 'C:/Users/jielu/Desktop/Workspace/SpikeYOLO_FPGA/hw/hls/csim_sa_ms_downsampling'.
INFO: [HLS 200-1510] Running: set_top sa_ms_downsampling 
INFO: [HLS 200-1510] Running: add_files src/ms_downsampling.cpp -cflags -Iinclude -DSA_USE_HLS 
INFO: [HLS 200-10] Adding design file 'src/ms_downsampling.cpp' to the project
INFO: [HLS 200-1510] Running: add_files src/conv2d_bn.cpp -cflags -Iinclude -DSA_USE_HLS 
INFO: [HLS 200-10] Adding design file 'src/conv2d_bn.cpp' to the project
INFO: [HLS 200-1510] Running: add_files src/conv2d_int.cpp -cflags -Iinclude -DSA_USE_HLS 
INFO: [HLS 200-10] Adding design file 'src/conv2d_int.cpp' to the project
INFO: [HLS 200-1510] Running: add_files src/lif_expand.cpp -cflags -Iinclude -DSA_USE_HLS 
INFO: [HLS 200-10] Adding design file 'src/lif_expand.cpp' to the project
INFO: [HLS 200-1510] Running: add_files -tb sim/tb_ms_downsampling.cpp -cflags -Iinclude -Isim 
INFO: [HLS 200-10] Adding test bench file 'sim/tb_ms_downsampling.cpp' to the project
INFO: [HLS 200-1510] Running: add_files -tb sim/npz_reader.cpp -cflags -Iinclude -Isim 
INFO: [HLS 200-10] Adding test bench file 'sim/npz_reader.cpp' to the project
INFO: [HLS 200-1510] Running: open_solution -reset sol1 -flow_target vivado 
INFO: [HLS 200-10] Creating and opening solution 'C:/Users/jielu/Desktop/Workspace/SpikeYOLO_FPGA/hw/hls/csim_sa_ms_downsampling/sol1'.
INFO: [HLS 200-10] Cleaning up the solution database.
INFO: [HLS 200-1505] Using flow_target 'vivado'
Resolution: For help on HLS 200-1505 see docs.xilinx.com/access/sources/dita/topic?Doc_Version=2024.1%20English&url=ug1448-hls-guidance&resourceid=200-1505.html
INFO: [HLS 200-1510] Running: set_part xc7z020clg400-1 
INFO: [HLS 200-1510] Running: create_clock -period 10 -name default 
INFO: [SYN 201-201] Setting up clock 'default' with a period of 10ns.
INFO: [HLS 200-1510] Running: csim_design -O -ldflags -Wl,--as-needed 
INFO: [SIM 211-2] *************** CSIM start ***************
INFO: [SIM 211-4] CSIM will launch CLANG as the compiler.
INFO: [HLS 200-2036] Building optimized C Simulation binaries
   Compiling ../../../../sim/npz_reader.cpp in release mode
   Compiling ../../../../sim/tb_ms_downsampling.cpp in release mode
   Compiling ../../../../src/lif_expand.cpp in release mode
   Compiling ../../../../src/conv2d_int.cpp in release mode
   Compiling ../../../../src/conv2d_bn.cpp in release mode
   Compiling ../../../../src/ms_downsampling.cpp in release mode
   Generating csim.exe
In file included from ../../../../src/lif_expand.cpp:14:
In file included from ../../../.././include/dtypes.h:13:
In file included from E:/Applaction/Xilinx/Vitis_HLS/2024.1/include/ap_int.h:10:
In file included from E:/Applaction/Xilinx/Vitis_HLS/2024.1/include/etc/ap_common.h:658:
In file included from E:/Applaction/Xilinx/Vitis_HLS/2024.1/include/etc/ap_private.h:68:
In file included from E:/Applaction/Xilinx/Vitis_HLS/2024.1/include/hls_half.h:26:
In file included from E:/Applaction/Xilinx/Vitis_HLS/2024.1/include/etc/hls_half_fpo.h:19:
In file included from E:/Applaction/Xilinx/Vitis_HLS/2024.1/include/hls_fpo.h:140:
In file included from E:/Applaction/Xilinx/Vitis_HLS/2024.1/include/floating_point_v7_1_bitacc_cmodel.h:150:
E:/Applaction/Xilinx/Vitis_HLS/2024.1/include/gmp.h:58:9: warning: '__GMP_LIBGMP_DLL' macro redefined [-Wmacro-redefined]
#define __GMP_LIBGMP_DLL  0
        ^
E:/Applaction/Xilinx/Vitis_HLS/2024.1/include/floating_point_v7_1_bitacc_cmodel.h:142:9: note: previous definition is here
#define __GMP_LIBGMP_DLL 1
        ^
1 warning generated.
In file included from ../../../../src/conv2d_int.cpp:13:
In file included from ../../../.././include/dtypes.h:13:
In file included from E:/Applaction/Xilinx/Vitis_HLS/2024.1/include/ap_int.h:10:
In file included from E:/Applaction/Xilinx/Vitis_HLS/2024.1/include/etc/ap_common.h:658:
In file included from E:/Applaction/Xilinx/Vitis_HLS/2024.1/include/etc/ap_private.h:68:
In file included from E:/Applaction/Xilinx/Vitis_HLS/2024.1/include/hls_half.h:26:
In file included from E:/Applaction/Xilinx/Vitis_HLS/2024.1/include/etc/hls_half_fpo.h:19:
In file included from E:/Applaction/Xilinx/Vitis_HLS/2024.1/include/hls_fpo.h:140:
In file included from E:/Applaction/Xilinx/Vitis_HLS/2024.1/include/floating_point_v7_1_bitacc_cmodel.h:150:
E:/Applaction/Xilinx/Vitis_HLS/2024.1/include/gmp.h:58:9: warning: '__GMP_LIBGMP_DLL' macro redefined [-Wmacro-redefined]
#define __GMP_LIBGMP_DLL  0
        ^
E:/Applaction/Xilinx/Vitis_HLS/2024.1/include/floating_point_v7_1_bitacc_cmodel.h:142:9: note: previous definition is here
#define __GMP_LIBGMP_DLL 1
        ^
1 warning generated.
In file included from ../../../../src/conv2d_bn.cpp:17:
In file included from ../../../.././include/dtypes.h:13:
In file included from E:/Applaction/Xilinx/Vitis_HLS/2024.1/include/ap_int.h:10:
In file included from E:/Applaction/Xilinx/Vitis_HLS/2024.1/include/etc/ap_common.h:658:
In file included from E:/Applaction/Xilinx/Vitis_HLS/2024.1/include/etc/ap_private.h:68:
In file included from E:/Applaction/Xilinx/Vitis_HLS/2024.1/include/hls_half.h:26:
In file included from E:/Applaction/Xilinx/Vitis_HLS/2024.1/include/etc/hls_half_fpo.h:19:
In file included from E:/Applaction/Xilinx/Vitis_HLS/2024.1/include/hls_fpo.h:140:
In file included from E:/Applaction/Xilinx/Vitis_HLS/2024.1/include/floating_point_v7_1_bitacc_cmodel.h:150:
E:/Applaction/Xilinx/Vitis_HLS/2024.1/include/gmp.h:58:9: warning: '__GMP_LIBGMP_DLL' macro redefined [-Wmacro-redefined]
#define __GMP_LIBGMP_DLL  0
        ^
E:/Applaction/Xilinx/Vitis_HLS/2024.1/include/floating_point_v7_1_bitacc_cmodel.h:142:9: note: previous definition is here
#define __GMP_LIBGMP_DLL 1
        ^
1 warning generated.
In file included from ../../../../src/ms_downsampling.cpp:21:
In file included from ../../../.././include/dtypes.h:13:
In file included from E:/Applaction/Xilinx/Vitis_HLS/2024.1/include/ap_int.h:10:
In file included from E:/Applaction/Xilinx/Vitis_HLS/2024.1/include/etc/ap_common.h:658:
In file included from E:/Applaction/Xilinx/Vitis_HLS/2024.1/include/etc/ap_private.h:68:
In file included from E:/Applaction/Xilinx/Vitis_HLS/2024.1/include/hls_half.h:26:
In file included from E:/Applaction/Xilinx/Vitis_HLS/2024.1/include/etc/hls_half_fpo.h:19:
In file included from E:/Applaction/Xilinx/Vitis_HLS/2024.1/include/hls_fpo.h:140:
In file included from E:/Applaction/Xilinx/Vitis_HLS/2024.1/include/floating_point_v7_1_bitacc_cmodel.h:150:
E:/Applaction/Xilinx/Vitis_HLS/2024.1/include/gmp.h:58:9: warning: '__GMP_LIBGMP_DLL' macro redefined [-Wmacro-redefined]
#define __GMP_LIBGMP_DLL  0
        ^
E:/Applaction/Xilinx/Vitis_HLS/2024.1/include/floating_point_v7_1_bitacc_cmodel.h:142:9: note: previous definition is here
#define __GMP_LIBGMP_DLL 1
        ^
1 warning generated.
[layer_00] load FAILED: npz_reader: cannot open tests/golden/exploded/layer_00_stem/input.npy
[layer_00] Hint: run 'python tools/ci/explode_npz.py --all' and
[layer_00]       'python tools/ci/explode_npz.py models/tiny_fpga_int8.npz \
[layer_00]            --out-dir models/exploded' first.
[layer_00] golden_dir = tests/golden/exploded/layer_00_stem
[layer_00] weight_dir = models/exploded
@E Simulation failed: Function 'main' returns nonzero value '2'.
ERROR: [SIM 211-100] 'csim_design' failed: nonzero return value.
INFO: [SIM 211-3] *************** CSIM finish ***************
INFO: [HLS 200-2161] Finished Command csim_design Elapsed time: 00:00:08; Allocated memory: 0.113 MB.
4
    while executing
"source run_csim.tcl"
    ("uplevel" body line 1)
    invoked from within
"uplevel \#0 [list source $tclfile] "

INFO: [HLS 200-112] Total CPU user time: 4 seconds. Total CPU system time: 3 seconds. Total elapsed time: 50.101 seconds; peak allocated memory: 438.527 MB.
CSIM_TCL_EXIT_FAIL 
