

================================================================
== Vitis HLS Report for 'sa_ms_all_conv_block'
================================================================
* Date:           Wed May 13 09:22:23 2026

* Version:        2024.1 (Build 5069499 on May 21 2024)
* Project:        synth_sa_ms_all_conv_block
* Solution:       sol1 (Vivado IP Flow Target)
* Product family: zynq
* Target device:  xc7z020-clg400-1


================================================================
== Performance Estimates
================================================================
+ Timing: 
    * Summary: 
    +--------+----------+-----------+------------+
    |  Clock |  Target  | Estimated | Uncertainty|
    +--------+----------+-----------+------------+
    |ap_clk  |  10.00 ns|  22.270 ns|     2.70 ns|
    +--------+----------+-----------+------------+

+ Latency: 
    * Summary: 
    +---------+---------+----------+----------+-----+-----+---------+
    |  Latency (cycles) |  Latency (absolute) |  Interval | Pipeline|
    |   min   |   max   |    min   |    max   | min | max |   Type  |
    +---------+---------+----------+----------+-----+-----+---------+
    |        ?|        ?|         ?|         ?|    ?|    ?|       no|
    +---------+---------+----------+----------+-----+-----+---------+

    + Detail: 
        * Instance: 
        +------------------------------------------------------------+------------------------------------------------+---------+---------+-----------+----------+-----+-----+-----------------------------------------------+
        |                                                            |                                                |  Latency (cycles) |  Latency (absolute)  |  Interval |                    Pipeline                   |
        |                          Instance                          |                     Module                     |   min   |   max   |    min    |    max   | min | max |                      Type                     |
        +------------------------------------------------------------+------------------------------------------------+---------+---------+-----------+----------+-----+-----+-----------------------------------------------+
        |grp_sa_conv2d_bn_9_48_70_181_190_199_290_1_fu_909           |sa_conv2d_bn_9_48_70_181_190_199_290_1          |        ?|        ?|          ?|         ?|    ?|    ?|                                             no|
        |grp_sa_ms_standard_conv_inplace_fu_938                      |sa_ms_standard_conv_inplace                     |        ?|        ?|          ?|         ?|    ?|    ?|                                             no|
        |grp_sa_ms_all_conv_block_Pipeline_VITIS_LOOP_85_1_fu_968    |sa_ms_all_conv_block_Pipeline_VITIS_LOOP_85_1   |       18|        ?|   0.180 us|         ?|    2|    0|  loop auto-rewind stp(delay=0 clock cycles(s))|
        |grp_sa_ms_all_conv_block_Pipeline_VITIS_LOOP_121_1_fu_979   |sa_ms_all_conv_block_Pipeline_VITIS_LOOP_121_1  |        4|        ?|  40.000 ns|         ?|    2|    0|  loop auto-rewind stp(delay=0 clock cycles(s))|
        |grp_sa_conv2d_bn_9_48_70_181_190_199_1_fu_988               |sa_conv2d_bn_9_48_70_181_190_199_1              |        ?|        ?|          ?|         ?|    ?|    ?|                                             no|
        |grp_sa_ms_all_conv_block_Pipeline_VITIS_LOOP_85_11_fu_1015  |sa_ms_all_conv_block_Pipeline_VITIS_LOOP_85_11  |        ?|        ?|          ?|         ?|    0|    0|  loop auto-rewind stp(delay=0 clock cycles(s))|
        +------------------------------------------------------------+------------------------------------------------+---------+---------+-----------+----------+-----+-----+-----------------------------------------------+

        * Loop: 
        +-----------------------------------+---------+---------+----------+-----------+-----------+------+----------+
        |                                   |  Latency (cycles) | Iteration|  Initiation Interval  | Trip |          |
        |             Loop Name             |   min   |   max   |  Latency |  achieved |   target  | Count| Pipelined|
        +-----------------------------------+---------+---------+----------+-----------+-----------+------+----------+
        |- VITIS_LOOP_36_1_VITIS_LOOP_37_2  |        ?|        ?|         ?|          -|          -|     ?|        no|
        | + VITIS_LOOP_42_3                 |        ?|        ?|        23|          -|          -|     ?|        no|
        |- VITIS_LOOP_36_1_VITIS_LOOP_37_2  |        ?|        ?|         ?|          -|          -|     ?|        no|
        | + VITIS_LOOP_42_3                 |        ?|        ?|        23|          -|          -|     ?|        no|
        |- VITIS_LOOP_36_1_VITIS_LOOP_37_2  |        ?|        ?|         ?|          -|          -|     ?|        no|
        | + VITIS_LOOP_42_3                 |        ?|        ?|        23|          -|          -|     ?|        no|
        +-----------------------------------+---------+---------+----------+-----------+-----------+------+----------+



================================================================
== Utilization Estimates
================================================================
* Summary: 
+-----------------+---------+-----+--------+-------+-----+
|       Name      | BRAM_18K| DSP |   FF   |  LUT  | URAM|
+-----------------+---------+-----+--------+-------+-----+
|DSP              |        -|    -|       -|      -|    -|
|Expression       |        -|    -|       0|   5932|    -|
|FIFO             |        -|    -|       -|      -|    -|
|Instance         |       14|  441|  106655|  93234|    -|
|Memory           |        -|    -|       -|      -|    -|
|Multiplexer      |        -|    -|       0|   3372|    -|
|Register         |        -|    -|    8175|      -|    -|
+-----------------+---------+-----+--------+-------+-----+
|Total            |       14|  441|  114830| 102538|    0|
+-----------------+---------+-----+--------+-------+-----+
|Available        |      280|  220|  106400|  53200|    0|
+-----------------+---------+-----+--------+-------+-----+
|Utilization (%)  |        5|  200|     107|    192|    0|
+-----------------+---------+-----+--------+-------+-----+

+ Detail: 
    * Instance: 
    +------------------------------------------------------------+------------------------------------------------+---------+-----+-------+-------+-----+
    |                          Instance                          |                     Module                     | BRAM_18K| DSP |   FF  |  LUT  | URAM|
    +------------------------------------------------------------+------------------------------------------------+---------+-----+-------+-------+-----+
    |control_r_s_axi_U                                           |control_r_s_axi                                 |        0|    0|   1850|   3368|    0|
    |control_s_axi_U                                             |control_s_axi                                   |        0|    0|    568|    936|    0|
    |gmem0_m_axi_U                                               |gmem0_m_axi                                     |        2|    0|    671|    657|    0|
    |gmem1_m_axi_U                                               |gmem1_m_axi                                     |        4|    0|    824|    723|    0|
    |gmem2_m_axi_U                                               |gmem2_m_axi                                     |        1|    0|    707|    777|    0|
    |gmem3_m_axi_U                                               |gmem3_m_axi                                     |        2|    0|    671|    657|    0|
    |gmem4_m_axi_U                                               |gmem4_m_axi                                     |        1|    0|    707|    777|    0|
    |gmem5_m_axi_U                                               |gmem5_m_axi                                     |        4|    0|    824|    723|    0|
    |mul_31ns_32s_32_2_1_U228                                    |mul_31ns_32s_32_2_1                             |        0|    3|    165|     50|    0|
    |mul_32ns_32ns_64_2_1_U229                                   |mul_32ns_32ns_64_2_1                            |        0|    4|    165|     50|    0|
    |mul_32s_32s_32_2_1_U230                                     |mul_32s_32s_32_2_1                              |        0|    3|    165|     50|    0|
    |mul_32s_32s_32_2_1_U231                                     |mul_32s_32s_32_2_1                              |        0|    3|    165|     50|    0|
    |mul_32s_32s_32_2_1_U232                                     |mul_32s_32s_32_2_1                              |        0|    3|    165|     50|    0|
    |mul_32s_32s_32_2_1_U233                                     |mul_32s_32s_32_2_1                              |        0|    3|    165|     50|    0|
    |mul_32s_32s_32_2_1_U234                                     |mul_32s_32s_32_2_1                              |        0|    3|    165|     50|    0|
    |mul_32s_32s_32_2_1_U235                                     |mul_32s_32s_32_2_1                              |        0|    3|    165|     50|    0|
    |mul_62s_32s_62_5_1_U236                                     |mul_62s_32s_62_5_1                              |        0|    7|    429|    244|    0|
    |grp_sa_conv2d_bn_9_48_70_181_190_199_1_fu_988               |sa_conv2d_bn_9_48_70_181_190_199_1              |        0|  119|  25000|  21768|    0|
    |grp_sa_conv2d_bn_9_48_70_181_190_199_290_1_fu_909           |sa_conv2d_bn_9_48_70_181_190_199_290_1          |        0|  132|  25296|  21977|    0|
    |grp_sa_ms_all_conv_block_Pipeline_VITIS_LOOP_121_1_fu_979   |sa_ms_all_conv_block_Pipeline_VITIS_LOOP_121_1  |        0|    0|     68|    136|    0|
    |grp_sa_ms_all_conv_block_Pipeline_VITIS_LOOP_85_1_fu_968    |sa_ms_all_conv_block_Pipeline_VITIS_LOOP_85_1   |        0|    0|    288|    316|    0|
    |grp_sa_ms_all_conv_block_Pipeline_VITIS_LOOP_85_11_fu_1015  |sa_ms_all_conv_block_Pipeline_VITIS_LOOP_85_11  |        0|    0|    288|    317|    0|
    |grp_sa_ms_standard_conv_inplace_fu_938                      |sa_ms_standard_conv_inplace                     |        0|  158|  33446|  29030|    0|
    |sdiv_32ns_32s_32_36_1_U237                                  |sdiv_32ns_32s_32_36_1                           |        0|    0|   2283|   1738|    0|
    |sdiv_32ns_32s_32_36_1_U239                                  |sdiv_32ns_32s_32_36_1                           |        0|    0|   2283|   1738|    0|
    |sdiv_32ns_32s_32_36_1_U241                                  |sdiv_32ns_32s_32_36_1                           |        0|    0|   2283|   1738|    0|
    |srem_32ns_32s_32_36_1_U238                                  |srem_32ns_32s_32_36_1                           |        0|    0|   2283|   1738|    0|
    |srem_32ns_32s_32_36_1_U240                                  |srem_32ns_32s_32_36_1                           |        0|    0|   2283|   1738|    0|
    |srem_32ns_32s_32_36_1_U242                                  |srem_32ns_32s_32_36_1                           |        0|    0|   2283|   1738|    0|
    +------------------------------------------------------------+------------------------------------------------+---------+-----+-------+-------+-----+
    |Total                                                       |                                                |       14|  441| 106655|  93234|    0|
    +------------------------------------------------------------+------------------------------------------------+---------+-----+-------+-------+-----+

    * DSP: 
    N/A

    * Memory: 
    N/A

    * FIFO: 
    N/A

    * Expression: 
    +--------------------------+----------+----+---+----+------------+------------+
    |       Variable Name      | Operation| DSP| FF| LUT| Bitwidth P0| Bitwidth P1|
    +--------------------------+----------+----+---+----+------------+------------+
    |add_ln36203_fu_1202_p2    |         +|   0|  0|  38|          31|           1|
    |add_ln36_10_fu_1872_p2    |         +|   0|  0|  39|          32|          32|
    |add_ln36_11_fu_1877_p2    |         +|   0|  0|  39|          32|          32|
    |add_ln36_12_fu_1882_p2    |         +|   0|  0|  39|          32|          32|
    |add_ln36_13_fu_2431_p2    |         +|   0|  0|  71|          64|           1|
    |add_ln36_14_fu_2477_p2    |         +|   0|  0|  39|          32|          32|
    |add_ln36_15_fu_2482_p2    |         +|   0|  0|  39|          32|          32|
    |add_ln36_16_fu_2487_p2    |         +|   0|  0|  39|          32|          32|
    |add_ln36_17_fu_2460_p2    |         +|   0|  0|  38|          31|           1|
    |add_ln36_5_fu_1219_p2     |         +|   0|  0|  39|          32|          32|
    |add_ln36_6_fu_1224_p2     |         +|   0|  0|  39|          32|          32|
    |add_ln36_7_fu_1229_p2     |         +|   0|  0|  39|          32|          32|
    |add_ln36_8_fu_1826_p2     |         +|   0|  0|  71|          64|           1|
    |add_ln36_9_fu_1855_p2     |         +|   0|  0|  38|          31|           1|
    |add_ln36_fu_1173_p2       |         +|   0|  0|  71|          64|           1|
    |add_ln37_1_fu_1943_p2     |         +|   0|  0|  38|          31|           1|
    |add_ln37_2_fu_2548_p2     |         +|   0|  0|  38|          31|           1|
    |add_ln37_fu_1290_p2       |         +|   0|  0|  38|          31|           1|
    |add_ln42_1_fu_1907_p2     |         +|   0|  0|  38|          31|           1|
    |add_ln42_2_fu_2512_p2     |         +|   0|  0|  38|          31|           1|
    |add_ln42_fu_1254_p2       |         +|   0|  0|  38|          31|           1|
    |add_ln43_10_fu_1968_p2    |         +|   0|  0|  69|          62|          62|
    |add_ln43_11_fu_1973_p2    |         +|   0|  0|  69|          62|          62|
    |add_ln43_12_fu_1986_p2    |         +|   0|  0|  71|          64|          64|
    |add_ln43_14_fu_2523_p2    |         +|   0|  0|  69|          62|          62|
    |add_ln43_15_fu_2573_p2    |         +|   0|  0|  69|          62|          62|
    |add_ln43_16_fu_2578_p2    |         +|   0|  0|  69|          62|          62|
    |add_ln43_17_fu_2591_p2    |         +|   0|  0|  71|          64|          64|
    |add_ln43_18_fu_1913_p2    |         +|   0|  0|  69|          62|          62|
    |add_ln43_20_fu_2518_p2    |         +|   0|  0|  69|          62|          62|
    |add_ln43_5_fu_1315_p2     |         +|   0|  0|  69|          62|          62|
    |add_ln43_6_fu_1320_p2     |         +|   0|  0|  69|          62|          62|
    |add_ln43_7_fu_1333_p2     |         +|   0|  0|  71|          64|          64|
    |add_ln43_8_fu_1260_p2     |         +|   0|  0|  69|          62|          62|
    |add_ln43_9_fu_1918_p2     |         +|   0|  0|  69|          62|          62|
    |add_ln43_fu_1265_p2       |         +|   0|  0|  69|          62|          62|
    |add_ln55_12_fu_1369_p2    |         +|   0|  0|  39|          32|          32|
    |add_ln55_13_fu_1378_p2    |         +|   0|  0|  71|          64|          64|
    |add_ln55_14_fu_1275_p2    |         +|   0|  0|  39|          32|          32|
    |add_ln55_15_fu_1407_p2    |         +|   0|  0|  39|          32|          32|
    |add_ln55_16_fu_1510_p2    |         +|   0|  0|  71|          64|          64|
    |add_ln55_17_fu_1280_p2    |         +|   0|  0|  39|          32|          32|
    |add_ln55_18_fu_1412_p2    |         +|   0|  0|  39|          32|          32|
    |add_ln55_19_fu_1589_p2    |         +|   0|  0|  71|          64|          64|
    |add_ln55_20_fu_1285_p2    |         +|   0|  0|  39|          32|          32|
    |add_ln55_21_fu_1417_p2    |         +|   0|  0|  39|          32|          32|
    |add_ln55_22_fu_1654_p2    |         +|   0|  0|  71|          64|          64|
    |add_ln55_23_fu_1923_p2    |         +|   0|  0|  39|          32|          32|
    |add_ln55_24_fu_2022_p2    |         +|   0|  0|  39|          32|          32|
    |add_ln55_25_fu_2031_p2    |         +|   0|  0|  71|          64|          64|
    |add_ln55_26_fu_1928_p2    |         +|   0|  0|  39|          32|          32|
    |add_ln55_27_fu_2060_p2    |         +|   0|  0|  39|          32|          32|
    |add_ln55_28_fu_2163_p2    |         +|   0|  0|  71|          64|          64|
    |add_ln55_29_fu_1933_p2    |         +|   0|  0|  39|          32|          32|
    |add_ln55_30_fu_2065_p2    |         +|   0|  0|  39|          32|          32|
    |add_ln55_31_fu_2242_p2    |         +|   0|  0|  71|          64|          64|
    |add_ln55_32_fu_1938_p2    |         +|   0|  0|  39|          32|          32|
    |add_ln55_33_fu_2070_p2    |         +|   0|  0|  39|          32|          32|
    |add_ln55_34_fu_2307_p2    |         +|   0|  0|  71|          64|          64|
    |add_ln55_35_fu_2528_p2    |         +|   0|  0|  39|          32|          32|
    |add_ln55_36_fu_2627_p2    |         +|   0|  0|  39|          32|          32|
    |add_ln55_37_fu_2636_p2    |         +|   0|  0|  71|          64|          64|
    |add_ln55_38_fu_2533_p2    |         +|   0|  0|  39|          32|          32|
    |add_ln55_39_fu_2665_p2    |         +|   0|  0|  39|          32|          32|
    |add_ln55_40_fu_2674_p2    |         +|   0|  0|  71|          64|          64|
    |add_ln55_41_fu_2538_p2    |         +|   0|  0|  39|          32|          32|
    |add_ln55_42_fu_2703_p2    |         +|   0|  0|  39|          32|          32|
    |add_ln55_43_fu_2712_p2    |         +|   0|  0|  71|          64|          64|
    |add_ln55_44_fu_2543_p2    |         +|   0|  0|  39|          32|          32|
    |add_ln55_45_fu_2741_p2    |         +|   0|  0|  39|          32|          32|
    |add_ln55_46_fu_2750_p2    |         +|   0|  0|  71|          64|          64|
    |add_ln55_fu_1270_p2       |         +|   0|  0|  39|          32|          32|
    |mem_2_fu_1358_p2          |         +|   0|  0|  39|          32|          32|
    |mem_4_fu_2011_p2          |         +|   0|  0|  39|          32|          32|
    |mem_6_fu_2616_p2          |         +|   0|  0|  39|          32|          32|
    |mul26_3_i_i9_fu_2402_p2   |         -|   0|  0|  39|          32|          32|
    |mul26_3_i_i_i_fu_1138_p2  |         -|   0|  0|  39|          32|          32|
    |ap_block_state110         |       and|   0|  0|   2|           1|           1|
    |ap_block_state86_io       |       and|   0|  0|   2|           1|           1|
    |icmp_ln36_1_fu_1820_p2    |      icmp|   0|  0|  71|          64|          64|
    |icmp_ln36_2_fu_2425_p2    |      icmp|   0|  0|  71|          64|          64|
    |icmp_ln36_fu_1167_p2      |      icmp|   0|  0|  71|          64|          64|
    |icmp_ln37_1_fu_1815_p2    |      icmp|   0|  0|  39|          32|          32|
    |icmp_ln37_2_fu_2420_p2    |      icmp|   0|  0|  39|          32|          32|
    |icmp_ln37_fu_1162_p2      |      icmp|   0|  0|  39|          32|          32|
    |icmp_ln42_1_fu_1902_p2    |      icmp|   0|  0|  39|          32|          32|
    |icmp_ln42_2_fu_2507_p2    |      icmp|   0|  0|  39|          32|          32|
    |icmp_ln42_fu_1249_p2      |      icmp|   0|  0|  39|          32|          32|
    |icmp_ln48_1_fu_2016_p2    |      icmp|   0|  0|  39|          32|           3|
    |icmp_ln48_2_fu_2621_p2    |      icmp|   0|  0|  39|          32|           3|
    |icmp_ln48_fu_1363_p2      |      icmp|   0|  0|  39|          32|           3|
    |icmp_ln56_10_fu_2864_p2   |      icmp|   0|  0|  11|           3|           2|
    |icmp_ln56_3_fu_1501_p2    |      icmp|   0|  0|  10|           2|           1|
    |icmp_ln56_4_fu_1539_p2    |      icmp|   0|  0|  11|           3|           2|
    |icmp_ln56_5_fu_2108_p2    |      icmp|   0|  0|  11|           3|           1|
    |icmp_ln56_6_fu_2154_p2    |      icmp|   0|  0|  10|           2|           1|
    |icmp_ln56_7_fu_2192_p2    |      icmp|   0|  0|  11|           3|           2|
    |icmp_ln56_8_fu_2812_p2    |      icmp|   0|  0|  11|           3|           1|
    |icmp_ln56_9_fu_2858_p2    |      icmp|   0|  0|  10|           2|           1|
    |icmp_ln56_fu_1455_p2      |      icmp|   0|  0|  11|           3|           1|
    |icmp_ln85_fu_1726_p2      |      icmp|   0|  0|  39|          32|           1|
    |ap_block_state175_io      |        or|   0|  0|   2|           1|           1|
    |or_ln47_1_fu_2095_p2      |        or|   0|  0|   2|           1|           1|
    |or_ln47_2_fu_2799_p2      |        or|   0|  0|   2|           1|           1|
    |or_ln47_fu_1442_p2        |        or|   0|  0|   2|           1|           1|
    |empty_108_fu_2984_p3      |    select|   0|  0|  31|           1|          31|
    |select_ln36_2_fu_1179_p3  |    select|   0|  0|  31|           1|          31|
    |select_ln36_3_fu_1861_p3  |    select|   0|  0|  31|           1|          31|
    |select_ln36_4_fu_1832_p3  |    select|   0|  0|  31|           1|          31|
    |select_ln36_5_fu_2466_p3  |    select|   0|  0|  31|           1|          31|
    |select_ln36_6_fu_2437_p3  |    select|   0|  0|  31|           1|          31|
    |select_ln36_fu_1208_p3    |    select|   0|  0|  31|           1|          31|
    |select_ln47_3_fu_2087_p3  |    select|   0|  0|   4|           1|           1|
    |select_ln47_5_fu_2791_p3  |    select|   0|  0|   4|           1|           1|
    |select_ln47_fu_1434_p3    |    select|   0|  0|   4|           1|           1|
    |sp_11_fu_1948_p3          |    select|   0|  0|  31|           1|          31|
    |sp_12_fu_2553_p3          |    select|   0|  0|  31|           1|          31|
    |sp_6_fu_1295_p3           |    select|   0|  0|  31|           1|          31|
    |v_1_fu_2100_p3            |    select|   0|  0|   3|           1|           3|
    |v_2_fu_2804_p3            |    select|   0|  0|   3|           1|           3|
    |v_fu_1447_p3              |    select|   0|  0|   3|           1|           3|
    |shl_ln55_11_fu_1485_p2    |       shl|   0|  0|  71|          25|          25|
    |shl_ln55_12_fu_1563_p2    |       shl|   0|  0|   9|           1|           4|
    |shl_ln55_13_fu_1580_p2    |       shl|   0|  0|  71|          25|          25|
    |shl_ln55_14_fu_1628_p2    |       shl|   0|  0|   9|           1|           4|
    |shl_ln55_15_fu_1645_p2    |       shl|   0|  0|  71|          25|          25|
    |shl_ln55_16_fu_1693_p2    |       shl|   0|  0|   9|           1|           4|
    |shl_ln55_17_fu_1710_p2    |       shl|   0|  0|  71|          25|          25|
    |shl_ln55_18_fu_2121_p2    |       shl|   0|  0|   9|           1|           4|
    |shl_ln55_19_fu_2138_p2    |       shl|   0|  0|  71|          25|          25|
    |shl_ln55_20_fu_2216_p2    |       shl|   0|  0|   9|           1|           4|
    |shl_ln55_21_fu_2233_p2    |       shl|   0|  0|  71|          25|          25|
    |shl_ln55_22_fu_2281_p2    |       shl|   0|  0|   9|           1|           4|
    |shl_ln55_23_fu_2298_p2    |       shl|   0|  0|  71|          25|          25|
    |shl_ln55_24_fu_2346_p2    |       shl|   0|  0|   9|           1|           4|
    |shl_ln55_25_fu_2363_p2    |       shl|   0|  0|  71|          25|          25|
    |shl_ln55_26_fu_2825_p2    |       shl|   0|  0|   9|           1|           4|
    |shl_ln55_27_fu_2842_p2    |       shl|   0|  0|  71|          25|          25|
    |shl_ln55_28_fu_2888_p2    |       shl|   0|  0|   9|           1|           4|
    |shl_ln55_29_fu_2905_p2    |       shl|   0|  0|  71|          25|          25|
    |shl_ln55_30_fu_2921_p2    |       shl|   0|  0|   9|           1|           4|
    |shl_ln55_31_fu_2938_p2    |       shl|   0|  0|  71|          25|          25|
    |shl_ln55_32_fu_2954_p2    |       shl|   0|  0|   9|           1|           4|
    |shl_ln55_34_fu_2971_p2    |       shl|   0|  0|  71|          25|          25|
    |shl_ln55_fu_1468_p2       |       shl|   0|  0|   9|           1|           4|
    +--------------------------+----------+----+---+----+------------+------------+
    |Total                     |          |   0|  0|5932|        4261|        4014|
    +--------------------------+----------+----+---+----+------------+------------+

    * Multiplexer: 
    +-------------------------------------------------------------+------+-----------+-----+-----------+
    |                             Name                            |  LUT | Input Size| Bits| Total Bits|
    +-------------------------------------------------------------+------+-----------+-----+-----------+
    |ap_NS_fsm                                                    |  1439|        271|    1|        271|
    |c_1_fu_306                                                   |     9|          2|   31|         62|
    |c_2_fu_318                                                   |     9|          2|   31|         62|
    |c_fu_294                                                     |     9|          2|   31|         62|
    |gmem0_ARADDR                                                 |    20|          4|   64|        256|
    |gmem0_ARLEN                                                  |    20|          4|   32|        128|
    |gmem0_ARVALID                                                |    14|          3|    1|          3|
    |gmem0_RREADY                                                 |    14|          3|    1|          3|
    |gmem0_blk_n_AR                                               |     9|          2|    1|          2|
    |gmem0_blk_n_R                                                |     9|          2|    1|          2|
    |gmem1_ARVALID                                                |     9|          2|    1|          2|
    |gmem1_AWADDR                                                 |    14|          3|   64|        192|
    |gmem1_AWLEN                                                  |    14|          3|   32|         96|
    |gmem1_AWVALID                                                |    14|          3|    1|          3|
    |gmem1_BREADY                                                 |    14|          3|    1|          3|
    |gmem1_RREADY                                                 |     9|          2|    1|          2|
    |gmem1_WDATA                                                  |    14|          3|   32|         96|
    |gmem1_WSTRB                                                  |    14|          3|    4|         12|
    |gmem1_WVALID                                                 |    14|          3|    1|          3|
    |gmem2_ARADDR                                                 |    20|          4|   64|        256|
    |gmem2_ARLEN                                                  |    20|          4|   32|        128|
    |gmem2_ARVALID                                                |    20|          4|    1|          4|
    |gmem2_RREADY                                                 |    20|          4|    1|          4|
    |gmem3_ARADDR                                                 |    20|          4|   64|        256|
    |gmem3_ARLEN                                                  |    20|          4|   32|        128|
    |gmem3_ARVALID                                                |    20|          4|    1|          4|
    |gmem3_RREADY                                                 |    20|          4|    1|          4|
    |gmem4_ARADDR                                                 |    20|          4|   64|        256|
    |gmem4_ARLEN                                                  |    20|          4|   32|        128|
    |gmem4_ARVALID                                                |    20|          4|    1|          4|
    |gmem4_RREADY                                                 |    20|          4|    1|          4|
    |gmem5_ARADDR                                                 |    59|         11|   64|        704|
    |gmem5_ARLEN                                                  |    53|         10|   32|        320|
    |gmem5_ARVALID                                                |    42|          8|    1|          8|
    |gmem5_AWADDR                                                 |    93|         19|   64|       1216|
    |gmem5_AWLEN                                                  |    42|          8|   32|        256|
    |gmem5_AWVALID                                                |    37|          7|    1|          7|
    |gmem5_BREADY                                                 |    37|          7|    1|          7|
    |gmem5_RREADY                                                 |    42|          8|    1|          8|
    |gmem5_WDATA                                                  |    87|         18|   32|        576|
    |gmem5_WSTRB                                                  |    87|         18|    4|         72|
    |gmem5_WVALID                                                 |    37|          7|    1|          7|
    |gmem5_blk_n_AR                                               |     9|          2|    1|          2|
    |gmem5_blk_n_AW                                               |     9|          2|    1|          2|
    |gmem5_blk_n_B                                                |     9|          2|    1|          2|
    |gmem5_blk_n_R                                                |     9|          2|    1|          2|
    |gmem5_blk_n_W                                                |     9|          2|    1|          2|
    |grp_fu_1026_ce                                               |     9|          2|    1|          2|
    |grp_fu_1026_p0                                               |    25|          5|   31|        155|
    |grp_fu_1026_p1                                               |    14|          3|   32|         96|
    |grp_fu_1030_ce                                               |    14|          3|    1|          3|
    |grp_fu_1030_p0                                               |    20|          4|   32|        128|
    |grp_fu_1030_p1                                               |    20|          4|   32|        128|
    |grp_fu_1034_ce                                               |     9|          2|    1|          2|
    |grp_fu_1034_p0                                               |    53|         10|   32|        320|
    |grp_fu_1034_p1                                               |    25|          5|   32|        160|
    |grp_fu_1038_ce                                               |     9|          2|    1|          2|
    |grp_fu_1038_p0                                               |    42|          8|   32|        256|
    |grp_fu_1038_p1                                               |    20|          4|   32|        128|
    |grp_fu_1042_ce                                               |     9|          2|    1|          2|
    |grp_fu_1042_p0                                               |    42|          8|   32|        256|
    |grp_fu_1042_p1                                               |    20|          4|   32|        128|
    |grp_fu_1046_p0                                               |    20|          4|   32|        128|
    |grp_fu_1058_p0                                               |    37|          7|   62|        434|
    |grp_fu_1058_p1                                               |    14|          3|   32|         96|
    |grp_sa_conv2d_bn_9_48_70_181_190_199_290_1_fu_909_C_out      |    14|          3|   32|         96|
    |grp_sa_conv2d_bn_9_48_70_181_190_199_290_1_fu_909_K          |    14|          3|   32|         96|
    |grp_sa_conv2d_bn_9_48_70_181_190_199_290_1_fu_909_bias       |    14|          3|   64|        192|
    |grp_sa_conv2d_bn_9_48_70_181_190_199_290_1_fu_909_out_shift  |    14|          3|   64|        192|
    |grp_sa_conv2d_bn_9_48_70_181_190_199_290_1_fu_909_pad        |    14|          3|   32|         96|
    |grp_sa_conv2d_bn_9_48_70_181_190_199_290_1_fu_909_w          |    14|          3|   64|        192|
    |grp_sa_ms_standard_conv_inplace_fu_938_C_in                  |    14|          3|   32|         96|
    |grp_sa_ms_standard_conv_inplace_fu_938_C_out                 |    14|          3|   32|         96|
    |grp_sa_ms_standard_conv_inplace_fu_938_K                     |    20|          4|   32|        128|
    |grp_sa_ms_standard_conv_inplace_fu_938_bias                  |    20|          4|   64|        256|
    |grp_sa_ms_standard_conv_inplace_fu_938_groups                |    20|          4|   32|        128|
    |grp_sa_ms_standard_conv_inplace_fu_938_out_shift             |    20|          4|   64|        256|
    |grp_sa_ms_standard_conv_inplace_fu_938_pad                   |    20|          4|   32|        128|
    |grp_sa_ms_standard_conv_inplace_fu_938_w                     |    20|          4|   64|        256|
    |grp_sa_ms_standard_conv_inplace_fu_938_x_i32                 |    14|          3|   64|        192|
    |grp_sa_ms_standard_conv_inplace_fu_938_y                     |    20|          4|   64|        256|
    |indvar_flatten169_fu_310                                     |     9|          2|   64|        128|
    |indvar_flatten200_fu_322                                     |     9|          2|   64|        128|
    |indvar_flatten_fu_298                                        |     9|          2|   64|        128|
    |mem_3_reg_852                                                |     9|          2|   32|         64|
    |mem_5_reg_886                                                |     9|          2|   32|         64|
    |mem_reg_818                                                  |     9|          2|   32|         64|
    |phi_mul204_reg_864                                           |     9|          2|   62|        124|
    |phi_mul207_reg_898                                           |     9|          2|   62|        124|
    |phi_mul_reg_830                                              |     9|          2|   62|        124|
    |sp_3_fu_302                                                  |     9|          2|   31|         62|
    |sp_5_fu_314                                                  |     9|          2|   31|         62|
    |sp_fu_290                                                    |     9|          2|   31|         62|
    |t_1_reg_841                                                  |     9|          2|   31|         62|
    |t_2_reg_875                                                  |     9|          2|   31|         62|
    |t_reg_807                                                    |     9|          2|   31|         62|
    +-------------------------------------------------------------+------+-----------+-----+-----------+
    |Total                                                        |  3372|        664| 2741|      12027|
    +-------------------------------------------------------------+------+-----------+-----+-----------+

    * Register: 
    +-------------------------------------------------------------------------+-----+----+-----+-----------+
    |                                   Name                                  |  FF | LUT| Bits| Const Bits|
    +-------------------------------------------------------------------------+-----+----+-----+-----------+
    |C_exp_read_reg_3112                                                      |   32|   0|   32|          0|
    |C_mid_read_reg_3100                                                      |   32|   0|   32|          0|
    |C_read_reg_3120                                                          |   32|   0|   32|          0|
    |H_read_reg_3087                                                          |   32|   0|   32|          0|
    |K_c1_read_reg_3042                                                       |   32|   0|   32|          0|
    |K_c2_read_reg_3032                                                       |   32|   0|   32|          0|
    |K_dw2_read_reg_3062                                                      |   32|   0|   32|          0|
    |K_dw4_read_reg_3057                                                      |   32|   0|   32|          0|
    |T_read_reg_3137                                                          |   32|   0|   32|          0|
    |W_read_reg_3067                                                          |   32|   0|   32|          0|
    |add_ln36_10_reg_3735                                                     |   32|   0|   32|          0|
    |add_ln36_11_reg_3740                                                     |   32|   0|   32|          0|
    |add_ln36_12_reg_3745                                                     |   32|   0|   32|          0|
    |add_ln36_13_reg_4017                                                     |   64|   0|   64|          0|
    |add_ln36_14_reg_4039                                                     |   32|   0|   32|          0|
    |add_ln36_15_reg_4044                                                     |   32|   0|   32|          0|
    |add_ln36_16_reg_4049                                                     |   32|   0|   32|          0|
    |add_ln36_5_reg_3402                                                      |   32|   0|   32|          0|
    |add_ln36_6_reg_3407                                                      |   32|   0|   32|          0|
    |add_ln36_7_reg_3412                                                      |   32|   0|   32|          0|
    |add_ln36_8_reg_3713                                                      |   64|   0|   64|          0|
    |add_ln36_reg_3380                                                        |   64|   0|   64|          0|
    |add_ln42_1_reg_3784                                                      |   31|   0|   31|          0|
    |add_ln42_2_reg_4088                                                      |   31|   0|   31|          0|
    |add_ln42_reg_3451                                                        |   31|   0|   31|          0|
    |add_ln43_10_reg_3819                                                     |   62|   0|   62|          0|
    |add_ln43_14_reg_4098                                                     |   62|   0|   62|          0|
    |add_ln43_15_reg_4123                                                     |   62|   0|   62|          0|
    |add_ln43_18_reg_3789                                                     |   62|   0|   62|          0|
    |add_ln43_20_reg_4093                                                     |   62|   0|   62|          0|
    |add_ln43_5_reg_3486                                                      |   62|   0|   62|          0|
    |add_ln43_8_reg_3456                                                      |   62|   0|   62|          0|
    |add_ln43_9_reg_3794                                                      |   62|   0|   62|          0|
    |add_ln43_reg_3461                                                        |   62|   0|   62|          0|
    |add_ln55_14_reg_3471                                                     |   32|   0|   32|          0|
    |add_ln55_15_reg_3524                                                     |   32|   0|   32|          0|
    |add_ln55_17_reg_3476                                                     |   32|   0|   32|          0|
    |add_ln55_18_reg_3529                                                     |   32|   0|   32|          0|
    |add_ln55_20_reg_3481                                                     |   32|   0|   32|          0|
    |add_ln55_21_reg_3534                                                     |   32|   0|   32|          0|
    |add_ln55_23_reg_3799                                                     |   32|   0|   32|          0|
    |add_ln55_26_reg_3804                                                     |   32|   0|   32|          0|
    |add_ln55_27_reg_3857                                                     |   32|   0|   32|          0|
    |add_ln55_29_reg_3809                                                     |   32|   0|   32|          0|
    |add_ln55_30_reg_3862                                                     |   32|   0|   32|          0|
    |add_ln55_32_reg_3814                                                     |   32|   0|   32|          0|
    |add_ln55_33_reg_3867                                                     |   32|   0|   32|          0|
    |add_ln55_35_reg_4103                                                     |   32|   0|   32|          0|
    |add_ln55_38_reg_4108                                                     |   32|   0|   32|          0|
    |add_ln55_41_reg_4113                                                     |   32|   0|   32|          0|
    |add_ln55_44_reg_4118                                                     |   32|   0|   32|          0|
    |add_ln55_reg_3466                                                        |   32|   0|   32|          0|
    |ap_CS_fsm                                                                |  270|   0|  270|          0|
    |c1_b_read_reg_3220                                                       |   64|   0|   64|          0|
    |c1_s_read_reg_3215                                                       |   64|   0|   64|          0|
    |c1_w_read_reg_3225                                                       |   64|   0|   64|          0|
    |c2_b_read_reg_3205                                                       |   64|   0|   64|          0|
    |c2_s_read_reg_3200                                                       |   64|   0|   64|          0|
    |c2_w_read_reg_3210                                                       |   64|   0|   64|          0|
    |c_1_fu_306                                                               |   31|   0|   31|          0|
    |c_2_fu_318                                                               |   31|   0|   31|          0|
    |c_fu_294                                                                 |   31|   0|   31|          0|
    |div29_i_i33_reg_4059                                                     |   32|   0|   32|          0|
    |div29_i_i_i_reg_3422                                                     |   32|   0|   32|          0|
    |div29_i_i_reg_3755                                                       |   32|   0|   32|          0|
    |empty_108_reg_4252                                                       |   31|   0|   31|          0|
    |empty_98_reg_3989                                                        |   31|   0|   32|          1|
    |empty_reg_3339                                                           |   31|   0|   32|          1|
    |gmem0_addr_1_read_reg_3497                                               |   32|   0|   32|          0|
    |gmem0_addr_1_reg_3491                                                    |   64|   0|   64|          0|
    |gmem5_addr_11_read_reg_3830                                              |   32|   0|   32|          0|
    |gmem5_addr_11_reg_3824                                                   |   64|   0|   64|          0|
    |gmem5_addr_12_reg_3851                                                   |   64|   0|   64|          0|
    |gmem5_addr_13_reg_3893                                                   |   64|   0|   64|          0|
    |gmem5_addr_14_reg_3925                                                   |   64|   0|   64|          0|
    |gmem5_addr_15_reg_3947                                                   |   64|   0|   64|          0|
    |gmem5_addr_16_read_reg_4134                                              |   32|   0|   32|          0|
    |gmem5_addr_16_reg_4128                                                   |   64|   0|   64|          0|
    |gmem5_addr_17_reg_4155                                                   |   64|   0|   64|          0|
    |gmem5_addr_18_reg_4167                                                   |   64|   0|   64|          0|
    |gmem5_addr_19_reg_4179                                                   |   64|   0|   64|          0|
    |gmem5_addr_20_reg_4191                                                   |   64|   0|   64|          0|
    |gmem5_addr_6_reg_3518                                                    |   64|   0|   64|          0|
    |gmem5_addr_7_reg_3560                                                    |   64|   0|   64|          0|
    |gmem5_addr_8_reg_3592                                                    |   64|   0|   64|          0|
    |gmem5_addr_9_reg_3614                                                    |   64|   0|   64|          0|
    |grp_sa_conv2d_bn_9_48_70_181_190_199_1_fu_988_ap_start_reg               |    1|   0|    1|          0|
    |grp_sa_conv2d_bn_9_48_70_181_190_199_290_1_fu_909_ap_start_reg           |    1|   0|    1|          0|
    |grp_sa_ms_all_conv_block_Pipeline_VITIS_LOOP_121_1_fu_979_ap_start_reg   |    1|   0|    1|          0|
    |grp_sa_ms_all_conv_block_Pipeline_VITIS_LOOP_85_11_fu_1015_ap_start_reg  |    1|   0|    1|          0|
    |grp_sa_ms_all_conv_block_Pipeline_VITIS_LOOP_85_1_fu_968_ap_start_reg    |    1|   0|    1|          0|
    |grp_sa_ms_standard_conv_inplace_fu_938_ap_start_reg                      |    1|   0|    1|          0|
    |icmp_ln37_1_reg_3703                                                     |    1|   0|    1|          0|
    |icmp_ln37_2_reg_4007                                                     |    1|   0|    1|          0|
    |icmp_ln37_reg_3370                                                       |    1|   0|    1|          0|
    |icmp_ln48_1_reg_3840                                                     |    1|   0|    1|          0|
    |icmp_ln48_2_reg_4144                                                     |    1|   0|    1|          0|
    |icmp_ln48_reg_3507                                                       |    1|   0|    1|          0|
    |icmp_ln56_10_reg_4212                                                    |    1|   0|    1|          0|
    |icmp_ln56_3_reg_3549                                                     |    1|   0|    1|          0|
    |icmp_ln56_4_reg_3566                                                     |    1|   0|    1|          0|
    |icmp_ln56_6_reg_3882                                                     |    1|   0|    1|          0|
    |icmp_ln56_7_reg_3899                                                     |    1|   0|    1|          0|
    |icmp_ln56_9_reg_4207                                                     |    1|   0|    1|          0|
    |icmp_ln85_reg_3636                                                       |    1|   0|    1|          0|
    |indvar_flatten169_fu_310                                                 |   64|   0|   64|          0|
    |indvar_flatten200_fu_322                                                 |   64|   0|   64|          0|
    |indvar_flatten_fu_298                                                    |   64|   0|   64|          0|
    |mem_3_reg_852                                                            |   32|   0|   32|          0|
    |mem_5_reg_886                                                            |   32|   0|   32|          0|
    |mem_reg_818                                                              |   32|   0|   32|          0|
    |mul26_3_i_i9_reg_3994                                                    |   32|   0|   32|          0|
    |mul26_3_i_i_i_reg_3345                                                   |   32|   0|   32|          0|
    |mul_ln105_1_reg_3307                                                     |   32|   0|   32|          0|
    |mul_ln105_reg_3302                                                       |   32|   0|   32|          0|
    |n_elem_reg_3330                                                          |   32|   0|   32|          0|
    |pad_c1_read_reg_3037                                                     |   32|   0|   32|          0|
    |pad_c2_read_reg_3027                                                     |   32|   0|   32|          0|
    |pad_dw2_read_reg_3052                                                    |   32|   0|   32|          0|
    |pad_dw4_read_reg_3047                                                    |   32|   0|   32|          0|
    |phi_mul204_reg_864                                                       |   62|   0|   62|          0|
    |phi_mul207_reg_898                                                       |   62|   0|   62|          0|
    |phi_mul_reg_830                                                          |   62|   0|   62|          0|
    |ping_buf_read_reg_3179                                                   |   64|   0|   64|          0|
    |pong_buf_read_reg_3173                                                   |   64|   0|   64|          0|
    |r_buf_read_reg_3195                                                      |   64|   0|   64|          0|
    |reg_1071                                                                 |   64|   0|   64|          0|
    |reg_1075                                                                 |   32|   0|   32|          0|
    |reg_1079                                                                 |   32|   0|   32|          0|
    |reg_1083                                                                 |   32|   0|   32|          0|
    |reg_1087                                                                 |   32|   0|   32|          0|
    |reg_1091                                                                 |   62|   0|   62|          0|
    |reg_1095                                                                 |   32|   0|   32|          0|
    |reg_1099                                                                 |   62|   0|   62|          0|
    |rem32_i_i34_reg_4067                                                     |   32|   0|   32|          0|
    |rem32_i_i_i_reg_3430                                                     |   32|   0|   32|          0|
    |rem32_i_i_reg_3763                                                       |   32|   0|   32|          0|
    |select_ln36_3_reg_3724                                                   |   31|   0|   31|          0|
    |select_ln36_5_reg_4028                                                   |   31|   0|   31|          0|
    |select_ln36_reg_3391                                                     |   31|   0|   31|          0|
    |sep_b0_read_reg_3280                                                     |   64|   0|   64|          0|
    |sep_b1_read_reg_3265                                                     |   64|   0|   64|          0|
    |sep_b2_read_reg_3250                                                     |   64|   0|   64|          0|
    |sep_b3_read_reg_3235                                                     |   64|   0|   64|          0|
    |sep_s0_read_reg_3275                                                     |   64|   0|   64|          0|
    |sep_s1_read_reg_3260                                                     |   64|   0|   64|          0|
    |sep_s2_read_reg_3245                                                     |   64|   0|   64|          0|
    |sep_s3_read_reg_3230                                                     |   64|   0|   64|          0|
    |sep_w0_read_reg_3285                                                     |   64|   0|   64|          0|
    |sep_w1_read_reg_3270                                                     |   64|   0|   64|          0|
    |sep_w2_read_reg_3255                                                     |   64|   0|   64|          0|
    |sep_w3_read_reg_3240                                                     |   64|   0|   64|          0|
    |sep_y_buf_read_reg_3187                                                  |   64|   0|   64|          0|
    |sext_ln36_1_reg_3999                                                     |   62|   0|   62|          0|
    |sext_ln36_reg_3351                                                       |   62|   0|   62|          0|
    |sext_ln43_4_reg_3438                                                     |   62|   0|   62|          0|
    |sext_ln43_5_reg_3362                                                     |   62|   0|   62|          0|
    |sext_ln43_7_reg_3771                                                     |   62|   0|   62|          0|
    |sext_ln43_9_reg_4075                                                     |   62|   0|   62|          0|
    |sext_ln43_reg_3357                                                       |   62|   0|   62|          0|
    |shl_ln55_11_reg_3544                                                     |   25|   0|   25|          0|
    |shl_ln55_12_reg_3576                                                     |    4|   0|    4|          0|
    |shl_ln55_13_reg_3581                                                     |   25|   0|   25|          0|
    |shl_ln55_14_reg_3598                                                     |    4|   0|    4|          0|
    |shl_ln55_15_reg_3603                                                     |   25|   0|   25|          0|
    |shl_ln55_16_reg_3620                                                     |    4|   0|    4|          0|
    |shl_ln55_17_reg_3625                                                     |   25|   0|   25|          0|
    |shl_ln55_18_reg_3872                                                     |    4|   0|    4|          0|
    |shl_ln55_19_reg_3877                                                     |   25|   0|   25|          0|
    |shl_ln55_20_reg_3909                                                     |    4|   0|    4|          0|
    |shl_ln55_21_reg_3914                                                     |   25|   0|   25|          0|
    |shl_ln55_22_reg_3931                                                     |    4|   0|    4|          0|
    |shl_ln55_23_reg_3936                                                     |   25|   0|   25|          0|
    |shl_ln55_24_reg_3953                                                     |    4|   0|    4|          0|
    |shl_ln55_25_reg_3958                                                     |   25|   0|   25|          0|
    |shl_ln55_26_reg_4197                                                     |    4|   0|    4|          0|
    |shl_ln55_27_reg_4202                                                     |   25|   0|   25|          0|
    |shl_ln55_28_reg_4222                                                     |    4|   0|    4|          0|
    |shl_ln55_29_reg_4227                                                     |   25|   0|   25|          0|
    |shl_ln55_30_reg_4232                                                     |    4|   0|    4|          0|
    |shl_ln55_31_reg_4237                                                     |   25|   0|   25|          0|
    |shl_ln55_32_reg_4242                                                     |    4|   0|    4|          0|
    |shl_ln55_34_reg_4247                                                     |   25|   0|   25|          0|
    |shl_ln55_reg_3539                                                        |    4|   0|    4|          0|
    |shl_ln74_reg_3630                                                        |   30|   0|   32|          2|
    |sp_3_fu_302                                                              |   31|   0|   31|          0|
    |sp_5_fu_314                                                              |   31|   0|   31|          0|
    |sp_fu_290                                                                |   31|   0|   31|          0|
    |spatial_reg_3312                                                         |   32|   0|   32|          0|
    |spike_buf_read_reg_3154                                                  |   64|   0|   64|          0|
    |t_1_reg_841                                                              |   31|   0|   31|          0|
    |t_2_reg_875                                                              |   31|   0|   31|          0|
    |t_reg_807                                                                |   31|   0|   31|          0|
    |tmp_10_reg_4217                                                          |    1|   0|    1|          0|
    |tmp_4_reg_3571                                                           |    1|   0|    1|          0|
    |tmp_7_reg_3904                                                           |    1|   0|    1|          0|
    |tmp_acc_read_reg_3147                                                    |   64|   0|   64|          0|
    |trunc_ln55_11_reg_3919                                                   |    2|   0|    2|          0|
    |trunc_ln55_13_reg_3941                                                   |    2|   0|    2|          0|
    |trunc_ln55_15_reg_4149                                                   |    2|   0|    2|          0|
    |trunc_ln55_17_reg_4161                                                   |    2|   0|    2|          0|
    |trunc_ln55_19_reg_4173                                                   |    2|   0|    2|          0|
    |trunc_ln55_21_reg_4185                                                   |    2|   0|    2|          0|
    |trunc_ln55_4_reg_3554                                                    |    2|   0|    2|          0|
    |trunc_ln55_5_reg_3586                                                    |    2|   0|    2|          0|
    |trunc_ln55_6_reg_3608                                                    |    2|   0|    2|          0|
    |trunc_ln55_7_reg_3845                                                    |    2|   0|    2|          0|
    |trunc_ln55_9_reg_3887                                                    |    2|   0|    2|          0|
    |trunc_ln55_reg_3512                                                      |    2|   0|    2|          0|
    |trunc_ln85_reg_3658                                                      |   31|   0|   31|          0|
    |trunc_ln8_reg_3664                                                       |   62|   0|   62|          0|
    |trunc_ln_reg_3648                                                        |   62|   0|   62|          0|
    |wide_trip_count_i_reg_3641                                               |   32|   0|   64|         32|
    |x_in_read_reg_3296                                                       |   64|   0|   64|          0|
    |y_read_reg_3290                                                          |   64|   0|   64|          0|
    |zext_ln36_2_reg_3397                                                     |   31|   0|   32|          1|
    |zext_ln36_4_reg_3750                                                     |   31|   0|   62|         31|
    |zext_ln36_5_reg_3730                                                     |   31|   0|   32|          1|
    |zext_ln36_6_reg_4054                                                     |   31|   0|   62|         31|
    |zext_ln36_7_reg_4034                                                     |   31|   0|   32|          1|
    |zext_ln36_reg_3417                                                       |   31|   0|   62|         31|
    |zext_ln43_1_reg_3776                                                     |   32|   0|   62|         30|
    |zext_ln43_2_reg_4080                                                     |   32|   0|   62|         30|
    |zext_ln43_reg_3443                                                       |   32|   0|   62|         30|
    |zext_ln52_1_reg_3325                                                     |   32|   0|   64|         32|
    +-------------------------------------------------------------------------+-----+----+-----+-----------+
    |Total                                                                    | 8175|   0| 8429|        254|
    +-------------------------------------------------------------------------+-----+----+-----+-----------+



================================================================
== Interface
================================================================
* Summary: 
+-------------------------+-----+-----+------------+----------------------+--------------+
|        RTL Ports        | Dir | Bits|  Protocol  |     Source Object    |    C Type    |
+-------------------------+-----+-----+------------+----------------------+--------------+
|s_axi_control_AWVALID    |   in|    1|       s_axi|               control|        scalar|
|s_axi_control_AWREADY    |  out|    1|       s_axi|               control|        scalar|
|s_axi_control_AWADDR     |   in|    7|       s_axi|               control|        scalar|
|s_axi_control_WVALID     |   in|    1|       s_axi|               control|        scalar|
|s_axi_control_WREADY     |  out|    1|       s_axi|               control|        scalar|
|s_axi_control_WDATA      |   in|   32|       s_axi|               control|        scalar|
|s_axi_control_WSTRB      |   in|    4|       s_axi|               control|        scalar|
|s_axi_control_ARVALID    |   in|    1|       s_axi|               control|        scalar|
|s_axi_control_ARREADY    |  out|    1|       s_axi|               control|        scalar|
|s_axi_control_ARADDR     |   in|    7|       s_axi|               control|        scalar|
|s_axi_control_RVALID     |  out|    1|       s_axi|               control|        scalar|
|s_axi_control_RREADY     |   in|    1|       s_axi|               control|        scalar|
|s_axi_control_RDATA      |  out|   32|       s_axi|               control|        scalar|
|s_axi_control_RRESP      |  out|    2|       s_axi|               control|        scalar|
|s_axi_control_BVALID     |  out|    1|       s_axi|               control|        scalar|
|s_axi_control_BREADY     |   in|    1|       s_axi|               control|        scalar|
|s_axi_control_BRESP      |  out|    2|       s_axi|               control|        scalar|
|s_axi_control_r_AWVALID  |   in|    1|       s_axi|             control_r|        scalar|
|s_axi_control_r_AWREADY  |  out|    1|       s_axi|             control_r|        scalar|
|s_axi_control_r_AWADDR   |   in|    9|       s_axi|             control_r|        scalar|
|s_axi_control_r_WVALID   |   in|    1|       s_axi|             control_r|        scalar|
|s_axi_control_r_WREADY   |  out|    1|       s_axi|             control_r|        scalar|
|s_axi_control_r_WDATA    |   in|   32|       s_axi|             control_r|        scalar|
|s_axi_control_r_WSTRB    |   in|    4|       s_axi|             control_r|        scalar|
|s_axi_control_r_ARVALID  |   in|    1|       s_axi|             control_r|        scalar|
|s_axi_control_r_ARREADY  |  out|    1|       s_axi|             control_r|        scalar|
|s_axi_control_r_ARADDR   |   in|    9|       s_axi|             control_r|        scalar|
|s_axi_control_r_RVALID   |  out|    1|       s_axi|             control_r|        scalar|
|s_axi_control_r_RREADY   |   in|    1|       s_axi|             control_r|        scalar|
|s_axi_control_r_RDATA    |  out|   32|       s_axi|             control_r|        scalar|
|s_axi_control_r_RRESP    |  out|    2|       s_axi|             control_r|        scalar|
|s_axi_control_r_BVALID   |  out|    1|       s_axi|             control_r|        scalar|
|s_axi_control_r_BREADY   |   in|    1|       s_axi|             control_r|        scalar|
|s_axi_control_r_BRESP    |  out|    2|       s_axi|             control_r|        scalar|
|ap_clk                   |   in|    1|  ap_ctrl_hs|  sa_ms_all_conv_block|  return value|
|ap_rst_n                 |   in|    1|  ap_ctrl_hs|  sa_ms_all_conv_block|  return value|
|interrupt                |  out|    1|  ap_ctrl_hs|  sa_ms_all_conv_block|  return value|
|m_axi_gmem0_AWVALID      |  out|    1|       m_axi|                 gmem0|       pointer|
|m_axi_gmem0_AWREADY      |   in|    1|       m_axi|                 gmem0|       pointer|
|m_axi_gmem0_AWADDR       |  out|   64|       m_axi|                 gmem0|       pointer|
|m_axi_gmem0_AWID         |  out|    1|       m_axi|                 gmem0|       pointer|
|m_axi_gmem0_AWLEN        |  out|    8|       m_axi|                 gmem0|       pointer|
|m_axi_gmem0_AWSIZE       |  out|    3|       m_axi|                 gmem0|       pointer|
|m_axi_gmem0_AWBURST      |  out|    2|       m_axi|                 gmem0|       pointer|
|m_axi_gmem0_AWLOCK       |  out|    2|       m_axi|                 gmem0|       pointer|
|m_axi_gmem0_AWCACHE      |  out|    4|       m_axi|                 gmem0|       pointer|
|m_axi_gmem0_AWPROT       |  out|    3|       m_axi|                 gmem0|       pointer|
|m_axi_gmem0_AWQOS        |  out|    4|       m_axi|                 gmem0|       pointer|
|m_axi_gmem0_AWREGION     |  out|    4|       m_axi|                 gmem0|       pointer|
|m_axi_gmem0_AWUSER       |  out|    1|       m_axi|                 gmem0|       pointer|
|m_axi_gmem0_WVALID       |  out|    1|       m_axi|                 gmem0|       pointer|
|m_axi_gmem0_WREADY       |   in|    1|       m_axi|                 gmem0|       pointer|
|m_axi_gmem0_WDATA        |  out|   32|       m_axi|                 gmem0|       pointer|
|m_axi_gmem0_WSTRB        |  out|    4|       m_axi|                 gmem0|       pointer|
|m_axi_gmem0_WLAST        |  out|    1|       m_axi|                 gmem0|       pointer|
|m_axi_gmem0_WID          |  out|    1|       m_axi|                 gmem0|       pointer|
|m_axi_gmem0_WUSER        |  out|    1|       m_axi|                 gmem0|       pointer|
|m_axi_gmem0_ARVALID      |  out|    1|       m_axi|                 gmem0|       pointer|
|m_axi_gmem0_ARREADY      |   in|    1|       m_axi|                 gmem0|       pointer|
|m_axi_gmem0_ARADDR       |  out|   64|       m_axi|                 gmem0|       pointer|
|m_axi_gmem0_ARID         |  out|    1|       m_axi|                 gmem0|       pointer|
|m_axi_gmem0_ARLEN        |  out|    8|       m_axi|                 gmem0|       pointer|
|m_axi_gmem0_ARSIZE       |  out|    3|       m_axi|                 gmem0|       pointer|
|m_axi_gmem0_ARBURST      |  out|    2|       m_axi|                 gmem0|       pointer|
|m_axi_gmem0_ARLOCK       |  out|    2|       m_axi|                 gmem0|       pointer|
|m_axi_gmem0_ARCACHE      |  out|    4|       m_axi|                 gmem0|       pointer|
|m_axi_gmem0_ARPROT       |  out|    3|       m_axi|                 gmem0|       pointer|
|m_axi_gmem0_ARQOS        |  out|    4|       m_axi|                 gmem0|       pointer|
|m_axi_gmem0_ARREGION     |  out|    4|       m_axi|                 gmem0|       pointer|
|m_axi_gmem0_ARUSER       |  out|    1|       m_axi|                 gmem0|       pointer|
|m_axi_gmem0_RVALID       |   in|    1|       m_axi|                 gmem0|       pointer|
|m_axi_gmem0_RREADY       |  out|    1|       m_axi|                 gmem0|       pointer|
|m_axi_gmem0_RDATA        |   in|   32|       m_axi|                 gmem0|       pointer|
|m_axi_gmem0_RLAST        |   in|    1|       m_axi|                 gmem0|       pointer|
|m_axi_gmem0_RID          |   in|    1|       m_axi|                 gmem0|       pointer|
|m_axi_gmem0_RUSER        |   in|    1|       m_axi|                 gmem0|       pointer|
|m_axi_gmem0_RRESP        |   in|    2|       m_axi|                 gmem0|       pointer|
|m_axi_gmem0_BVALID       |   in|    1|       m_axi|                 gmem0|       pointer|
|m_axi_gmem0_BREADY       |  out|    1|       m_axi|                 gmem0|       pointer|
|m_axi_gmem0_BRESP        |   in|    2|       m_axi|                 gmem0|       pointer|
|m_axi_gmem0_BID          |   in|    1|       m_axi|                 gmem0|       pointer|
|m_axi_gmem0_BUSER        |   in|    1|       m_axi|                 gmem0|       pointer|
|m_axi_gmem1_AWVALID      |  out|    1|       m_axi|                 gmem1|       pointer|
|m_axi_gmem1_AWREADY      |   in|    1|       m_axi|                 gmem1|       pointer|
|m_axi_gmem1_AWADDR       |  out|   64|       m_axi|                 gmem1|       pointer|
|m_axi_gmem1_AWID         |  out|    1|       m_axi|                 gmem1|       pointer|
|m_axi_gmem1_AWLEN        |  out|    8|       m_axi|                 gmem1|       pointer|
|m_axi_gmem1_AWSIZE       |  out|    3|       m_axi|                 gmem1|       pointer|
|m_axi_gmem1_AWBURST      |  out|    2|       m_axi|                 gmem1|       pointer|
|m_axi_gmem1_AWLOCK       |  out|    2|       m_axi|                 gmem1|       pointer|
|m_axi_gmem1_AWCACHE      |  out|    4|       m_axi|                 gmem1|       pointer|
|m_axi_gmem1_AWPROT       |  out|    3|       m_axi|                 gmem1|       pointer|
|m_axi_gmem1_AWQOS        |  out|    4|       m_axi|                 gmem1|       pointer|
|m_axi_gmem1_AWREGION     |  out|    4|       m_axi|                 gmem1|       pointer|
|m_axi_gmem1_AWUSER       |  out|    1|       m_axi|                 gmem1|       pointer|
|m_axi_gmem1_WVALID       |  out|    1|       m_axi|                 gmem1|       pointer|
|m_axi_gmem1_WREADY       |   in|    1|       m_axi|                 gmem1|       pointer|
|m_axi_gmem1_WDATA        |  out|   32|       m_axi|                 gmem1|       pointer|
|m_axi_gmem1_WSTRB        |  out|    4|       m_axi|                 gmem1|       pointer|
|m_axi_gmem1_WLAST        |  out|    1|       m_axi|                 gmem1|       pointer|
|m_axi_gmem1_WID          |  out|    1|       m_axi|                 gmem1|       pointer|
|m_axi_gmem1_WUSER        |  out|    1|       m_axi|                 gmem1|       pointer|
|m_axi_gmem1_ARVALID      |  out|    1|       m_axi|                 gmem1|       pointer|
|m_axi_gmem1_ARREADY      |   in|    1|       m_axi|                 gmem1|       pointer|
|m_axi_gmem1_ARADDR       |  out|   64|       m_axi|                 gmem1|       pointer|
|m_axi_gmem1_ARID         |  out|    1|       m_axi|                 gmem1|       pointer|
|m_axi_gmem1_ARLEN        |  out|    8|       m_axi|                 gmem1|       pointer|
|m_axi_gmem1_ARSIZE       |  out|    3|       m_axi|                 gmem1|       pointer|
|m_axi_gmem1_ARBURST      |  out|    2|       m_axi|                 gmem1|       pointer|
|m_axi_gmem1_ARLOCK       |  out|    2|       m_axi|                 gmem1|       pointer|
|m_axi_gmem1_ARCACHE      |  out|    4|       m_axi|                 gmem1|       pointer|
|m_axi_gmem1_ARPROT       |  out|    3|       m_axi|                 gmem1|       pointer|
|m_axi_gmem1_ARQOS        |  out|    4|       m_axi|                 gmem1|       pointer|
|m_axi_gmem1_ARREGION     |  out|    4|       m_axi|                 gmem1|       pointer|
|m_axi_gmem1_ARUSER       |  out|    1|       m_axi|                 gmem1|       pointer|
|m_axi_gmem1_RVALID       |   in|    1|       m_axi|                 gmem1|       pointer|
|m_axi_gmem1_RREADY       |  out|    1|       m_axi|                 gmem1|       pointer|
|m_axi_gmem1_RDATA        |   in|   32|       m_axi|                 gmem1|       pointer|
|m_axi_gmem1_RLAST        |   in|    1|       m_axi|                 gmem1|       pointer|
|m_axi_gmem1_RID          |   in|    1|       m_axi|                 gmem1|       pointer|
|m_axi_gmem1_RUSER        |   in|    1|       m_axi|                 gmem1|       pointer|
|m_axi_gmem1_RRESP        |   in|    2|       m_axi|                 gmem1|       pointer|
|m_axi_gmem1_BVALID       |   in|    1|       m_axi|                 gmem1|       pointer|
|m_axi_gmem1_BREADY       |  out|    1|       m_axi|                 gmem1|       pointer|
|m_axi_gmem1_BRESP        |   in|    2|       m_axi|                 gmem1|       pointer|
|m_axi_gmem1_BID          |   in|    1|       m_axi|                 gmem1|       pointer|
|m_axi_gmem1_BUSER        |   in|    1|       m_axi|                 gmem1|       pointer|
|m_axi_gmem2_AWVALID      |  out|    1|       m_axi|                 gmem2|       pointer|
|m_axi_gmem2_AWREADY      |   in|    1|       m_axi|                 gmem2|       pointer|
|m_axi_gmem2_AWADDR       |  out|   64|       m_axi|                 gmem2|       pointer|
|m_axi_gmem2_AWID         |  out|    1|       m_axi|                 gmem2|       pointer|
|m_axi_gmem2_AWLEN        |  out|    8|       m_axi|                 gmem2|       pointer|
|m_axi_gmem2_AWSIZE       |  out|    3|       m_axi|                 gmem2|       pointer|
|m_axi_gmem2_AWBURST      |  out|    2|       m_axi|                 gmem2|       pointer|
|m_axi_gmem2_AWLOCK       |  out|    2|       m_axi|                 gmem2|       pointer|
|m_axi_gmem2_AWCACHE      |  out|    4|       m_axi|                 gmem2|       pointer|
|m_axi_gmem2_AWPROT       |  out|    3|       m_axi|                 gmem2|       pointer|
|m_axi_gmem2_AWQOS        |  out|    4|       m_axi|                 gmem2|       pointer|
|m_axi_gmem2_AWREGION     |  out|    4|       m_axi|                 gmem2|       pointer|
|m_axi_gmem2_AWUSER       |  out|    1|       m_axi|                 gmem2|       pointer|
|m_axi_gmem2_WVALID       |  out|    1|       m_axi|                 gmem2|       pointer|
|m_axi_gmem2_WREADY       |   in|    1|       m_axi|                 gmem2|       pointer|
|m_axi_gmem2_WDATA        |  out|   32|       m_axi|                 gmem2|       pointer|
|m_axi_gmem2_WSTRB        |  out|    4|       m_axi|                 gmem2|       pointer|
|m_axi_gmem2_WLAST        |  out|    1|       m_axi|                 gmem2|       pointer|
|m_axi_gmem2_WID          |  out|    1|       m_axi|                 gmem2|       pointer|
|m_axi_gmem2_WUSER        |  out|    1|       m_axi|                 gmem2|       pointer|
|m_axi_gmem2_ARVALID      |  out|    1|       m_axi|                 gmem2|       pointer|
|m_axi_gmem2_ARREADY      |   in|    1|       m_axi|                 gmem2|       pointer|
|m_axi_gmem2_ARADDR       |  out|   64|       m_axi|                 gmem2|       pointer|
|m_axi_gmem2_ARID         |  out|    1|       m_axi|                 gmem2|       pointer|
|m_axi_gmem2_ARLEN        |  out|    8|       m_axi|                 gmem2|       pointer|
|m_axi_gmem2_ARSIZE       |  out|    3|       m_axi|                 gmem2|       pointer|
|m_axi_gmem2_ARBURST      |  out|    2|       m_axi|                 gmem2|       pointer|
|m_axi_gmem2_ARLOCK       |  out|    2|       m_axi|                 gmem2|       pointer|
|m_axi_gmem2_ARCACHE      |  out|    4|       m_axi|                 gmem2|       pointer|
|m_axi_gmem2_ARPROT       |  out|    3|       m_axi|                 gmem2|       pointer|
|m_axi_gmem2_ARQOS        |  out|    4|       m_axi|                 gmem2|       pointer|
|m_axi_gmem2_ARREGION     |  out|    4|       m_axi|                 gmem2|       pointer|
|m_axi_gmem2_ARUSER       |  out|    1|       m_axi|                 gmem2|       pointer|
|m_axi_gmem2_RVALID       |   in|    1|       m_axi|                 gmem2|       pointer|
|m_axi_gmem2_RREADY       |  out|    1|       m_axi|                 gmem2|       pointer|
|m_axi_gmem2_RDATA        |   in|   32|       m_axi|                 gmem2|       pointer|
|m_axi_gmem2_RLAST        |   in|    1|       m_axi|                 gmem2|       pointer|
|m_axi_gmem2_RID          |   in|    1|       m_axi|                 gmem2|       pointer|
|m_axi_gmem2_RUSER        |   in|    1|       m_axi|                 gmem2|       pointer|
|m_axi_gmem2_RRESP        |   in|    2|       m_axi|                 gmem2|       pointer|
|m_axi_gmem2_BVALID       |   in|    1|       m_axi|                 gmem2|       pointer|
|m_axi_gmem2_BREADY       |  out|    1|       m_axi|                 gmem2|       pointer|
|m_axi_gmem2_BRESP        |   in|    2|       m_axi|                 gmem2|       pointer|
|m_axi_gmem2_BID          |   in|    1|       m_axi|                 gmem2|       pointer|
|m_axi_gmem2_BUSER        |   in|    1|       m_axi|                 gmem2|       pointer|
|m_axi_gmem3_AWVALID      |  out|    1|       m_axi|                 gmem3|       pointer|
|m_axi_gmem3_AWREADY      |   in|    1|       m_axi|                 gmem3|       pointer|
|m_axi_gmem3_AWADDR       |  out|   64|       m_axi|                 gmem3|       pointer|
|m_axi_gmem3_AWID         |  out|    1|       m_axi|                 gmem3|       pointer|
|m_axi_gmem3_AWLEN        |  out|    8|       m_axi|                 gmem3|       pointer|
|m_axi_gmem3_AWSIZE       |  out|    3|       m_axi|                 gmem3|       pointer|
|m_axi_gmem3_AWBURST      |  out|    2|       m_axi|                 gmem3|       pointer|
|m_axi_gmem3_AWLOCK       |  out|    2|       m_axi|                 gmem3|       pointer|
|m_axi_gmem3_AWCACHE      |  out|    4|       m_axi|                 gmem3|       pointer|
|m_axi_gmem3_AWPROT       |  out|    3|       m_axi|                 gmem3|       pointer|
|m_axi_gmem3_AWQOS        |  out|    4|       m_axi|                 gmem3|       pointer|
|m_axi_gmem3_AWREGION     |  out|    4|       m_axi|                 gmem3|       pointer|
|m_axi_gmem3_AWUSER       |  out|    1|       m_axi|                 gmem3|       pointer|
|m_axi_gmem3_WVALID       |  out|    1|       m_axi|                 gmem3|       pointer|
|m_axi_gmem3_WREADY       |   in|    1|       m_axi|                 gmem3|       pointer|
|m_axi_gmem3_WDATA        |  out|   32|       m_axi|                 gmem3|       pointer|
|m_axi_gmem3_WSTRB        |  out|    4|       m_axi|                 gmem3|       pointer|
|m_axi_gmem3_WLAST        |  out|    1|       m_axi|                 gmem3|       pointer|
|m_axi_gmem3_WID          |  out|    1|       m_axi|                 gmem3|       pointer|
|m_axi_gmem3_WUSER        |  out|    1|       m_axi|                 gmem3|       pointer|
|m_axi_gmem3_ARVALID      |  out|    1|       m_axi|                 gmem3|       pointer|
|m_axi_gmem3_ARREADY      |   in|    1|       m_axi|                 gmem3|       pointer|
|m_axi_gmem3_ARADDR       |  out|   64|       m_axi|                 gmem3|       pointer|
|m_axi_gmem3_ARID         |  out|    1|       m_axi|                 gmem3|       pointer|
|m_axi_gmem3_ARLEN        |  out|    8|       m_axi|                 gmem3|       pointer|
|m_axi_gmem3_ARSIZE       |  out|    3|       m_axi|                 gmem3|       pointer|
|m_axi_gmem3_ARBURST      |  out|    2|       m_axi|                 gmem3|       pointer|
|m_axi_gmem3_ARLOCK       |  out|    2|       m_axi|                 gmem3|       pointer|
|m_axi_gmem3_ARCACHE      |  out|    4|       m_axi|                 gmem3|       pointer|
|m_axi_gmem3_ARPROT       |  out|    3|       m_axi|                 gmem3|       pointer|
|m_axi_gmem3_ARQOS        |  out|    4|       m_axi|                 gmem3|       pointer|
|m_axi_gmem3_ARREGION     |  out|    4|       m_axi|                 gmem3|       pointer|
|m_axi_gmem3_ARUSER       |  out|    1|       m_axi|                 gmem3|       pointer|
|m_axi_gmem3_RVALID       |   in|    1|       m_axi|                 gmem3|       pointer|
|m_axi_gmem3_RREADY       |  out|    1|       m_axi|                 gmem3|       pointer|
|m_axi_gmem3_RDATA        |   in|   32|       m_axi|                 gmem3|       pointer|
|m_axi_gmem3_RLAST        |   in|    1|       m_axi|                 gmem3|       pointer|
|m_axi_gmem3_RID          |   in|    1|       m_axi|                 gmem3|       pointer|
|m_axi_gmem3_RUSER        |   in|    1|       m_axi|                 gmem3|       pointer|
|m_axi_gmem3_RRESP        |   in|    2|       m_axi|                 gmem3|       pointer|
|m_axi_gmem3_BVALID       |   in|    1|       m_axi|                 gmem3|       pointer|
|m_axi_gmem3_BREADY       |  out|    1|       m_axi|                 gmem3|       pointer|
|m_axi_gmem3_BRESP        |   in|    2|       m_axi|                 gmem3|       pointer|
|m_axi_gmem3_BID          |   in|    1|       m_axi|                 gmem3|       pointer|
|m_axi_gmem3_BUSER        |   in|    1|       m_axi|                 gmem3|       pointer|
|m_axi_gmem4_AWVALID      |  out|    1|       m_axi|                 gmem4|       pointer|
|m_axi_gmem4_AWREADY      |   in|    1|       m_axi|                 gmem4|       pointer|
|m_axi_gmem4_AWADDR       |  out|   64|       m_axi|                 gmem4|       pointer|
|m_axi_gmem4_AWID         |  out|    1|       m_axi|                 gmem4|       pointer|
|m_axi_gmem4_AWLEN        |  out|    8|       m_axi|                 gmem4|       pointer|
|m_axi_gmem4_AWSIZE       |  out|    3|       m_axi|                 gmem4|       pointer|
|m_axi_gmem4_AWBURST      |  out|    2|       m_axi|                 gmem4|       pointer|
|m_axi_gmem4_AWLOCK       |  out|    2|       m_axi|                 gmem4|       pointer|
|m_axi_gmem4_AWCACHE      |  out|    4|       m_axi|                 gmem4|       pointer|
|m_axi_gmem4_AWPROT       |  out|    3|       m_axi|                 gmem4|       pointer|
|m_axi_gmem4_AWQOS        |  out|    4|       m_axi|                 gmem4|       pointer|
|m_axi_gmem4_AWREGION     |  out|    4|       m_axi|                 gmem4|       pointer|
|m_axi_gmem4_AWUSER       |  out|    1|       m_axi|                 gmem4|       pointer|
|m_axi_gmem4_WVALID       |  out|    1|       m_axi|                 gmem4|       pointer|
|m_axi_gmem4_WREADY       |   in|    1|       m_axi|                 gmem4|       pointer|
|m_axi_gmem4_WDATA        |  out|   32|       m_axi|                 gmem4|       pointer|
|m_axi_gmem4_WSTRB        |  out|    4|       m_axi|                 gmem4|       pointer|
|m_axi_gmem4_WLAST        |  out|    1|       m_axi|                 gmem4|       pointer|
|m_axi_gmem4_WID          |  out|    1|       m_axi|                 gmem4|       pointer|
|m_axi_gmem4_WUSER        |  out|    1|       m_axi|                 gmem4|       pointer|
|m_axi_gmem4_ARVALID      |  out|    1|       m_axi|                 gmem4|       pointer|
|m_axi_gmem4_ARREADY      |   in|    1|       m_axi|                 gmem4|       pointer|
|m_axi_gmem4_ARADDR       |  out|   64|       m_axi|                 gmem4|       pointer|
|m_axi_gmem4_ARID         |  out|    1|       m_axi|                 gmem4|       pointer|
|m_axi_gmem4_ARLEN        |  out|    8|       m_axi|                 gmem4|       pointer|
|m_axi_gmem4_ARSIZE       |  out|    3|       m_axi|                 gmem4|       pointer|
|m_axi_gmem4_ARBURST      |  out|    2|       m_axi|                 gmem4|       pointer|
|m_axi_gmem4_ARLOCK       |  out|    2|       m_axi|                 gmem4|       pointer|
|m_axi_gmem4_ARCACHE      |  out|    4|       m_axi|                 gmem4|       pointer|
|m_axi_gmem4_ARPROT       |  out|    3|       m_axi|                 gmem4|       pointer|
|m_axi_gmem4_ARQOS        |  out|    4|       m_axi|                 gmem4|       pointer|
|m_axi_gmem4_ARREGION     |  out|    4|       m_axi|                 gmem4|       pointer|
|m_axi_gmem4_ARUSER       |  out|    1|       m_axi|                 gmem4|       pointer|
|m_axi_gmem4_RVALID       |   in|    1|       m_axi|                 gmem4|       pointer|
|m_axi_gmem4_RREADY       |  out|    1|       m_axi|                 gmem4|       pointer|
|m_axi_gmem4_RDATA        |   in|   32|       m_axi|                 gmem4|       pointer|
|m_axi_gmem4_RLAST        |   in|    1|       m_axi|                 gmem4|       pointer|
|m_axi_gmem4_RID          |   in|    1|       m_axi|                 gmem4|       pointer|
|m_axi_gmem4_RUSER        |   in|    1|       m_axi|                 gmem4|       pointer|
|m_axi_gmem4_RRESP        |   in|    2|       m_axi|                 gmem4|       pointer|
|m_axi_gmem4_BVALID       |   in|    1|       m_axi|                 gmem4|       pointer|
|m_axi_gmem4_BREADY       |  out|    1|       m_axi|                 gmem4|       pointer|
|m_axi_gmem4_BRESP        |   in|    2|       m_axi|                 gmem4|       pointer|
|m_axi_gmem4_BID          |   in|    1|       m_axi|                 gmem4|       pointer|
|m_axi_gmem4_BUSER        |   in|    1|       m_axi|                 gmem4|       pointer|
|m_axi_gmem5_AWVALID      |  out|    1|       m_axi|                 gmem5|       pointer|
|m_axi_gmem5_AWREADY      |   in|    1|       m_axi|                 gmem5|       pointer|
|m_axi_gmem5_AWADDR       |  out|   64|       m_axi|                 gmem5|       pointer|
|m_axi_gmem5_AWID         |  out|    1|       m_axi|                 gmem5|       pointer|
|m_axi_gmem5_AWLEN        |  out|    8|       m_axi|                 gmem5|       pointer|
|m_axi_gmem5_AWSIZE       |  out|    3|       m_axi|                 gmem5|       pointer|
|m_axi_gmem5_AWBURST      |  out|    2|       m_axi|                 gmem5|       pointer|
|m_axi_gmem5_AWLOCK       |  out|    2|       m_axi|                 gmem5|       pointer|
|m_axi_gmem5_AWCACHE      |  out|    4|       m_axi|                 gmem5|       pointer|
|m_axi_gmem5_AWPROT       |  out|    3|       m_axi|                 gmem5|       pointer|
|m_axi_gmem5_AWQOS        |  out|    4|       m_axi|                 gmem5|       pointer|
|m_axi_gmem5_AWREGION     |  out|    4|       m_axi|                 gmem5|       pointer|
|m_axi_gmem5_AWUSER       |  out|    1|       m_axi|                 gmem5|       pointer|
|m_axi_gmem5_WVALID       |  out|    1|       m_axi|                 gmem5|       pointer|
|m_axi_gmem5_WREADY       |   in|    1|       m_axi|                 gmem5|       pointer|
|m_axi_gmem5_WDATA        |  out|   32|       m_axi|                 gmem5|       pointer|
|m_axi_gmem5_WSTRB        |  out|    4|       m_axi|                 gmem5|       pointer|
|m_axi_gmem5_WLAST        |  out|    1|       m_axi|                 gmem5|       pointer|
|m_axi_gmem5_WID          |  out|    1|       m_axi|                 gmem5|       pointer|
|m_axi_gmem5_WUSER        |  out|    1|       m_axi|                 gmem5|       pointer|
|m_axi_gmem5_ARVALID      |  out|    1|       m_axi|                 gmem5|       pointer|
|m_axi_gmem5_ARREADY      |   in|    1|       m_axi|                 gmem5|       pointer|
|m_axi_gmem5_ARADDR       |  out|   64|       m_axi|                 gmem5|       pointer|
|m_axi_gmem5_ARID         |  out|    1|       m_axi|                 gmem5|       pointer|
|m_axi_gmem5_ARLEN        |  out|    8|       m_axi|                 gmem5|       pointer|
|m_axi_gmem5_ARSIZE       |  out|    3|       m_axi|                 gmem5|       pointer|
|m_axi_gmem5_ARBURST      |  out|    2|       m_axi|                 gmem5|       pointer|
|m_axi_gmem5_ARLOCK       |  out|    2|       m_axi|                 gmem5|       pointer|
|m_axi_gmem5_ARCACHE      |  out|    4|       m_axi|                 gmem5|       pointer|
|m_axi_gmem5_ARPROT       |  out|    3|       m_axi|                 gmem5|       pointer|
|m_axi_gmem5_ARQOS        |  out|    4|       m_axi|                 gmem5|       pointer|
|m_axi_gmem5_ARREGION     |  out|    4|       m_axi|                 gmem5|       pointer|
|m_axi_gmem5_ARUSER       |  out|    1|       m_axi|                 gmem5|       pointer|
|m_axi_gmem5_RVALID       |   in|    1|       m_axi|                 gmem5|       pointer|
|m_axi_gmem5_RREADY       |  out|    1|       m_axi|                 gmem5|       pointer|
|m_axi_gmem5_RDATA        |   in|   32|       m_axi|                 gmem5|       pointer|
|m_axi_gmem5_RLAST        |   in|    1|       m_axi|                 gmem5|       pointer|
|m_axi_gmem5_RID          |   in|    1|       m_axi|                 gmem5|       pointer|
|m_axi_gmem5_RUSER        |   in|    1|       m_axi|                 gmem5|       pointer|
|m_axi_gmem5_RRESP        |   in|    2|       m_axi|                 gmem5|       pointer|
|m_axi_gmem5_BVALID       |   in|    1|       m_axi|                 gmem5|       pointer|
|m_axi_gmem5_BREADY       |  out|    1|       m_axi|                 gmem5|       pointer|
|m_axi_gmem5_BRESP        |   in|    2|       m_axi|                 gmem5|       pointer|
|m_axi_gmem5_BID          |   in|    1|       m_axi|                 gmem5|       pointer|
|m_axi_gmem5_BUSER        |   in|    1|       m_axi|                 gmem5|       pointer|
+-------------------------+-----+-----+------------+----------------------+--------------+

