

================================================================
== Vitis HLS Report for 'sa_spike_sppf'
================================================================
* Date:           Wed May 13 17:25:58 2026

* Version:        2024.1 (Build 5069499 on May 21 2024)
* Project:        synth_sa_spike_sppf
* Solution:       sol1 (Vivado IP Flow Target)
* Product family: zynq
* Target device:  xc7z020-clg400-1


================================================================
== Performance Estimates
================================================================
+ Timing: 
    * Summary: 
    +--------+----------+-----------+------------+
    |  Clock |  Target  | Estimated | Uncertainty|
    +--------+----------+-----------+------------+
    |ap_clk  |  10.00 ns|  21.523 ns|     2.70 ns|
    +--------+----------+-----------+------------+

+ Latency: 
    * Summary: 
    +---------+---------+----------+----------+-----+-----+---------+
    |  Latency (cycles) |  Latency (absolute) |  Interval | Pipeline|
    |   min   |   max   |    min   |    max   | min | max |   Type  |
    +---------+---------+----------+----------+-----+-----+---------+
    |        ?|        ?|         ?|         ?|    ?|    ?|       no|
    +---------+---------+----------+----------+-----+-----+---------+

    + Detail: 
        * Instance: 
        +--------------------------------------------------------------------------------------+---------------------------------------------------------------------------+---------+---------+----------+----------+-----+-----+-----------------------------------------------+
        |                                                                                      |                                                                           |  Latency (cycles) |  Latency (absolute) |  Interval |                    Pipeline                   |
        |                                       Instance                                       |                                   Module                                  |   min   |   max   |    min   |    max   | min | max |                      Type                     |
        +--------------------------------------------------------------------------------------+---------------------------------------------------------------------------+---------+---------+----------+----------+-----+-----+-----------------------------------------------+
        |grp_sa_conv2d_bn_8_47_75_154_164_174_187_1_fu_781                                     |sa_conv2d_bn_8_47_75_154_164_174_187_1                                     |        ?|        ?|         ?|         ?|    ?|    ?|                                             no|
        |grp_sa_maxpool_or_1_fu_804                                                            |sa_maxpool_or_1                                                            |        ?|        ?|         ?|         ?|    ?|    ?|                                             no|
        |grp_sa_spike_sppf_Pipeline_VITIS_LOOP_133_3_VITIS_LOOP_134_4_fu_817                   |sa_spike_sppf_Pipeline_VITIS_LOOP_133_3_VITIS_LOOP_134_4                   |        ?|        ?|         ?|         ?|    0|    0|  loop auto-rewind stp(delay=0 clock cycles(s))|
        |grp_sa_spike_sppf_Pipeline_VITIS_LOOP_149_5_VITIS_LOOP_150_6_VITIS_LOOP_151_7_fu_837  |sa_spike_sppf_Pipeline_VITIS_LOOP_149_5_VITIS_LOOP_150_6_VITIS_LOOP_151_7  |        ?|        ?|         ?|         ?|    0|    0|  loop auto-rewind stp(delay=0 clock cycles(s))|
        |grp_sa_conv2d_bn_8_47_75_154_164_174_1_fu_854                                         |sa_conv2d_bn_8_47_75_154_164_174_1                                         |        ?|        ?|         ?|         ?|    ?|    ?|                                             no|
        +--------------------------------------------------------------------------------------+---------------------------------------------------------------------------+---------+---------+----------+----------+-----+-----+-----------------------------------------------+

        * Loop: 
        +-----------------------------------+---------+---------+----------+-----------+-----------+------+----------+
        |                                   |  Latency (cycles) | Iteration|  Initiation Interval  | Trip |          |
        |             Loop Name             |   min   |   max   |  Latency |  achieved |   target  | Count| Pipelined|
        +-----------------------------------+---------+---------+----------+-----------+-----------+------+----------+
        |- VITIS_LOOP_36_1_VITIS_LOOP_37_2  |        ?|        ?|         ?|          -|          -|     ?|        no|
        | + VITIS_LOOP_42_3                 |        ?|        ?|        23|          -|          -|     ?|        no|
        |- VITIS_LOOP_36_1_VITIS_LOOP_37_2  |        ?|        ?|         ?|          -|          -|     ?|        no|
        | + VITIS_LOOP_42_3                 |        ?|        ?|        23|          -|          -|     ?|        no|
        |- VITIS_LOOP_123_1                 |        ?|        ?|         ?|          -|          -|     ?|        no|
        | + VITIS_LOOP_124_2                |        ?|        ?|         ?|          -|          -|     4|        no|
        |- VITIS_LOOP_36_1_VITIS_LOOP_37_2  |        ?|        ?|         ?|          -|          -|     ?|        no|
        | + VITIS_LOOP_42_3                 |        ?|        ?|        23|          -|          -|     ?|        no|
        +-----------------------------------+---------+---------+----------+-----------+-----------+------+----------+



================================================================
== Utilization Estimates
================================================================
* Summary: 
+-----------------+---------+-----+--------+-------+-----+
|       Name      | BRAM_18K| DSP |   FF   |  LUT  | URAM|
+-----------------+---------+-----+--------+-------+-----+
|DSP              |        -|    -|       -|      -|    -|
|Expression       |        -|    -|       0|   6113|    -|
|FIFO             |        -|    -|       -|      -|    -|
|Instance         |       12|  214|   77467|  66394|    -|
|Memory           |        -|    -|       -|      -|    -|
|Multiplexer      |        -|    -|       0|   3102|    -|
|Register         |        -|    -|    7500|      -|    -|
+-----------------+---------+-----+--------+-------+-----+
|Total            |       12|  214|   84967|  75609|    0|
+-----------------+---------+-----+--------+-------+-----+
|Available        |      280|  220|  106400|  53200|    0|
+-----------------+---------+-----+--------+-------+-----+
|Utilization (%)  |        4|   97|      79|    142|    0|
+-----------------+---------+-----+--------+-------+-----+

+ Detail: 
    * Instance: 
    +--------------------------------------------------------------------------------------+---------------------------------------------------------------------------+---------+----+-------+-------+-----+
    |                                       Instance                                       |                                   Module                                  | BRAM_18K| DSP|   FF  |  LUT  | URAM|
    +--------------------------------------------------------------------------------------+---------------------------------------------------------------------------+---------+----+-------+-------+-----+
    |control_r_s_axi_U                                                                     |control_r_s_axi                                                            |        0|   0|   1220|   2216|    0|
    |control_s_axi_U                                                                       |control_s_axi                                                              |        0|   0|    302|    488|    0|
    |gmem0_m_axi_U                                                                         |gmem0_m_axi                                                                |        2|   0|    671|    657|    0|
    |gmem1_m_axi_U                                                                         |gmem1_m_axi                                                                |        2|   0|    665|    646|    0|
    |gmem2_m_axi_U                                                                         |gmem2_m_axi                                                                |        1|   0|    707|    777|    0|
    |gmem3_m_axi_U                                                                         |gmem3_m_axi                                                                |        2|   0|    671|    657|    0|
    |gmem4_m_axi_U                                                                         |gmem4_m_axi                                                                |        1|   0|    707|    777|    0|
    |gmem5_m_axi_U                                                                         |gmem5_m_axi                                                                |        4|   0|    824|    723|    0|
    |mul_29ns_32s_32_2_1_U238                                                              |mul_29ns_32s_32_2_1                                                        |        0|   3|    165|     50|    0|
    |mul_31ns_32s_32_2_1_U220                                                              |mul_31ns_32s_32_2_1                                                        |        0|   3|    165|     50|    0|
    |mul_31ns_64ns_93_5_1_U235                                                             |mul_31ns_64ns_93_5_1                                                       |        0|   8|    441|    256|    0|
    |mul_31ns_64ns_95_5_1_U237                                                             |mul_31ns_64ns_95_5_1                                                       |        0|   8|    441|    256|    0|
    |mul_32ns_32ns_64_2_1_U221                                                             |mul_32ns_32ns_64_2_1                                                       |        0|   4|    165|     50|    0|
    |mul_32ns_32ns_64_2_1_U236                                                             |mul_32ns_32ns_64_2_1                                                       |        0|   4|    165|     50|    0|
    |mul_32ns_64ns_96_5_1_U222                                                             |mul_32ns_64ns_96_5_1                                                       |        0|   8|    441|    256|    0|
    |mul_32s_32s_32_2_1_U223                                                               |mul_32s_32s_32_2_1                                                         |        0|   3|    165|     50|    0|
    |mul_32s_32s_32_2_1_U224                                                               |mul_32s_32s_32_2_1                                                         |        0|   3|    165|     50|    0|
    |mul_32s_32s_32_2_1_U225                                                               |mul_32s_32s_32_2_1                                                         |        0|   3|    165|     50|    0|
    |mul_32s_32s_32_2_1_U226                                                               |mul_32s_32s_32_2_1                                                         |        0|   3|    165|     50|    0|
    |mul_62s_32s_62_5_1_U227                                                               |mul_62s_32s_62_5_1                                                         |        0|   7|    429|    244|    0|
    |grp_sa_conv2d_bn_8_47_75_154_164_174_1_fu_854                                         |sa_conv2d_bn_8_47_75_154_164_174_1                                         |        0|  53|  17604|  15653|    0|
    |grp_sa_conv2d_bn_8_47_75_154_164_174_187_1_fu_781                                     |sa_conv2d_bn_8_47_75_154_164_174_187_1                                     |        0|  53|  17604|  15740|    0|
    |grp_sa_maxpool_or_1_fu_804                                                            |sa_maxpool_or_1                                                            |        0|  42|   4474|   4320|    0|
    |grp_sa_spike_sppf_Pipeline_VITIS_LOOP_133_3_VITIS_LOOP_134_4_fu_817                   |sa_spike_sppf_Pipeline_VITIS_LOOP_133_3_VITIS_LOOP_134_4                   |        0|   0|   7859|   5380|    0|
    |grp_sa_spike_sppf_Pipeline_VITIS_LOOP_149_5_VITIS_LOOP_150_6_VITIS_LOOP_151_7_fu_837  |sa_spike_sppf_Pipeline_VITIS_LOOP_149_5_VITIS_LOOP_150_6_VITIS_LOOP_151_7  |        0|   9|   7389|   6506|    0|
    |sdiv_32ns_32s_32_36_1_U228                                                            |sdiv_32ns_32s_32_36_1                                                      |        0|   0|   2283|   1738|    0|
    |sdiv_32ns_32s_32_36_1_U230                                                            |sdiv_32ns_32s_32_36_1                                                      |        0|   0|   2283|   1738|    0|
    |sdiv_32ns_32s_32_36_1_U233                                                            |sdiv_32ns_32s_32_36_1                                                      |        0|   0|   2283|   1738|    0|
    |sparsemux_7_2_2_1_1_U232                                                              |sparsemux_7_2_2_1_1                                                        |        0|   0|      0|     14|    0|
    |srem_32ns_32s_32_36_1_U229                                                            |srem_32ns_32s_32_36_1                                                      |        0|   0|   2283|   1738|    0|
    |srem_32ns_32s_32_36_1_U231                                                            |srem_32ns_32s_32_36_1                                                      |        0|   0|   2283|   1738|    0|
    |srem_32ns_32s_32_36_1_U234                                                            |srem_32ns_32s_32_36_1                                                      |        0|   0|   2283|   1738|    0|
    +--------------------------------------------------------------------------------------+---------------------------------------------------------------------------+---------+----+-------+-------+-----+
    |Total                                                                                 |                                                                           |       12| 214|  77467|  66394|    0|
    +--------------------------------------------------------------------------------------+---------------------------------------------------------------------------+---------+----+-------+-------+-----+

    * DSP: 
    N/A

    * Memory: 
    N/A

    * FIFO: 
    N/A

    * Expression: 
    +--------------------------+----------+----+---+----+------------+------------+
    |       Variable Name      | Operation| DSP| FF| LUT| Bitwidth P0| Bitwidth P1|
    +--------------------------+----------+----+---+----+------------+------------+
    |add_ln123_fu_2193_p2      |         +|   0|  0|  39|          32|          32|
    |add_ln124_fu_2238_p2      |         +|   0|  0|  39|          32|          32|
    |add_ln36_10_fu_2365_p2    |         +|   0|  0|  71|          64|           1|
    |add_ln36_11_fu_2411_p2    |         +|   0|  0|  39|          32|          32|
    |add_ln36_12_fu_2416_p2    |         +|   0|  0|  39|          32|          32|
    |add_ln36_13_fu_2421_p2    |         +|   0|  0|  39|          32|          32|
    |add_ln36_14_fu_2394_p2    |         +|   0|  0|  38|          31|           1|
    |add_ln36_1_fu_1059_p2     |         +|   0|  0|  39|          32|          32|
    |add_ln36_2_fu_1064_p2     |         +|   0|  0|  39|          32|          32|
    |add_ln36_3_fu_1069_p2     |         +|   0|  0|  39|          32|          32|
    |add_ln36_4_fu_1042_p2     |         +|   0|  0|  38|          31|           1|
    |add_ln36_5_fu_1673_p2     |         +|   0|  0|  39|          32|          32|
    |add_ln36_6_fu_1678_p2     |         +|   0|  0|  39|          32|          32|
    |add_ln36_7_fu_1683_p2     |         +|   0|  0|  39|          32|          32|
    |add_ln36_8_fu_1627_p2     |         +|   0|  0|  71|          64|           1|
    |add_ln36_9_fu_1656_p2     |         +|   0|  0|  38|          31|           1|
    |add_ln36_fu_1013_p2       |         +|   0|  0|  71|          64|           1|
    |add_ln37_1_fu_1744_p2     |         +|   0|  0|  38|          31|           1|
    |add_ln37_2_fu_2482_p2     |         +|   0|  0|  38|          31|           1|
    |add_ln37_fu_1130_p2       |         +|   0|  0|  38|          31|           1|
    |add_ln42_1_fu_1708_p2     |         +|   0|  0|  38|          31|           1|
    |add_ln42_2_fu_2446_p2     |         +|   0|  0|  38|          31|           1|
    |add_ln42_fu_1094_p2       |         +|   0|  0|  38|          31|           1|
    |add_ln43_10_fu_2457_p2    |         +|   0|  0|  69|          62|          62|
    |add_ln43_11_fu_2507_p2    |         +|   0|  0|  69|          62|          62|
    |add_ln43_12_fu_2512_p2    |         +|   0|  0|  69|          62|          62|
    |add_ln43_13_fu_2525_p2    |         +|   0|  0|  71|          64|          64|
    |add_ln43_14_fu_1714_p2    |         +|   0|  0|  69|          62|          62|
    |add_ln43_16_fu_2452_p2    |         +|   0|  0|  69|          62|          62|
    |add_ln43_1_fu_1155_p2     |         +|   0|  0|  69|          62|          62|
    |add_ln43_2_fu_1160_p2     |         +|   0|  0|  69|          62|          62|
    |add_ln43_3_fu_1173_p2     |         +|   0|  0|  71|          64|          64|
    |add_ln43_4_fu_1100_p2     |         +|   0|  0|  69|          62|          62|
    |add_ln43_5_fu_1719_p2     |         +|   0|  0|  69|          62|          62|
    |add_ln43_6_fu_1769_p2     |         +|   0|  0|  69|          62|          62|
    |add_ln43_7_fu_1774_p2     |         +|   0|  0|  69|          62|          62|
    |add_ln43_8_fu_1787_p2     |         +|   0|  0|  71|          64|          64|
    |add_ln43_fu_1105_p2       |         +|   0|  0|  69|          62|          62|
    |add_ln55_10_fu_1257_p2    |         +|   0|  0|  39|          32|          32|
    |add_ln55_11_fu_1494_p2    |         +|   0|  0|  71|          64|          64|
    |add_ln55_12_fu_1724_p2    |         +|   0|  0|  39|          32|          32|
    |add_ln55_13_fu_1823_p2    |         +|   0|  0|  39|          32|          32|
    |add_ln55_14_fu_1832_p2    |         +|   0|  0|  71|          64|          64|
    |add_ln55_15_fu_1729_p2    |         +|   0|  0|  39|          32|          32|
    |add_ln55_16_fu_1861_p2    |         +|   0|  0|  39|          32|          32|
    |add_ln55_17_fu_1870_p2    |         +|   0|  0|  71|          64|          64|
    |add_ln55_18_fu_1734_p2    |         +|   0|  0|  39|          32|          32|
    |add_ln55_19_fu_1899_p2    |         +|   0|  0|  39|          32|          32|
    |add_ln55_1_fu_1209_p2     |         +|   0|  0|  39|          32|          32|
    |add_ln55_20_fu_1908_p2    |         +|   0|  0|  71|          64|          64|
    |add_ln55_21_fu_1739_p2    |         +|   0|  0|  39|          32|          32|
    |add_ln55_22_fu_1937_p2    |         +|   0|  0|  39|          32|          32|
    |add_ln55_23_fu_1946_p2    |         +|   0|  0|  71|          64|          64|
    |add_ln55_24_fu_2462_p2    |         +|   0|  0|  39|          32|          32|
    |add_ln55_25_fu_2561_p2    |         +|   0|  0|  39|          32|          32|
    |add_ln55_26_fu_2570_p2    |         +|   0|  0|  71|          64|          64|
    |add_ln55_27_fu_2467_p2    |         +|   0|  0|  39|          32|          32|
    |add_ln55_28_fu_2599_p2    |         +|   0|  0|  39|          32|          32|
    |add_ln55_29_fu_2608_p2    |         +|   0|  0|  71|          64|          64|
    |add_ln55_2_fu_1218_p2     |         +|   0|  0|  71|          64|          64|
    |add_ln55_30_fu_2472_p2    |         +|   0|  0|  39|          32|          32|
    |add_ln55_31_fu_2637_p2    |         +|   0|  0|  39|          32|          32|
    |add_ln55_32_fu_2646_p2    |         +|   0|  0|  71|          64|          64|
    |add_ln55_33_fu_2477_p2    |         +|   0|  0|  39|          32|          32|
    |add_ln55_34_fu_2675_p2    |         +|   0|  0|  39|          32|          32|
    |add_ln55_35_fu_2684_p2    |         +|   0|  0|  71|          64|          64|
    |add_ln55_3_fu_1115_p2     |         +|   0|  0|  39|          32|          32|
    |add_ln55_4_fu_1247_p2     |         +|   0|  0|  39|          32|          32|
    |add_ln55_5_fu_1350_p2     |         +|   0|  0|  71|          64|          64|
    |add_ln55_6_fu_1120_p2     |         +|   0|  0|  39|          32|          32|
    |add_ln55_7_fu_1252_p2     |         +|   0|  0|  39|          32|          32|
    |add_ln55_8_fu_1429_p2     |         +|   0|  0|  71|          64|          64|
    |add_ln55_9_fu_1125_p2     |         +|   0|  0|  39|          32|          32|
    |add_ln55_fu_1110_p2       |         +|   0|  0|  39|          32|          32|
    |branch_1_fu_2249_p2       |         +|   0|  0|  11|           3|           1|
    |mem_1_fu_1198_p2          |         +|   0|  0|  39|          32|          32|
    |mem_3_fu_1812_p2          |         +|   0|  0|  39|          32|          32|
    |mem_5_fu_2550_p2          |         +|   0|  0|  39|          32|          32|
    |t_4_fu_2207_p2            |         +|   0|  0|  38|          31|           1|
    |mul26_3_i_fu_1593_p2      |         -|   0|  0|  39|          32|          32|
    |mul26_3_i_i30_fu_2336_p2  |         -|   0|  0|  39|          32|          32|
    |mul26_3_i_i_fu_973_p2     |         -|   0|  0|  39|          32|          32|
    |sub_ln149_fu_2320_p2      |         -|   0|  0|  37|          30|          30|
    |icmp_ln123_fu_2202_p2     |      icmp|   0|  0|  39|          32|          32|
    |icmp_ln124_fu_2243_p2     |      icmp|   0|  0|  13|           3|           4|
    |icmp_ln36_1_fu_1621_p2    |      icmp|   0|  0|  71|          64|          64|
    |icmp_ln36_2_fu_2359_p2    |      icmp|   0|  0|  71|          64|          64|
    |icmp_ln36_fu_1007_p2      |      icmp|   0|  0|  71|          64|          64|
    |icmp_ln37_1_fu_1616_p2    |      icmp|   0|  0|  39|          32|          32|
    |icmp_ln37_2_fu_2354_p2    |      icmp|   0|  0|  39|          32|          32|
    |icmp_ln37_fu_1002_p2      |      icmp|   0|  0|  39|          32|          32|
    |icmp_ln42_1_fu_1703_p2    |      icmp|   0|  0|  39|          32|          32|
    |icmp_ln42_2_fu_2441_p2    |      icmp|   0|  0|  39|          32|          32|
    |icmp_ln42_fu_1089_p2      |      icmp|   0|  0|  39|          32|          32|
    |icmp_ln48_1_fu_1817_p2    |      icmp|   0|  0|  39|          32|           3|
    |icmp_ln48_2_fu_2555_p2    |      icmp|   0|  0|  39|          32|           3|
    |icmp_ln48_fu_1203_p2      |      icmp|   0|  0|  39|          32|           3|
    |icmp_ln56_1_fu_1341_p2    |      icmp|   0|  0|  10|           2|           1|
    |icmp_ln56_2_fu_1379_p2    |      icmp|   0|  0|  11|           3|           2|
    |icmp_ln56_3_fu_2008_p2    |      icmp|   0|  0|  11|           3|           1|
    |icmp_ln56_4_fu_2054_p2    |      icmp|   0|  0|  10|           2|           1|
    |icmp_ln56_5_fu_2060_p2    |      icmp|   0|  0|  11|           3|           2|
    |icmp_ln56_6_fu_2746_p2    |      icmp|   0|  0|  11|           3|           1|
    |icmp_ln56_7_fu_2792_p2    |      icmp|   0|  0|  10|           2|           1|
    |icmp_ln56_8_fu_2798_p2    |      icmp|   0|  0|  11|           3|           2|
    |icmp_ln56_fu_1295_p2      |      icmp|   0|  0|  11|           3|           1|
    |ap_block_state145_io      |        or|   0|  0|   2|           1|           1|
    |or_ln47_1_fu_1995_p2      |        or|   0|  0|   2|           1|           1|
    |or_ln47_2_fu_2733_p2      |        or|   0|  0|   2|           1|           1|
    |or_ln47_fu_1282_p2        |        or|   0|  0|   2|           1|           1|
    |select_ln36_1_fu_1019_p3  |    select|   0|  0|  31|           1|          31|
    |select_ln36_2_fu_1662_p3  |    select|   0|  0|  31|           1|          31|
    |select_ln36_3_fu_1633_p3  |    select|   0|  0|  31|           1|          31|
    |select_ln36_4_fu_2400_p3  |    select|   0|  0|  31|           1|          31|
    |select_ln36_5_fu_2371_p3  |    select|   0|  0|  31|           1|          31|
    |select_ln36_fu_1048_p3    |    select|   0|  0|  31|           1|          31|
    |select_ln47_2_fu_1987_p3  |    select|   0|  0|   4|           1|           1|
    |select_ln47_4_fu_2725_p3  |    select|   0|  0|   4|           1|           1|
    |select_ln47_fu_1274_p3    |    select|   0|  0|   4|           1|           1|
    |sp_11_fu_2487_p3          |    select|   0|  0|  31|           1|          31|
    |sp_8_fu_1135_p3           |    select|   0|  0|  31|           1|          31|
    |sp_9_fu_1749_p3           |    select|   0|  0|  31|           1|          31|
    |v_1_fu_2000_p3            |    select|   0|  0|   3|           1|           3|
    |v_2_fu_2738_p3            |    select|   0|  0|   3|           1|           3|
    |v_fu_1287_p3              |    select|   0|  0|   3|           1|           3|
    |shl_ln55_10_fu_1550_p2    |       shl|   0|  0|  71|          25|          25|
    |shl_ln55_11_fu_2021_p2    |       shl|   0|  0|   9|           1|           4|
    |shl_ln55_13_fu_2038_p2    |       shl|   0|  0|  71|          25|          25|
    |shl_ln55_14_fu_2084_p2    |       shl|   0|  0|   9|           1|           4|
    |shl_ln55_16_fu_2101_p2    |       shl|   0|  0|  71|          25|          25|
    |shl_ln55_17_fu_2117_p2    |       shl|   0|  0|   9|           1|           4|
    |shl_ln55_19_fu_2134_p2    |       shl|   0|  0|  71|          25|          25|
    |shl_ln55_20_fu_2150_p2    |       shl|   0|  0|   9|           1|           4|
    |shl_ln55_22_fu_2167_p2    |       shl|   0|  0|  71|          25|          25|
    |shl_ln55_23_fu_2759_p2    |       shl|   0|  0|   9|           1|           4|
    |shl_ln55_25_fu_2776_p2    |       shl|   0|  0|  71|          25|          25|
    |shl_ln55_26_fu_2822_p2    |       shl|   0|  0|   9|           1|           4|
    |shl_ln55_28_fu_2839_p2    |       shl|   0|  0|  71|          25|          25|
    |shl_ln55_29_fu_2855_p2    |       shl|   0|  0|   9|           1|           4|
    |shl_ln55_2_fu_1325_p2     |       shl|   0|  0|  71|          25|          25|
    |shl_ln55_31_fu_2872_p2    |       shl|   0|  0|  71|          25|          25|
    |shl_ln55_32_fu_2888_p2    |       shl|   0|  0|   9|           1|           4|
    |shl_ln55_34_fu_2905_p2    |       shl|   0|  0|  71|          25|          25|
    |shl_ln55_3_fu_1403_p2     |       shl|   0|  0|   9|           1|           4|
    |shl_ln55_5_fu_1420_p2     |       shl|   0|  0|  71|          25|          25|
    |shl_ln55_6_fu_1468_p2     |       shl|   0|  0|   9|           1|           4|
    |shl_ln55_8_fu_1485_p2     |       shl|   0|  0|  71|          25|          25|
    |shl_ln55_9_fu_1533_p2     |       shl|   0|  0|   9|           1|           4|
    |shl_ln55_fu_1308_p2       |       shl|   0|  0|   9|           1|           4|
    +--------------------------+----------+----+---+----+------------+------------+
    |Total                     |          |   0|  0|6113|        4421|        4144|
    +--------------------------+----------+----+---+----+------------+------------+

    * Multiplexer: 
    +----------------------------------+------+-----------+-----+-----------+
    |               Name               |  LUT | Input Size| Bits| Total Bits|
    +----------------------------------+------+-----------+-----+-----------+
    |ap_NS_fsm                         |  1309|        246|    1|        246|
    |branch_reg_724                    |     9|          2|    3|          6|
    |c_1_fu_268                        |     9|          2|   31|         62|
    |c_3_fu_288                        |     9|          2|   31|         62|
    |c_dst_base_reg_735                |     9|          2|   32|         64|
    |c_fu_256                          |     9|          2|   31|         62|
    |gmem0_blk_n_AR                    |     9|          2|    1|          2|
    |gmem0_blk_n_R                     |     9|          2|    1|          2|
    |gmem1_AWVALID                     |     9|          2|    1|          2|
    |gmem1_BREADY                      |     9|          2|    1|          2|
    |gmem1_WVALID                      |     9|          2|    1|          2|
    |gmem2_ARADDR                      |    14|          3|   64|        192|
    |gmem2_ARLEN                       |    14|          3|   32|         96|
    |gmem2_ARVALID                     |    14|          3|    1|          3|
    |gmem2_RREADY                      |    14|          3|    1|          3|
    |gmem3_ARADDR                      |    14|          3|   64|        192|
    |gmem3_ARLEN                       |    14|          3|   32|         96|
    |gmem3_ARVALID                     |    14|          3|    1|          3|
    |gmem3_RREADY                      |    14|          3|    1|          3|
    |gmem4_ARADDR                      |    14|          3|   64|        192|
    |gmem4_ARLEN                       |    14|          3|   32|         96|
    |gmem4_ARVALID                     |    14|          3|    1|          3|
    |gmem4_RREADY                      |    14|          3|    1|          3|
    |gmem5_ARADDR                      |    42|          8|   64|        512|
    |gmem5_ARLEN                       |    37|          7|   32|        224|
    |gmem5_ARVALID                     |    37|          7|    1|          7|
    |gmem5_AWADDR                      |    87|         18|   64|       1152|
    |gmem5_AWLEN                       |    37|          7|   32|        224|
    |gmem5_AWVALID                     |    37|          7|    1|          7|
    |gmem5_BREADY                      |    37|          7|    1|          7|
    |gmem5_RREADY                      |    37|          7|    1|          7|
    |gmem5_WDATA                       |    87|         18|   32|        576|
    |gmem5_WSTRB                       |    87|         18|    4|         72|
    |gmem5_WVALID                      |    37|          7|    1|          7|
    |gmem5_blk_n_AR                    |     9|          2|    1|          2|
    |gmem5_blk_n_AW                    |     9|          2|    1|          2|
    |gmem5_blk_n_B                     |     9|          2|    1|          2|
    |gmem5_blk_n_R                     |     9|          2|    1|          2|
    |gmem5_blk_n_W                     |     9|          2|    1|          2|
    |grp_fu_4122_ce                    |    14|          3|    1|          3|
    |grp_fu_4122_p0                    |    14|          3|   31|         93|
    |grp_fu_4122_p1                    |    14|          3|   64|        192|
    |grp_fu_4126_ce                    |    14|          3|    1|          3|
    |grp_fu_4126_p0                    |    14|          3|   32|         96|
    |grp_fu_4126_p1                    |    14|          3|   32|         96|
    |grp_fu_4130_ce                    |    14|          3|    1|          3|
    |grp_fu_4130_p0                    |    14|          3|   31|         93|
    |grp_fu_4130_p1                    |    14|          3|   64|        192|
    |grp_fu_4134_ce                    |    14|          3|    1|          3|
    |grp_fu_4134_p0                    |    14|          3|   29|         87|
    |grp_fu_4134_p1                    |    14|          3|   32|         96|
    |grp_fu_879_ce                     |    14|          3|    1|          3|
    |grp_fu_879_p0                     |    31|          6|   31|        186|
    |grp_fu_879_p1                     |    20|          4|   32|        128|
    |grp_fu_883_p0                     |    20|          4|   32|        128|
    |grp_fu_883_p1                     |    14|          3|   32|         96|
    |grp_fu_891_ce                     |    25|          5|    1|          5|
    |grp_fu_891_p0                     |    65|         12|   32|        384|
    |grp_fu_891_p1                     |    37|          7|   32|        224|
    |grp_fu_895_ce                     |    25|          5|    1|          5|
    |grp_fu_895_p0                     |    59|         11|   32|        352|
    |grp_fu_895_p1                     |    37|          7|   32|        224|
    |grp_fu_899_ce                     |    25|          5|    1|          5|
    |grp_fu_899_p0                     |    59|         11|   32|        352|
    |grp_fu_899_p1                     |    37|          7|   32|        224|
    |grp_fu_903_ce                     |     9|          2|    1|          2|
    |grp_fu_903_p0                     |    25|          5|   32|        160|
    |grp_fu_903_p1                     |    14|          3|   32|         96|
    |grp_fu_907_p0                     |    37|          7|   62|        434|
    |grp_fu_907_p1                     |    14|          3|   32|         96|
    |grp_sa_maxpool_or_1_fu_804_x_in   |    20|          4|   64|        256|
    |grp_sa_maxpool_or_1_fu_804_y_out  |    20|          4|   64|        256|
    |indvar_flatten282_fu_272          |     9|          2|   64|        128|
    |indvar_flatten354_fu_292          |     9|          2|   64|        128|
    |indvar_flatten_fu_260             |     9|          2|   64|        128|
    |mem_2_reg_701                     |     9|          2|   32|         64|
    |mem_4_reg_758                     |     9|          2|   32|         64|
    |mem_reg_667                       |     9|          2|   32|         64|
    |phi_mul358_reg_713                |     9|          2|   62|        124|
    |phi_mul364_fu_276                 |     9|          2|   32|         64|
    |phi_mul375_reg_770                |     9|          2|   62|        124|
    |phi_mul_reg_679                   |     9|          2|   62|        124|
    |sp_2_fu_264                       |     9|          2|   31|         62|
    |sp_6_fu_284                       |     9|          2|   31|         62|
    |sp_fu_252                         |     9|          2|   31|         62|
    |t_1_fu_280                        |     9|          2|   31|         62|
    |t_2_reg_690                       |     9|          2|   31|         62|
    |t_5_reg_747                       |     9|          2|   31|         62|
    |t_reg_656                         |     9|          2|   31|         62|
    +----------------------------------+------+-----------+-----+-----------+
    |Total                             |  3102|        611| 2318|      10218|
    +----------------------------------+------+-----------+-----+-----------+

    * Register: 
    +---------------------------------------------------------------------------------------------------+-----+----+-----+-----------+
    |                                                Name                                               |  FF | LUT| Bits| Const Bits|
    +---------------------------------------------------------------------------------------------------+-----+----+-----+-----------+
    |C_cat_reg_3486                                                                                     |   30|   0|   32|          2|
    |C_in_read_reg_2998                                                                                 |   32|   0|   32|          0|
    |C_mid_read_reg_2981                                                                                |   32|   0|   32|          0|
    |C_out_read_reg_2976                                                                                |   32|   0|   32|          0|
    |H_read_reg_2962                                                                                    |   32|   0|   32|          0|
    |T_read_reg_3009                                                                                    |   32|   0|   32|          0|
    |T_spk_reg_3463                                                                                     |   30|   0|   32|          2|
    |W_read_reg_2941                                                                                    |   32|   0|   32|          0|
    |add_ln123_reg_3772                                                                                 |   32|   0|   32|          0|
    |add_ln124_reg_3816                                                                                 |   32|   0|   32|          0|
    |add_ln36_10_reg_3887                                                                               |   64|   0|   64|          0|
    |add_ln36_11_reg_3909                                                                               |   32|   0|   32|          0|
    |add_ln36_12_reg_3914                                                                               |   32|   0|   32|          0|
    |add_ln36_13_reg_3919                                                                               |   32|   0|   32|          0|
    |add_ln36_1_reg_3214                                                                                |   32|   0|   32|          0|
    |add_ln36_2_reg_3219                                                                                |   32|   0|   32|          0|
    |add_ln36_3_reg_3224                                                                                |   32|   0|   32|          0|
    |add_ln36_5_reg_3540                                                                                |   32|   0|   32|          0|
    |add_ln36_6_reg_3545                                                                                |   32|   0|   32|          0|
    |add_ln36_7_reg_3550                                                                                |   32|   0|   32|          0|
    |add_ln36_8_reg_3518                                                                                |   64|   0|   64|          0|
    |add_ln36_reg_3192                                                                                  |   64|   0|   64|          0|
    |add_ln42_1_reg_3589                                                                                |   31|   0|   31|          0|
    |add_ln42_2_reg_3958                                                                                |   31|   0|   31|          0|
    |add_ln42_reg_3263                                                                                  |   31|   0|   31|          0|
    |add_ln43_10_reg_3968                                                                               |   62|   0|   62|          0|
    |add_ln43_11_reg_3993                                                                               |   62|   0|   62|          0|
    |add_ln43_14_reg_3594                                                                               |   62|   0|   62|          0|
    |add_ln43_16_reg_3963                                                                               |   62|   0|   62|          0|
    |add_ln43_1_reg_3298                                                                                |   62|   0|   62|          0|
    |add_ln43_4_reg_3268                                                                                |   62|   0|   62|          0|
    |add_ln43_5_reg_3599                                                                                |   62|   0|   62|          0|
    |add_ln43_6_reg_3624                                                                                |   62|   0|   62|          0|
    |add_ln43_reg_3273                                                                                  |   62|   0|   62|          0|
    |add_ln55_10_reg_3346                                                                               |   32|   0|   32|          0|
    |add_ln55_12_reg_3604                                                                               |   32|   0|   32|          0|
    |add_ln55_15_reg_3609                                                                               |   32|   0|   32|          0|
    |add_ln55_18_reg_3614                                                                               |   32|   0|   32|          0|
    |add_ln55_21_reg_3619                                                                               |   32|   0|   32|          0|
    |add_ln55_24_reg_3973                                                                               |   32|   0|   32|          0|
    |add_ln55_27_reg_3978                                                                               |   32|   0|   32|          0|
    |add_ln55_30_reg_3983                                                                               |   32|   0|   32|          0|
    |add_ln55_33_reg_3988                                                                               |   32|   0|   32|          0|
    |add_ln55_3_reg_3283                                                                                |   32|   0|   32|          0|
    |add_ln55_4_reg_3336                                                                                |   32|   0|   32|          0|
    |add_ln55_6_reg_3288                                                                                |   32|   0|   32|          0|
    |add_ln55_7_reg_3341                                                                                |   32|   0|   32|          0|
    |add_ln55_9_reg_3293                                                                                |   32|   0|   32|          0|
    |add_ln55_reg_3278                                                                                  |   32|   0|   32|          0|
    |ap_CS_fsm                                                                                          |  245|   0|  245|          0|
    |bound307_reg_3844                                                                                  |   96|   0|   96|          0|
    |branch_1_reg_3824                                                                                  |    3|   0|    3|          0|
    |branch_reg_724                                                                                     |    3|   0|    3|          0|
    |c_1_fu_268                                                                                         |   31|   0|   31|          0|
    |c_3_fu_288                                                                                         |   31|   0|   31|          0|
    |c_dst_base_reg_735                                                                                 |   32|   0|   32|          0|
    |c_fu_256                                                                                           |   31|   0|   31|          0|
    |cat_i32_buf_read_reg_3040                                                                          |   64|   0|   64|          0|
    |concat_buf_read_reg_3046                                                                           |   64|   0|   64|          0|
    |cv1_b_read_reg_3108                                                                                |   64|   0|   64|          0|
    |cv1_s_read_reg_3103                                                                                |   64|   0|   64|          0|
    |cv1_w_read_reg_3113                                                                                |   64|   0|   64|          0|
    |cv2_b_read_reg_3093                                                                                |   64|   0|   64|          0|
    |cv2_s_read_reg_3088                                                                                |   64|   0|   64|          0|
    |cv2_w_read_reg_3098                                                                                |   64|   0|   64|          0|
    |div29_i_i53_reg_3929                                                                               |   32|   0|   32|          0|
    |div29_i_i_reg_3234                                                                                 |   32|   0|   32|          0|
    |div29_i_reg_3560                                                                                   |   32|   0|   32|          0|
    |empty_70_reg_3476                                                                                  |   31|   0|   32|          1|
    |empty_71_reg_3481                                                                                  |   30|   0|   30|          0|
    |empty_80_reg_3785                                                                                  |   30|   0|   32|          2|
    |empty_82_reg_3859                                                                                  |   29|   0|   32|          3|
    |empty_reg_3154                                                                                     |   31|   0|   32|          1|
    |gmem0_addr_read_reg_3309                                                                           |   32|   0|   32|          0|
    |gmem0_addr_reg_3303                                                                                |   64|   0|   64|          0|
    |gmem5_addr_10_reg_4025                                                                             |   64|   0|   64|          0|
    |gmem5_addr_11_reg_4037                                                                             |   64|   0|   64|          0|
    |gmem5_addr_12_reg_4049                                                                             |   64|   0|   64|          0|
    |gmem5_addr_13_reg_4061                                                                             |   64|   0|   64|          0|
    |gmem5_addr_1_reg_3372                                                                              |   64|   0|   64|          0|
    |gmem5_addr_2_reg_3404                                                                              |   64|   0|   64|          0|
    |gmem5_addr_3_reg_3426                                                                              |   64|   0|   64|          0|
    |gmem5_addr_4_read_reg_3635                                                                         |   32|   0|   32|          0|
    |gmem5_addr_4_reg_3629                                                                              |   64|   0|   64|          0|
    |gmem5_addr_5_reg_3656                                                                              |   64|   0|   64|          0|
    |gmem5_addr_6_reg_3668                                                                              |   64|   0|   64|          0|
    |gmem5_addr_7_reg_3680                                                                              |   64|   0|   64|          0|
    |gmem5_addr_8_reg_3692                                                                              |   64|   0|   64|          0|
    |gmem5_addr_9_read_reg_4004                                                                         |   32|   0|   32|          0|
    |gmem5_addr_9_reg_3998                                                                              |   64|   0|   64|          0|
    |gmem5_addr_reg_3330                                                                                |   64|   0|   64|          0|
    |grp_sa_conv2d_bn_8_47_75_154_164_174_187_1_fu_781_ap_start_reg                                     |    1|   0|    1|          0|
    |grp_sa_conv2d_bn_8_47_75_154_164_174_1_fu_854_ap_start_reg                                         |    1|   0|    1|          0|
    |grp_sa_maxpool_or_1_fu_804_ap_start_reg                                                            |    1|   0|    1|          0|
    |grp_sa_spike_sppf_Pipeline_VITIS_LOOP_133_3_VITIS_LOOP_134_4_fu_817_ap_start_reg                   |    1|   0|    1|          0|
    |grp_sa_spike_sppf_Pipeline_VITIS_LOOP_149_5_VITIS_LOOP_150_6_VITIS_LOOP_151_7_fu_837_ap_start_reg  |    1|   0|    1|          0|
    |icmp_ln37_1_reg_3508                                                                               |    1|   0|    1|          0|
    |icmp_ln37_2_reg_3877                                                                               |    1|   0|    1|          0|
    |icmp_ln37_reg_3182                                                                                 |    1|   0|    1|          0|
    |icmp_ln48_1_reg_3645                                                                               |    1|   0|    1|          0|
    |icmp_ln48_2_reg_4014                                                                               |    1|   0|    1|          0|
    |icmp_ln48_reg_3319                                                                                 |    1|   0|    1|          0|
    |icmp_ln56_1_reg_3361                                                                               |    1|   0|    1|          0|
    |icmp_ln56_2_reg_3378                                                                               |    1|   0|    1|          0|
    |icmp_ln56_4_reg_3708                                                                               |    1|   0|    1|          0|
    |icmp_ln56_5_reg_3713                                                                               |    1|   0|    1|          0|
    |icmp_ln56_7_reg_4077                                                                               |    1|   0|    1|          0|
    |icmp_ln56_8_reg_4082                                                                               |    1|   0|    1|          0|
    |indvar_flatten282_fu_272                                                                           |   64|   0|   64|          0|
    |indvar_flatten354_fu_292                                                                           |   64|   0|   64|          0|
    |indvar_flatten_fu_260                                                                              |   64|   0|   64|          0|
    |k_read_reg_2936                                                                                    |   32|   0|   32|          0|
    |mem_2_reg_701                                                                                      |   32|   0|   32|          0|
    |mem_4_reg_758                                                                                      |   32|   0|   32|          0|
    |mem_reg_667                                                                                        |   32|   0|   32|          0|
    |mul26_3_i_i30_reg_3864                                                                             |   30|   0|   32|          2|
    |mul26_3_i_i_reg_3159                                                                               |   32|   0|   32|          0|
    |mul26_3_i_reg_3495                                                                                 |   32|   0|   32|          0|
    |mul62_2_reg_3849                                                                                   |   29|   0|   30|          1|
    |phi_mul358_reg_713                                                                                 |   62|   0|   62|          0|
    |phi_mul364_fu_276                                                                                  |   32|   0|   32|          0|
    |phi_mul364_load_reg_3767                                                                           |   32|   0|   32|          0|
    |phi_mul375_reg_770                                                                                 |   62|   0|   62|          0|
    |phi_mul_reg_679                                                                                    |   62|   0|   62|          0|
    |ping_buf_read_reg_3082                                                                             |   64|   0|   64|          0|
    |pool_buf1_read_reg_3065                                                                            |   64|   0|   64|          0|
    |pool_buf2_read_reg_3058                                                                            |   64|   0|   64|          0|
    |pool_buf3_read_reg_3052                                                                            |   64|   0|   64|          0|
    |reg_911                                                                                            |   64|   0|   64|          0|
    |reg_917                                                                                            |   32|   0|   32|          0|
    |reg_921                                                                                            |   32|   0|   32|          0|
    |reg_925                                                                                            |   32|   0|   32|          0|
    |reg_929                                                                                            |   32|   0|   32|          0|
    |reg_933                                                                                            |   62|   0|   62|          0|
    |reg_937                                                                                            |   32|   0|   32|          0|
    |rem32_i_i54_reg_3937                                                                               |   32|   0|   32|          0|
    |rem32_i_i_reg_3242                                                                                 |   32|   0|   32|          0|
    |rem32_i_reg_3568                                                                                   |   32|   0|   32|          0|
    |select_ln36_2_reg_3529                                                                             |   31|   0|   31|          0|
    |select_ln36_4_reg_3898                                                                             |   31|   0|   31|          0|
    |select_ln36_reg_3203                                                                               |   31|   0|   31|          0|
    |sext_ln36_1_reg_3500                                                                               |   62|   0|   62|          0|
    |sext_ln36_2_reg_3869                                                                               |   60|   0|   62|          2|
    |sext_ln36_reg_3164                                                                                 |   62|   0|   62|          0|
    |sext_ln43_1_reg_3250                                                                               |   62|   0|   62|          0|
    |sext_ln43_2_reg_3174                                                                               |   62|   0|   62|          0|
    |sext_ln43_4_reg_3576                                                                               |   62|   0|   62|          0|
    |sext_ln43_6_reg_3945                                                                               |   62|   0|   62|          0|
    |sext_ln43_reg_3169                                                                                 |   62|   0|   62|          0|
    |shl_ln55_10_reg_3437                                                                               |   25|   0|   25|          0|
    |shl_ln55_11_reg_3698                                                                               |    4|   0|    4|          0|
    |shl_ln55_13_reg_3703                                                                               |   25|   0|   25|          0|
    |shl_ln55_14_reg_3723                                                                               |    4|   0|    4|          0|
    |shl_ln55_16_reg_3728                                                                               |   25|   0|   25|          0|
    |shl_ln55_17_reg_3733                                                                               |    4|   0|    4|          0|
    |shl_ln55_19_reg_3738                                                                               |   25|   0|   25|          0|
    |shl_ln55_20_reg_3743                                                                               |    4|   0|    4|          0|
    |shl_ln55_22_reg_3748                                                                               |   25|   0|   25|          0|
    |shl_ln55_23_reg_4067                                                                               |    4|   0|    4|          0|
    |shl_ln55_25_reg_4072                                                                               |   25|   0|   25|          0|
    |shl_ln55_26_reg_4092                                                                               |    4|   0|    4|          0|
    |shl_ln55_28_reg_4097                                                                               |   25|   0|   25|          0|
    |shl_ln55_29_reg_4102                                                                               |    4|   0|    4|          0|
    |shl_ln55_2_reg_3356                                                                                |   25|   0|   25|          0|
    |shl_ln55_31_reg_4107                                                                               |   25|   0|   25|          0|
    |shl_ln55_32_reg_4112                                                                               |    4|   0|    4|          0|
    |shl_ln55_34_reg_4117                                                                               |   25|   0|   25|          0|
    |shl_ln55_3_reg_3388                                                                                |    4|   0|    4|          0|
    |shl_ln55_5_reg_3393                                                                                |   25|   0|   25|          0|
    |shl_ln55_6_reg_3410                                                                                |    4|   0|    4|          0|
    |shl_ln55_8_reg_3415                                                                                |   25|   0|   25|          0|
    |shl_ln55_9_reg_3432                                                                                |    4|   0|    4|          0|
    |shl_ln55_reg_3351                                                                                  |    4|   0|    4|          0|
    |sp_2_fu_264                                                                                        |   31|   0|   31|          0|
    |sp_6_fu_284                                                                                        |   31|   0|   31|          0|
    |sp_fu_252                                                                                          |   31|   0|   31|          0|
    |spatial_reg_3134                                                                                   |   32|   0|   32|          0|
    |spike_buf_read_reg_3026                                                                            |   64|   0|   64|          0|
    |spk_buf_read_reg_3072                                                                              |   64|   0|   64|          0|
    |src_s_reg_3829                                                                                     |    2|   0|    2|          0|
    |sub_ln149_reg_3854                                                                                 |   30|   0|   30|          0|
    |t_1_fu_280                                                                                         |   31|   0|   31|          0|
    |t_2_reg_690                                                                                        |   31|   0|   31|          0|
    |t_4_reg_3780                                                                                       |   31|   0|   31|          0|
    |t_5_reg_747                                                                                        |   31|   0|   31|          0|
    |t_reg_656                                                                                          |   31|   0|   31|          0|
    |tmp_10_reg_4087                                                                                    |    1|   0|    1|          0|
    |tmp_4_reg_3383                                                                                     |    1|   0|    1|          0|
    |tmp_7_reg_3718                                                                                     |    1|   0|    1|          0|
    |tmp_acc_read_reg_3020                                                                              |   64|   0|   64|          0|
    |trunc_ln55_10_reg_3662                                                                             |    2|   0|    2|          0|
    |trunc_ln55_12_reg_3674                                                                             |    2|   0|    2|          0|
    |trunc_ln55_14_reg_3686                                                                             |    2|   0|    2|          0|
    |trunc_ln55_16_reg_4019                                                                             |    2|   0|    2|          0|
    |trunc_ln55_18_reg_4031                                                                             |    2|   0|    2|          0|
    |trunc_ln55_1_reg_3324                                                                              |    2|   0|    2|          0|
    |trunc_ln55_20_reg_4043                                                                             |    2|   0|    2|          0|
    |trunc_ln55_22_reg_4055                                                                             |    2|   0|    2|          0|
    |trunc_ln55_2_reg_3366                                                                              |    2|   0|    2|          0|
    |trunc_ln55_4_reg_3398                                                                              |    2|   0|    2|          0|
    |trunc_ln55_6_reg_3420                                                                              |    2|   0|    2|          0|
    |trunc_ln55_8_reg_3650                                                                              |    2|   0|    2|          0|
    |trunc_ln55_reg_3128                                                                                |   30|   0|   30|          0|
    |x_in_read_reg_3123                                                                                 |   64|   0|   64|          0|
    |y_out_read_reg_3118                                                                                |   64|   0|   64|          0|
    |zext_ln36_1_reg_3229                                                                               |   31|   0|   62|         31|
    |zext_ln36_2_reg_3209                                                                               |   31|   0|   32|          1|
    |zext_ln36_3_reg_3555                                                                               |   31|   0|   62|         31|
    |zext_ln36_4_reg_3535                                                                               |   31|   0|   32|          1|
    |zext_ln36_5_reg_3924                                                                               |   31|   0|   62|         31|
    |zext_ln36_6_reg_3904                                                                               |   31|   0|   32|          1|
    |zext_ln43_1_reg_3581                                                                               |   32|   0|   62|         30|
    |zext_ln43_2_reg_3950                                                                               |   32|   0|   62|         30|
    |zext_ln43_reg_3255                                                                                 |   32|   0|   62|         30|
    |zext_ln55_8_reg_3149                                                                               |   32|   0|   64|         32|
    +---------------------------------------------------------------------------------------------------+-----+----+-----+-----------+
    |Total                                                                                              | 7500|   0| 7734|        234|
    +---------------------------------------------------------------------------------------------------+-----+----+-----+-----------+



================================================================
== Interface
================================================================
* Summary: 
+-------------------------+-----+-----+------------+---------------+--------------+
|        RTL Ports        | Dir | Bits|  Protocol  | Source Object |    C Type    |
+-------------------------+-----+-----+------------+---------------+--------------+
|s_axi_control_AWVALID    |   in|    1|       s_axi|        control|        scalar|
|s_axi_control_AWREADY    |  out|    1|       s_axi|        control|        scalar|
|s_axi_control_AWADDR     |   in|    7|       s_axi|        control|        scalar|
|s_axi_control_WVALID     |   in|    1|       s_axi|        control|        scalar|
|s_axi_control_WREADY     |  out|    1|       s_axi|        control|        scalar|
|s_axi_control_WDATA      |   in|   32|       s_axi|        control|        scalar|
|s_axi_control_WSTRB      |   in|    4|       s_axi|        control|        scalar|
|s_axi_control_ARVALID    |   in|    1|       s_axi|        control|        scalar|
|s_axi_control_ARREADY    |  out|    1|       s_axi|        control|        scalar|
|s_axi_control_ARADDR     |   in|    7|       s_axi|        control|        scalar|
|s_axi_control_RVALID     |  out|    1|       s_axi|        control|        scalar|
|s_axi_control_RREADY     |   in|    1|       s_axi|        control|        scalar|
|s_axi_control_RDATA      |  out|   32|       s_axi|        control|        scalar|
|s_axi_control_RRESP      |  out|    2|       s_axi|        control|        scalar|
|s_axi_control_BVALID     |  out|    1|       s_axi|        control|        scalar|
|s_axi_control_BREADY     |   in|    1|       s_axi|        control|        scalar|
|s_axi_control_BRESP      |  out|    2|       s_axi|        control|        scalar|
|s_axi_control_r_AWVALID  |   in|    1|       s_axi|      control_r|        scalar|
|s_axi_control_r_AWREADY  |  out|    1|       s_axi|      control_r|        scalar|
|s_axi_control_r_AWADDR   |   in|    8|       s_axi|      control_r|        scalar|
|s_axi_control_r_WVALID   |   in|    1|       s_axi|      control_r|        scalar|
|s_axi_control_r_WREADY   |  out|    1|       s_axi|      control_r|        scalar|
|s_axi_control_r_WDATA    |   in|   32|       s_axi|      control_r|        scalar|
|s_axi_control_r_WSTRB    |   in|    4|       s_axi|      control_r|        scalar|
|s_axi_control_r_ARVALID  |   in|    1|       s_axi|      control_r|        scalar|
|s_axi_control_r_ARREADY  |  out|    1|       s_axi|      control_r|        scalar|
|s_axi_control_r_ARADDR   |   in|    8|       s_axi|      control_r|        scalar|
|s_axi_control_r_RVALID   |  out|    1|       s_axi|      control_r|        scalar|
|s_axi_control_r_RREADY   |   in|    1|       s_axi|      control_r|        scalar|
|s_axi_control_r_RDATA    |  out|   32|       s_axi|      control_r|        scalar|
|s_axi_control_r_RRESP    |  out|    2|       s_axi|      control_r|        scalar|
|s_axi_control_r_BVALID   |  out|    1|       s_axi|      control_r|        scalar|
|s_axi_control_r_BREADY   |   in|    1|       s_axi|      control_r|        scalar|
|s_axi_control_r_BRESP    |  out|    2|       s_axi|      control_r|        scalar|
|ap_clk                   |   in|    1|  ap_ctrl_hs|  sa_spike_sppf|  return value|
|ap_rst_n                 |   in|    1|  ap_ctrl_hs|  sa_spike_sppf|  return value|
|interrupt                |  out|    1|  ap_ctrl_hs|  sa_spike_sppf|  return value|
|m_axi_gmem0_AWVALID      |  out|    1|       m_axi|          gmem0|       pointer|
|m_axi_gmem0_AWREADY      |   in|    1|       m_axi|          gmem0|       pointer|
|m_axi_gmem0_AWADDR       |  out|   64|       m_axi|          gmem0|       pointer|
|m_axi_gmem0_AWID         |  out|    1|       m_axi|          gmem0|       pointer|
|m_axi_gmem0_AWLEN        |  out|    8|       m_axi|          gmem0|       pointer|
|m_axi_gmem0_AWSIZE       |  out|    3|       m_axi|          gmem0|       pointer|
|m_axi_gmem0_AWBURST      |  out|    2|       m_axi|          gmem0|       pointer|
|m_axi_gmem0_AWLOCK       |  out|    2|       m_axi|          gmem0|       pointer|
|m_axi_gmem0_AWCACHE      |  out|    4|       m_axi|          gmem0|       pointer|
|m_axi_gmem0_AWPROT       |  out|    3|       m_axi|          gmem0|       pointer|
|m_axi_gmem0_AWQOS        |  out|    4|       m_axi|          gmem0|       pointer|
|m_axi_gmem0_AWREGION     |  out|    4|       m_axi|          gmem0|       pointer|
|m_axi_gmem0_AWUSER       |  out|    1|       m_axi|          gmem0|       pointer|
|m_axi_gmem0_WVALID       |  out|    1|       m_axi|          gmem0|       pointer|
|m_axi_gmem0_WREADY       |   in|    1|       m_axi|          gmem0|       pointer|
|m_axi_gmem0_WDATA        |  out|   32|       m_axi|          gmem0|       pointer|
|m_axi_gmem0_WSTRB        |  out|    4|       m_axi|          gmem0|       pointer|
|m_axi_gmem0_WLAST        |  out|    1|       m_axi|          gmem0|       pointer|
|m_axi_gmem0_WID          |  out|    1|       m_axi|          gmem0|       pointer|
|m_axi_gmem0_WUSER        |  out|    1|       m_axi|          gmem0|       pointer|
|m_axi_gmem0_ARVALID      |  out|    1|       m_axi|          gmem0|       pointer|
|m_axi_gmem0_ARREADY      |   in|    1|       m_axi|          gmem0|       pointer|
|m_axi_gmem0_ARADDR       |  out|   64|       m_axi|          gmem0|       pointer|
|m_axi_gmem0_ARID         |  out|    1|       m_axi|          gmem0|       pointer|
|m_axi_gmem0_ARLEN        |  out|    8|       m_axi|          gmem0|       pointer|
|m_axi_gmem0_ARSIZE       |  out|    3|       m_axi|          gmem0|       pointer|
|m_axi_gmem0_ARBURST      |  out|    2|       m_axi|          gmem0|       pointer|
|m_axi_gmem0_ARLOCK       |  out|    2|       m_axi|          gmem0|       pointer|
|m_axi_gmem0_ARCACHE      |  out|    4|       m_axi|          gmem0|       pointer|
|m_axi_gmem0_ARPROT       |  out|    3|       m_axi|          gmem0|       pointer|
|m_axi_gmem0_ARQOS        |  out|    4|       m_axi|          gmem0|       pointer|
|m_axi_gmem0_ARREGION     |  out|    4|       m_axi|          gmem0|       pointer|
|m_axi_gmem0_ARUSER       |  out|    1|       m_axi|          gmem0|       pointer|
|m_axi_gmem0_RVALID       |   in|    1|       m_axi|          gmem0|       pointer|
|m_axi_gmem0_RREADY       |  out|    1|       m_axi|          gmem0|       pointer|
|m_axi_gmem0_RDATA        |   in|   32|       m_axi|          gmem0|       pointer|
|m_axi_gmem0_RLAST        |   in|    1|       m_axi|          gmem0|       pointer|
|m_axi_gmem0_RID          |   in|    1|       m_axi|          gmem0|       pointer|
|m_axi_gmem0_RUSER        |   in|    1|       m_axi|          gmem0|       pointer|
|m_axi_gmem0_RRESP        |   in|    2|       m_axi|          gmem0|       pointer|
|m_axi_gmem0_BVALID       |   in|    1|       m_axi|          gmem0|       pointer|
|m_axi_gmem0_BREADY       |  out|    1|       m_axi|          gmem0|       pointer|
|m_axi_gmem0_BRESP        |   in|    2|       m_axi|          gmem0|       pointer|
|m_axi_gmem0_BID          |   in|    1|       m_axi|          gmem0|       pointer|
|m_axi_gmem0_BUSER        |   in|    1|       m_axi|          gmem0|       pointer|
|m_axi_gmem1_AWVALID      |  out|    1|       m_axi|          gmem1|       pointer|
|m_axi_gmem1_AWREADY      |   in|    1|       m_axi|          gmem1|       pointer|
|m_axi_gmem1_AWADDR       |  out|   64|       m_axi|          gmem1|       pointer|
|m_axi_gmem1_AWID         |  out|    1|       m_axi|          gmem1|       pointer|
|m_axi_gmem1_AWLEN        |  out|    8|       m_axi|          gmem1|       pointer|
|m_axi_gmem1_AWSIZE       |  out|    3|       m_axi|          gmem1|       pointer|
|m_axi_gmem1_AWBURST      |  out|    2|       m_axi|          gmem1|       pointer|
|m_axi_gmem1_AWLOCK       |  out|    2|       m_axi|          gmem1|       pointer|
|m_axi_gmem1_AWCACHE      |  out|    4|       m_axi|          gmem1|       pointer|
|m_axi_gmem1_AWPROT       |  out|    3|       m_axi|          gmem1|       pointer|
|m_axi_gmem1_AWQOS        |  out|    4|       m_axi|          gmem1|       pointer|
|m_axi_gmem1_AWREGION     |  out|    4|       m_axi|          gmem1|       pointer|
|m_axi_gmem1_AWUSER       |  out|    1|       m_axi|          gmem1|       pointer|
|m_axi_gmem1_WVALID       |  out|    1|       m_axi|          gmem1|       pointer|
|m_axi_gmem1_WREADY       |   in|    1|       m_axi|          gmem1|       pointer|
|m_axi_gmem1_WDATA        |  out|   32|       m_axi|          gmem1|       pointer|
|m_axi_gmem1_WSTRB        |  out|    4|       m_axi|          gmem1|       pointer|
|m_axi_gmem1_WLAST        |  out|    1|       m_axi|          gmem1|       pointer|
|m_axi_gmem1_WID          |  out|    1|       m_axi|          gmem1|       pointer|
|m_axi_gmem1_WUSER        |  out|    1|       m_axi|          gmem1|       pointer|
|m_axi_gmem1_ARVALID      |  out|    1|       m_axi|          gmem1|       pointer|
|m_axi_gmem1_ARREADY      |   in|    1|       m_axi|          gmem1|       pointer|
|m_axi_gmem1_ARADDR       |  out|   64|       m_axi|          gmem1|       pointer|
|m_axi_gmem1_ARID         |  out|    1|       m_axi|          gmem1|       pointer|
|m_axi_gmem1_ARLEN        |  out|    8|       m_axi|          gmem1|       pointer|
|m_axi_gmem1_ARSIZE       |  out|    3|       m_axi|          gmem1|       pointer|
|m_axi_gmem1_ARBURST      |  out|    2|       m_axi|          gmem1|       pointer|
|m_axi_gmem1_ARLOCK       |  out|    2|       m_axi|          gmem1|       pointer|
|m_axi_gmem1_ARCACHE      |  out|    4|       m_axi|          gmem1|       pointer|
|m_axi_gmem1_ARPROT       |  out|    3|       m_axi|          gmem1|       pointer|
|m_axi_gmem1_ARQOS        |  out|    4|       m_axi|          gmem1|       pointer|
|m_axi_gmem1_ARREGION     |  out|    4|       m_axi|          gmem1|       pointer|
|m_axi_gmem1_ARUSER       |  out|    1|       m_axi|          gmem1|       pointer|
|m_axi_gmem1_RVALID       |   in|    1|       m_axi|          gmem1|       pointer|
|m_axi_gmem1_RREADY       |  out|    1|       m_axi|          gmem1|       pointer|
|m_axi_gmem1_RDATA        |   in|   32|       m_axi|          gmem1|       pointer|
|m_axi_gmem1_RLAST        |   in|    1|       m_axi|          gmem1|       pointer|
|m_axi_gmem1_RID          |   in|    1|       m_axi|          gmem1|       pointer|
|m_axi_gmem1_RUSER        |   in|    1|       m_axi|          gmem1|       pointer|
|m_axi_gmem1_RRESP        |   in|    2|       m_axi|          gmem1|       pointer|
|m_axi_gmem1_BVALID       |   in|    1|       m_axi|          gmem1|       pointer|
|m_axi_gmem1_BREADY       |  out|    1|       m_axi|          gmem1|       pointer|
|m_axi_gmem1_BRESP        |   in|    2|       m_axi|          gmem1|       pointer|
|m_axi_gmem1_BID          |   in|    1|       m_axi|          gmem1|       pointer|
|m_axi_gmem1_BUSER        |   in|    1|       m_axi|          gmem1|       pointer|
|m_axi_gmem2_AWVALID      |  out|    1|       m_axi|          gmem2|       pointer|
|m_axi_gmem2_AWREADY      |   in|    1|       m_axi|          gmem2|       pointer|
|m_axi_gmem2_AWADDR       |  out|   64|       m_axi|          gmem2|       pointer|
|m_axi_gmem2_AWID         |  out|    1|       m_axi|          gmem2|       pointer|
|m_axi_gmem2_AWLEN        |  out|    8|       m_axi|          gmem2|       pointer|
|m_axi_gmem2_AWSIZE       |  out|    3|       m_axi|          gmem2|       pointer|
|m_axi_gmem2_AWBURST      |  out|    2|       m_axi|          gmem2|       pointer|
|m_axi_gmem2_AWLOCK       |  out|    2|       m_axi|          gmem2|       pointer|
|m_axi_gmem2_AWCACHE      |  out|    4|       m_axi|          gmem2|       pointer|
|m_axi_gmem2_AWPROT       |  out|    3|       m_axi|          gmem2|       pointer|
|m_axi_gmem2_AWQOS        |  out|    4|       m_axi|          gmem2|       pointer|
|m_axi_gmem2_AWREGION     |  out|    4|       m_axi|          gmem2|       pointer|
|m_axi_gmem2_AWUSER       |  out|    1|       m_axi|          gmem2|       pointer|
|m_axi_gmem2_WVALID       |  out|    1|       m_axi|          gmem2|       pointer|
|m_axi_gmem2_WREADY       |   in|    1|       m_axi|          gmem2|       pointer|
|m_axi_gmem2_WDATA        |  out|   32|       m_axi|          gmem2|       pointer|
|m_axi_gmem2_WSTRB        |  out|    4|       m_axi|          gmem2|       pointer|
|m_axi_gmem2_WLAST        |  out|    1|       m_axi|          gmem2|       pointer|
|m_axi_gmem2_WID          |  out|    1|       m_axi|          gmem2|       pointer|
|m_axi_gmem2_WUSER        |  out|    1|       m_axi|          gmem2|       pointer|
|m_axi_gmem2_ARVALID      |  out|    1|       m_axi|          gmem2|       pointer|
|m_axi_gmem2_ARREADY      |   in|    1|       m_axi|          gmem2|       pointer|
|m_axi_gmem2_ARADDR       |  out|   64|       m_axi|          gmem2|       pointer|
|m_axi_gmem2_ARID         |  out|    1|       m_axi|          gmem2|       pointer|
|m_axi_gmem2_ARLEN        |  out|    8|       m_axi|          gmem2|       pointer|
|m_axi_gmem2_ARSIZE       |  out|    3|       m_axi|          gmem2|       pointer|
|m_axi_gmem2_ARBURST      |  out|    2|       m_axi|          gmem2|       pointer|
|m_axi_gmem2_ARLOCK       |  out|    2|       m_axi|          gmem2|       pointer|
|m_axi_gmem2_ARCACHE      |  out|    4|       m_axi|          gmem2|       pointer|
|m_axi_gmem2_ARPROT       |  out|    3|       m_axi|          gmem2|       pointer|
|m_axi_gmem2_ARQOS        |  out|    4|       m_axi|          gmem2|       pointer|
|m_axi_gmem2_ARREGION     |  out|    4|       m_axi|          gmem2|       pointer|
|m_axi_gmem2_ARUSER       |  out|    1|       m_axi|          gmem2|       pointer|
|m_axi_gmem2_RVALID       |   in|    1|       m_axi|          gmem2|       pointer|
|m_axi_gmem2_RREADY       |  out|    1|       m_axi|          gmem2|       pointer|
|m_axi_gmem2_RDATA        |   in|   32|       m_axi|          gmem2|       pointer|
|m_axi_gmem2_RLAST        |   in|    1|       m_axi|          gmem2|       pointer|
|m_axi_gmem2_RID          |   in|    1|       m_axi|          gmem2|       pointer|
|m_axi_gmem2_RUSER        |   in|    1|       m_axi|          gmem2|       pointer|
|m_axi_gmem2_RRESP        |   in|    2|       m_axi|          gmem2|       pointer|
|m_axi_gmem2_BVALID       |   in|    1|       m_axi|          gmem2|       pointer|
|m_axi_gmem2_BREADY       |  out|    1|       m_axi|          gmem2|       pointer|
|m_axi_gmem2_BRESP        |   in|    2|       m_axi|          gmem2|       pointer|
|m_axi_gmem2_BID          |   in|    1|       m_axi|          gmem2|       pointer|
|m_axi_gmem2_BUSER        |   in|    1|       m_axi|          gmem2|       pointer|
|m_axi_gmem3_AWVALID      |  out|    1|       m_axi|          gmem3|       pointer|
|m_axi_gmem3_AWREADY      |   in|    1|       m_axi|          gmem3|       pointer|
|m_axi_gmem3_AWADDR       |  out|   64|       m_axi|          gmem3|       pointer|
|m_axi_gmem3_AWID         |  out|    1|       m_axi|          gmem3|       pointer|
|m_axi_gmem3_AWLEN        |  out|    8|       m_axi|          gmem3|       pointer|
|m_axi_gmem3_AWSIZE       |  out|    3|       m_axi|          gmem3|       pointer|
|m_axi_gmem3_AWBURST      |  out|    2|       m_axi|          gmem3|       pointer|
|m_axi_gmem3_AWLOCK       |  out|    2|       m_axi|          gmem3|       pointer|
|m_axi_gmem3_AWCACHE      |  out|    4|       m_axi|          gmem3|       pointer|
|m_axi_gmem3_AWPROT       |  out|    3|       m_axi|          gmem3|       pointer|
|m_axi_gmem3_AWQOS        |  out|    4|       m_axi|          gmem3|       pointer|
|m_axi_gmem3_AWREGION     |  out|    4|       m_axi|          gmem3|       pointer|
|m_axi_gmem3_AWUSER       |  out|    1|       m_axi|          gmem3|       pointer|
|m_axi_gmem3_WVALID       |  out|    1|       m_axi|          gmem3|       pointer|
|m_axi_gmem3_WREADY       |   in|    1|       m_axi|          gmem3|       pointer|
|m_axi_gmem3_WDATA        |  out|   32|       m_axi|          gmem3|       pointer|
|m_axi_gmem3_WSTRB        |  out|    4|       m_axi|          gmem3|       pointer|
|m_axi_gmem3_WLAST        |  out|    1|       m_axi|          gmem3|       pointer|
|m_axi_gmem3_WID          |  out|    1|       m_axi|          gmem3|       pointer|
|m_axi_gmem3_WUSER        |  out|    1|       m_axi|          gmem3|       pointer|
|m_axi_gmem3_ARVALID      |  out|    1|       m_axi|          gmem3|       pointer|
|m_axi_gmem3_ARREADY      |   in|    1|       m_axi|          gmem3|       pointer|
|m_axi_gmem3_ARADDR       |  out|   64|       m_axi|          gmem3|       pointer|
|m_axi_gmem3_ARID         |  out|    1|       m_axi|          gmem3|       pointer|
|m_axi_gmem3_ARLEN        |  out|    8|       m_axi|          gmem3|       pointer|
|m_axi_gmem3_ARSIZE       |  out|    3|       m_axi|          gmem3|       pointer|
|m_axi_gmem3_ARBURST      |  out|    2|       m_axi|          gmem3|       pointer|
|m_axi_gmem3_ARLOCK       |  out|    2|       m_axi|          gmem3|       pointer|
|m_axi_gmem3_ARCACHE      |  out|    4|       m_axi|          gmem3|       pointer|
|m_axi_gmem3_ARPROT       |  out|    3|       m_axi|          gmem3|       pointer|
|m_axi_gmem3_ARQOS        |  out|    4|       m_axi|          gmem3|       pointer|
|m_axi_gmem3_ARREGION     |  out|    4|       m_axi|          gmem3|       pointer|
|m_axi_gmem3_ARUSER       |  out|    1|       m_axi|          gmem3|       pointer|
|m_axi_gmem3_RVALID       |   in|    1|       m_axi|          gmem3|       pointer|
|m_axi_gmem3_RREADY       |  out|    1|       m_axi|          gmem3|       pointer|
|m_axi_gmem3_RDATA        |   in|   32|       m_axi|          gmem3|       pointer|
|m_axi_gmem3_RLAST        |   in|    1|       m_axi|          gmem3|       pointer|
|m_axi_gmem3_RID          |   in|    1|       m_axi|          gmem3|       pointer|
|m_axi_gmem3_RUSER        |   in|    1|       m_axi|          gmem3|       pointer|
|m_axi_gmem3_RRESP        |   in|    2|       m_axi|          gmem3|       pointer|
|m_axi_gmem3_BVALID       |   in|    1|       m_axi|          gmem3|       pointer|
|m_axi_gmem3_BREADY       |  out|    1|       m_axi|          gmem3|       pointer|
|m_axi_gmem3_BRESP        |   in|    2|       m_axi|          gmem3|       pointer|
|m_axi_gmem3_BID          |   in|    1|       m_axi|          gmem3|       pointer|
|m_axi_gmem3_BUSER        |   in|    1|       m_axi|          gmem3|       pointer|
|m_axi_gmem4_AWVALID      |  out|    1|       m_axi|          gmem4|       pointer|
|m_axi_gmem4_AWREADY      |   in|    1|       m_axi|          gmem4|       pointer|
|m_axi_gmem4_AWADDR       |  out|   64|       m_axi|          gmem4|       pointer|
|m_axi_gmem4_AWID         |  out|    1|       m_axi|          gmem4|       pointer|
|m_axi_gmem4_AWLEN        |  out|    8|       m_axi|          gmem4|       pointer|
|m_axi_gmem4_AWSIZE       |  out|    3|       m_axi|          gmem4|       pointer|
|m_axi_gmem4_AWBURST      |  out|    2|       m_axi|          gmem4|       pointer|
|m_axi_gmem4_AWLOCK       |  out|    2|       m_axi|          gmem4|       pointer|
|m_axi_gmem4_AWCACHE      |  out|    4|       m_axi|          gmem4|       pointer|
|m_axi_gmem4_AWPROT       |  out|    3|       m_axi|          gmem4|       pointer|
|m_axi_gmem4_AWQOS        |  out|    4|       m_axi|          gmem4|       pointer|
|m_axi_gmem4_AWREGION     |  out|    4|       m_axi|          gmem4|       pointer|
|m_axi_gmem4_AWUSER       |  out|    1|       m_axi|          gmem4|       pointer|
|m_axi_gmem4_WVALID       |  out|    1|       m_axi|          gmem4|       pointer|
|m_axi_gmem4_WREADY       |   in|    1|       m_axi|          gmem4|       pointer|
|m_axi_gmem4_WDATA        |  out|   32|       m_axi|          gmem4|       pointer|
|m_axi_gmem4_WSTRB        |  out|    4|       m_axi|          gmem4|       pointer|
|m_axi_gmem4_WLAST        |  out|    1|       m_axi|          gmem4|       pointer|
|m_axi_gmem4_WID          |  out|    1|       m_axi|          gmem4|       pointer|
|m_axi_gmem4_WUSER        |  out|    1|       m_axi|          gmem4|       pointer|
|m_axi_gmem4_ARVALID      |  out|    1|       m_axi|          gmem4|       pointer|
|m_axi_gmem4_ARREADY      |   in|    1|       m_axi|          gmem4|       pointer|
|m_axi_gmem4_ARADDR       |  out|   64|       m_axi|          gmem4|       pointer|
|m_axi_gmem4_ARID         |  out|    1|       m_axi|          gmem4|       pointer|
|m_axi_gmem4_ARLEN        |  out|    8|       m_axi|          gmem4|       pointer|
|m_axi_gmem4_ARSIZE       |  out|    3|       m_axi|          gmem4|       pointer|
|m_axi_gmem4_ARBURST      |  out|    2|       m_axi|          gmem4|       pointer|
|m_axi_gmem4_ARLOCK       |  out|    2|       m_axi|          gmem4|       pointer|
|m_axi_gmem4_ARCACHE      |  out|    4|       m_axi|          gmem4|       pointer|
|m_axi_gmem4_ARPROT       |  out|    3|       m_axi|          gmem4|       pointer|
|m_axi_gmem4_ARQOS        |  out|    4|       m_axi|          gmem4|       pointer|
|m_axi_gmem4_ARREGION     |  out|    4|       m_axi|          gmem4|       pointer|
|m_axi_gmem4_ARUSER       |  out|    1|       m_axi|          gmem4|       pointer|
|m_axi_gmem4_RVALID       |   in|    1|       m_axi|          gmem4|       pointer|
|m_axi_gmem4_RREADY       |  out|    1|       m_axi|          gmem4|       pointer|
|m_axi_gmem4_RDATA        |   in|   32|       m_axi|          gmem4|       pointer|
|m_axi_gmem4_RLAST        |   in|    1|       m_axi|          gmem4|       pointer|
|m_axi_gmem4_RID          |   in|    1|       m_axi|          gmem4|       pointer|
|m_axi_gmem4_RUSER        |   in|    1|       m_axi|          gmem4|       pointer|
|m_axi_gmem4_RRESP        |   in|    2|       m_axi|          gmem4|       pointer|
|m_axi_gmem4_BVALID       |   in|    1|       m_axi|          gmem4|       pointer|
|m_axi_gmem4_BREADY       |  out|    1|       m_axi|          gmem4|       pointer|
|m_axi_gmem4_BRESP        |   in|    2|       m_axi|          gmem4|       pointer|
|m_axi_gmem4_BID          |   in|    1|       m_axi|          gmem4|       pointer|
|m_axi_gmem4_BUSER        |   in|    1|       m_axi|          gmem4|       pointer|
|m_axi_gmem5_AWVALID      |  out|    1|       m_axi|          gmem5|       pointer|
|m_axi_gmem5_AWREADY      |   in|    1|       m_axi|          gmem5|       pointer|
|m_axi_gmem5_AWADDR       |  out|   64|       m_axi|          gmem5|       pointer|
|m_axi_gmem5_AWID         |  out|    1|       m_axi|          gmem5|       pointer|
|m_axi_gmem5_AWLEN        |  out|    8|       m_axi|          gmem5|       pointer|
|m_axi_gmem5_AWSIZE       |  out|    3|       m_axi|          gmem5|       pointer|
|m_axi_gmem5_AWBURST      |  out|    2|       m_axi|          gmem5|       pointer|
|m_axi_gmem5_AWLOCK       |  out|    2|       m_axi|          gmem5|       pointer|
|m_axi_gmem5_AWCACHE      |  out|    4|       m_axi|          gmem5|       pointer|
|m_axi_gmem5_AWPROT       |  out|    3|       m_axi|          gmem5|       pointer|
|m_axi_gmem5_AWQOS        |  out|    4|       m_axi|          gmem5|       pointer|
|m_axi_gmem5_AWREGION     |  out|    4|       m_axi|          gmem5|       pointer|
|m_axi_gmem5_AWUSER       |  out|    1|       m_axi|          gmem5|       pointer|
|m_axi_gmem5_WVALID       |  out|    1|       m_axi|          gmem5|       pointer|
|m_axi_gmem5_WREADY       |   in|    1|       m_axi|          gmem5|       pointer|
|m_axi_gmem5_WDATA        |  out|   32|       m_axi|          gmem5|       pointer|
|m_axi_gmem5_WSTRB        |  out|    4|       m_axi|          gmem5|       pointer|
|m_axi_gmem5_WLAST        |  out|    1|       m_axi|          gmem5|       pointer|
|m_axi_gmem5_WID          |  out|    1|       m_axi|          gmem5|       pointer|
|m_axi_gmem5_WUSER        |  out|    1|       m_axi|          gmem5|       pointer|
|m_axi_gmem5_ARVALID      |  out|    1|       m_axi|          gmem5|       pointer|
|m_axi_gmem5_ARREADY      |   in|    1|       m_axi|          gmem5|       pointer|
|m_axi_gmem5_ARADDR       |  out|   64|       m_axi|          gmem5|       pointer|
|m_axi_gmem5_ARID         |  out|    1|       m_axi|          gmem5|       pointer|
|m_axi_gmem5_ARLEN        |  out|    8|       m_axi|          gmem5|       pointer|
|m_axi_gmem5_ARSIZE       |  out|    3|       m_axi|          gmem5|       pointer|
|m_axi_gmem5_ARBURST      |  out|    2|       m_axi|          gmem5|       pointer|
|m_axi_gmem5_ARLOCK       |  out|    2|       m_axi|          gmem5|       pointer|
|m_axi_gmem5_ARCACHE      |  out|    4|       m_axi|          gmem5|       pointer|
|m_axi_gmem5_ARPROT       |  out|    3|       m_axi|          gmem5|       pointer|
|m_axi_gmem5_ARQOS        |  out|    4|       m_axi|          gmem5|       pointer|
|m_axi_gmem5_ARREGION     |  out|    4|       m_axi|          gmem5|       pointer|
|m_axi_gmem5_ARUSER       |  out|    1|       m_axi|          gmem5|       pointer|
|m_axi_gmem5_RVALID       |   in|    1|       m_axi|          gmem5|       pointer|
|m_axi_gmem5_RREADY       |  out|    1|       m_axi|          gmem5|       pointer|
|m_axi_gmem5_RDATA        |   in|   32|       m_axi|          gmem5|       pointer|
|m_axi_gmem5_RLAST        |   in|    1|       m_axi|          gmem5|       pointer|
|m_axi_gmem5_RID          |   in|    1|       m_axi|          gmem5|       pointer|
|m_axi_gmem5_RUSER        |   in|    1|       m_axi|          gmem5|       pointer|
|m_axi_gmem5_RRESP        |   in|    2|       m_axi|          gmem5|       pointer|
|m_axi_gmem5_BVALID       |   in|    1|       m_axi|          gmem5|       pointer|
|m_axi_gmem5_BREADY       |  out|    1|       m_axi|          gmem5|       pointer|
|m_axi_gmem5_BRESP        |   in|    2|       m_axi|          gmem5|       pointer|
|m_axi_gmem5_BID          |   in|    1|       m_axi|          gmem5|       pointer|
|m_axi_gmem5_BUSER        |   in|    1|       m_axi|          gmem5|       pointer|
+-------------------------+-----+-----+------------+---------------+--------------+

