

================================================================
== Vitis HLS Report for 'sa_tiny_fpga_top'
================================================================
* Date:           Wed May 13 17:21:12 2026

* Version:        2024.1 (Build 5069499 on May 21 2024)
* Project:        synth_sa_tiny_fpga_top
* Solution:       sol1 (Vivado IP Flow Target)
* Product family: zynq
* Target device:  xc7z020-clg400-1


================================================================
== Performance Estimates
================================================================
+ Timing: 
    * Summary: 
    +--------+----------+-----------+------------+
    |  Clock |  Target  | Estimated | Uncertainty|
    +--------+----------+-----------+------------+
    |ap_clk  |  10.00 ns|  26.921 ns|     2.70 ns|
    +--------+----------+-----------+------------+

+ Latency: 
    * Summary: 
    +---------+-------------------+-----------+-------------+-----+-------------------+---------+
    |       Latency (cycles)      |    Latency (absolute)   |         Interval        | Pipeline|
    |   min   |        max        |    min    |     max     | min |        max        |   Type  |
    +---------+-------------------+-----------+-------------+-----+-------------------+---------+
    |        1|  16009845314724120|  26.921 ns|  4.3e+08 sec|    2|  16009845314724120|       no|
    +---------+-------------------+-----------+-------------+-----+-------------------+---------+

    + Detail: 
        * Instance: 
        +----------------------------------------------------------------------+-----------------------------------------------------------+----------+------------------+-----------+-------------+----------+------------------+-----------------------------------------------+
        |                                                                      |                                                           |       Latency (cycles)      |    Latency (absolute)   |           Interval          |                    Pipeline                   |
        |                               Instance                               |                           Module                          |    min   |        max       |    min    |     max     |    min   |        max       |                      Type                     |
        +----------------------------------------------------------------------+-----------------------------------------------------------+----------+------------------+-----------+-------------+----------+------------------+-----------------------------------------------+
        |grp_sa_ms_all_conv_block_185_1_fu_481                                 |sa_ms_all_conv_block_185_1                                 |    425229|  2342904193245453|   9.152 ms|  5.0e+07 sec|    425229|  2342904193245453|                                             no|
        |grp_sa_ms_downsampling_199_1_fu_628                                   |sa_ms_downsampling_199_1                                   |    112849|   390484027292369|   2.429 ms|  8.4e+06 sec|    112849|   390484027292369|                                             no|
        |grp_sa_conv2d_bn_40_71_118_240_333_426_1_fu_666                       |sa_conv2d_bn_40_71_118_240_333_426_1                       |  14648105|          14648105|  0.146 sec|    0.146 sec|  14648105|          14648105|                                             no|
        |grp_sa_spike_sppf_1_fu_684                                            |sa_spike_sppf_1                                            |   6271771|   780968059451163|  0.169 sec|  2.1e+07 sec|   6271771|   780968059451163|                                             no|
        |grp_sa_tiny_fpga_top_Pipeline_VITIS_LOOP_36_1_VITIS_LOOP_37_2_fu_711  |sa_tiny_fpga_top_Pipeline_VITIS_LOOP_36_1_VITIS_LOOP_37_2  |     49171|             49171|   0.492 ms|     0.492 ms|     49156|             49156|  loop auto-rewind stp(delay=0 clock cycles(s))|
        |grp_sa_conv2d_bn_40_71_118_240_333_426_535_1_fu_721                   |sa_conv2d_bn_40_71_118_240_333_426_535_1                   |     14503|   390484026505895|   0.312 ms|  8.4e+06 sec|     14503|   390484026505895|                                             no|
        |grp_sa_tiny_fpga_top_Pipeline_VITIS_LOOP_57_1_fu_759                  |sa_tiny_fpga_top_Pipeline_VITIS_LOOP_57_1                  |     12291|             12291|   0.123 ms|     0.123 ms|     12289|             12289|  loop auto-rewind stp(delay=0 clock cycles(s))|
        +----------------------------------------------------------------------+-----------------------------------------------------------+----------+------------------+-----------+-------------+----------+------------------+-----------------------------------------------+

        * Loop: 
        N/A



================================================================
== Utilization Estimates
================================================================
* Summary: 
+-----------------+---------+-----+--------+-------+-----+
|       Name      | BRAM_18K| DSP |   FF   |  LUT  | URAM|
+-----------------+---------+-----+--------+-------+-----+
|DSP              |        -|    -|       -|      -|    -|
|Expression       |        -|    -|       0|     51|    -|
|FIFO             |        -|    -|       -|      -|    -|
|Instance         |       12|  157|   58622|  90510|    -|
|Memory           |        -|    -|       -|      -|    -|
|Multiplexer      |        -|    -|       0|   1906|    -|
|Register         |        -|    -|    1304|      -|    -|
+-----------------+---------+-----+--------+-------+-----+
|Total            |       12|  157|   59926|  92467|    0|
+-----------------+---------+-----+--------+-------+-----+
|Available        |      280|  220|  106400|  53200|    0|
+-----------------+---------+-----+--------+-------+-----+
|Utilization (%)  |        4|   71|      56|    173|    0|
+-----------------+---------+-----+--------+-------+-----+

+ Detail: 
    * Instance: 
    +----------------------------------------------------------------------+-----------------------------------------------------------+---------+----+-------+-------+-----+
    |                               Instance                               |                           Module                          | BRAM_18K| DSP|   FF  |  LUT  | URAM|
    +----------------------------------------------------------------------+-----------------------------------------------------------+---------+----+-------+-------+-----+
    |control_r_s_axi_U                                                     |control_r_s_axi                                            |        0|   0|   1290|   2344|    0|
    |control_s_axi_U                                                       |control_s_axi                                              |        0|   0|     74|    104|    0|
    |gmem0_m_axi_U                                                         |gmem0_m_axi                                                |        1|   0|    707|    777|    0|
    |gmem1_m_axi_U                                                         |gmem1_m_axi                                                |        1|   0|    701|    766|    0|
    |gmem2_m_axi_U                                                         |gmem2_m_axi                                                |        2|   0|    671|    657|    0|
    |gmem3_m_axi_U                                                         |gmem3_m_axi                                                |        4|   0|    824|    723|    0|
    |gmem4_m_axi_U                                                         |gmem4_m_axi                                                |        4|   0|    824|    723|    0|
    |grp_sa_conv2d_bn_40_71_118_240_333_426_1_fu_666                       |sa_conv2d_bn_40_71_118_240_333_426_1                       |        0|  49|  11296|  18872|    0|
    |grp_sa_conv2d_bn_40_71_118_240_333_426_535_1_fu_721                   |sa_conv2d_bn_40_71_118_240_333_426_535_1                   |        0|  17|   5513|   7719|    0|
    |grp_sa_ms_all_conv_block_185_1_fu_481                                 |sa_ms_all_conv_block_185_1                                 |        0|  50|  16025|  23663|    0|
    |grp_sa_ms_downsampling_199_1_fu_628                                   |sa_ms_downsampling_199_1                                   |        0|  24|   7583|  10131|    0|
    |grp_sa_spike_sppf_1_fu_684                                            |sa_spike_sppf_1                                            |        0|  17|  12242|  22653|    0|
    |grp_sa_tiny_fpga_top_Pipeline_VITIS_LOOP_36_1_VITIS_LOOP_37_2_fu_711  |sa_tiny_fpga_top_Pipeline_VITIS_LOOP_36_1_VITIS_LOOP_37_2  |        0|   0|    845|   1284|    0|
    |grp_sa_tiny_fpga_top_Pipeline_VITIS_LOOP_57_1_fu_759                  |sa_tiny_fpga_top_Pipeline_VITIS_LOOP_57_1                  |        0|   0|     27|     94|    0|
    +----------------------------------------------------------------------+-----------------------------------------------------------+---------+----+-------+-------+-----+
    |Total                                                                 |                                                           |       12| 157|  58622|  90510|    0|
    +----------------------------------------------------------------------+-----------------------------------------------------------+---------+----+-------+-------+-----+

    * DSP: 
    N/A

    * Memory: 
    N/A

    * FIFO: 
    N/A

    * Expression: 
    +--------------------------------------+----------+----+---+----+------------+------------+
    |             Variable Name            | Operation| DSP| FF| LUT| Bitwidth P0| Bitwidth P1|
    +--------------------------------------+----------+----+---+----+------------+------------+
    |ap_block_state29_on_subcall_done      |       and|   0|  0|   2|           1|           1|
    |ap_block_state35_on_subcall_done      |       and|   0|  0|   2|           1|           1|
    |ap_block_state50                      |       and|   0|  0|   2|           1|           1|
    |icmp_ln206_fu_781_p2                  |      icmp|   0|  0|  39|          32|           1|
    |ap_predicate_op168_call_state29       |        or|   0|  0|   2|           1|           1|
    |ap_predicate_op176_call_state35       |        or|   0|  0|   2|           1|           1|
    |ap_predicate_op197_writeresp_state50  |        or|   0|  0|   2|           1|           1|
    +--------------------------------------+----------+----+---+----+------------+------------+
    |Total                                 |          |   0|  0|  51|          38|           7|
    +--------------------------------------+----------+----+---+----+------------+------------+

    * Multiplexer: 
    +---------------------------------------------+-----+-----------+-----+-----------+
    |                     Name                    | LUT | Input Size| Bits| Total Bits|
    +---------------------------------------------+-----+-----------+-----+-----------+
    |ap_NS_fsm                                    |  221|         51|    1|         51|
    |gmem0_ARVALID                                |    9|          2|    1|          2|
    |gmem0_RREADY                                 |    9|          2|    1|          2|
    |gmem1_AWADDR                                 |   14|          3|   64|        192|
    |gmem1_AWLEN                                  |   14|          3|   32|         96|
    |gmem1_AWVALID                                |   14|          3|    1|          3|
    |gmem1_BREADY                                 |   14|          3|    1|          3|
    |gmem1_WVALID                                 |    9|          2|    1|          2|
    |gmem1_blk_n_AW                               |    9|          2|    1|          2|
    |gmem1_blk_n_B                                |    9|          2|    1|          2|
    |gmem2_ARADDR                                 |   31|          6|   64|        384|
    |gmem2_ARLEN                                  |   31|          6|   32|        192|
    |gmem2_ARVALID                                |   31|          6|    1|          6|
    |gmem2_RREADY                                 |   31|          6|    1|          6|
    |gmem3_ARADDR                                 |   37|          7|   64|        448|
    |gmem3_ARLEN                                  |   37|          7|   32|        224|
    |gmem3_ARVALID                                |   37|          7|    1|          7|
    |gmem3_AWADDR                                 |   31|          6|   64|        384|
    |gmem3_AWLEN                                  |   31|          6|   32|        192|
    |gmem3_AWVALID                                |   31|          6|    1|          6|
    |gmem3_BREADY                                 |   31|          6|    1|          6|
    |gmem3_RREADY                                 |   31|          6|    1|          6|
    |gmem3_WDATA                                  |   31|          6|   32|        192|
    |gmem3_WSTRB                                  |   31|          6|    4|         24|
    |gmem3_WVALID                                 |   31|          6|    1|          6|
    |gmem3_blk_n_AR                               |    9|          2|    1|          2|
    |gmem4_ARADDR                                 |   31|          6|   64|        384|
    |gmem4_ARLEN                                  |   31|          6|   32|        192|
    |gmem4_ARVALID                                |   31|          6|    1|          6|
    |gmem4_AWADDR                                 |   37|          7|   64|        448|
    |gmem4_AWLEN                                  |   37|          7|   32|        224|
    |gmem4_AWVALID                                |   37|          7|    1|          7|
    |gmem4_BREADY                                 |   37|          7|    1|          7|
    |gmem4_RREADY                                 |   31|          6|    1|          6|
    |gmem4_WDATA                                  |   37|          7|   32|        224|
    |gmem4_WSTRB                                  |   37|          7|    4|         28|
    |gmem4_WVALID                                 |   37|          7|    1|          7|
    |grp_sa_ms_all_conv_block_185_1_fu_481_C      |   20|          4|    7|         28|
    |grp_sa_ms_all_conv_block_185_1_fu_481_C_exp  |   20|          4|    8|         32|
    |grp_sa_ms_all_conv_block_185_1_fu_481_C_mid  |   25|          5|    9|         45|
    |grp_sa_ms_all_conv_block_185_1_fu_481_H      |   20|          4|    7|         28|
    |grp_sa_ms_all_conv_block_185_1_fu_481_W      |   20|          4|    7|         28|
    |grp_sa_ms_all_conv_block_185_1_fu_481_idx10  |   25|          5|   12|         60|
    |grp_sa_ms_all_conv_block_185_1_fu_481_idx11  |   25|          5|   20|        100|
    |grp_sa_ms_all_conv_block_185_1_fu_481_idx12  |   25|          5|   12|         60|
    |grp_sa_ms_all_conv_block_185_1_fu_481_idx13  |   25|          5|   12|         60|
    |grp_sa_ms_all_conv_block_185_1_fu_481_idx14  |   25|          5|   20|        100|
    |grp_sa_ms_all_conv_block_185_1_fu_481_idx15  |   25|          5|   12|         60|
    |grp_sa_ms_all_conv_block_185_1_fu_481_idx16  |   25|          5|   12|         60|
    |grp_sa_ms_all_conv_block_185_1_fu_481_idx17  |   25|          5|   20|        100|
    |grp_sa_ms_all_conv_block_185_1_fu_481_idx18  |   25|          5|   12|         60|
    |grp_sa_ms_all_conv_block_185_1_fu_481_idx19  |   25|          5|   12|         60|
    |grp_sa_ms_all_conv_block_185_1_fu_481_idx2   |   25|          5|   20|        100|
    |grp_sa_ms_all_conv_block_185_1_fu_481_idx3   |   25|          5|   12|         60|
    |grp_sa_ms_all_conv_block_185_1_fu_481_idx4   |   25|          5|   12|         60|
    |grp_sa_ms_all_conv_block_185_1_fu_481_idx5   |   25|          5|   20|        100|
    |grp_sa_ms_all_conv_block_185_1_fu_481_idx6   |   25|          5|   12|         60|
    |grp_sa_ms_all_conv_block_185_1_fu_481_idx7   |   25|          5|   12|         60|
    |grp_sa_ms_all_conv_block_185_1_fu_481_idx8   |   25|          5|   20|        100|
    |grp_sa_ms_all_conv_block_185_1_fu_481_idx9   |   25|          5|   12|         60|
    |grp_sa_ms_all_conv_block_185_1_fu_481_x_in   |   14|          3|   64|        192|
    |grp_sa_ms_all_conv_block_185_1_fu_481_y      |   14|          3|   64|        192|
    |grp_sa_ms_downsampling_199_1_fu_628_C_in     |   14|          3|    6|         18|
    |grp_sa_ms_downsampling_199_1_fu_628_C_out    |   14|          3|    7|         21|
    |grp_sa_ms_downsampling_199_1_fu_628_H        |   14|          3|    7|         21|
    |grp_sa_ms_downsampling_199_1_fu_628_W_r      |   14|          3|    7|         21|
    |grp_sa_ms_downsampling_199_1_fu_628_idx2     |   14|          3|   17|         51|
    |grp_sa_ms_downsampling_199_1_fu_628_idx3     |   14|          3|   10|         30|
    |grp_sa_ms_downsampling_199_1_fu_628_idx4     |   14|          3|   10|         30|
    |grp_sa_ms_downsampling_199_1_fu_628_x_i32    |   14|          3|   64|        192|
    |grp_sa_ms_downsampling_199_1_fu_628_y        |   14|          3|   64|        192|
    +---------------------------------------------+-----+-----------+-----+-----------+
    |Total                                        | 1906|        385| 1291|       6414|
    +---------------------------------------------+-----+-----------+-----+-----------+

    * Register: 
    +-----------------------------------------------------------------------------------+----+----+-----+-----------+
    |                                        Name                                       | FF | LUT| Bits| Const Bits|
    +-----------------------------------------------------------------------------------+----+----+-----+-----------+
    |ap_CS_fsm                                                                          |  50|   0|   50|          0|
    |bias_pool_read_reg_914                                                             |  64|   0|   64|          0|
    |feat_out_read_reg_944                                                              |  64|   0|   64|          0|
    |grp_sa_conv2d_bn_40_71_118_240_333_426_1_fu_666_ap_start_reg                       |   1|   0|    1|          0|
    |grp_sa_conv2d_bn_40_71_118_240_333_426_535_1_fu_721_ap_start_reg                   |   1|   0|    1|          0|
    |grp_sa_ms_all_conv_block_185_1_fu_481_ap_start_reg                                 |   1|   0|    1|          0|
    |grp_sa_ms_downsampling_199_1_fu_628_ap_start_reg                                   |   1|   0|    1|          0|
    |grp_sa_spike_sppf_1_fu_684_ap_start_reg                                            |   1|   0|    1|          0|
    |grp_sa_tiny_fpga_top_Pipeline_VITIS_LOOP_36_1_VITIS_LOOP_37_2_fu_711_ap_start_reg  |   1|   0|    1|          0|
    |grp_sa_tiny_fpga_top_Pipeline_VITIS_LOOP_57_1_fu_759_ap_start_reg                  |   1|   0|    1|          0|
    |icmp_ln206_reg_963                                                                 |   1|   0|    1|          0|
    |img_in_read_reg_950                                                                |  64|   0|   64|          0|
    |run_all_reg_959                                                                    |   1|   0|    1|          0|
    |scratch_a_read_reg_887                                                             |  64|   0|   64|          0|
    |scratch_acc_read_reg_837                                                           |  64|   0|   64|          0|
    |scratch_b_read_reg_877                                                             |  64|   0|   64|          0|
    |scratch_c_read_reg_871                                                             |  64|   0|   64|          0|
    |scratch_d_read_reg_866                                                             |  64|   0|   64|          0|
    |scratch_e_read_reg_860                                                             |  64|   0|   64|          0|
    |scratch_f_read_reg_855                                                             |  64|   0|   64|          0|
    |scratch_spike_read_reg_846                                                         |  64|   0|   64|          0|
    |scratch_spk_a_read_reg_832                                                         |  64|   0|   64|          0|
    |scratch_spk_b_read_reg_827                                                         |  64|   0|   64|          0|
    |scratch_spk_c_read_reg_822                                                         |  64|   0|   64|          0|
    |scratch_spk_d_read_reg_817                                                         |  64|   0|   64|          0|
    |scratch_spk_e_read_reg_812                                                         |  64|   0|   64|          0|
    |shift_pool_read_reg_899                                                            |  64|   0|   64|          0|
    |trunc_ln131_reg_955                                                                |  31|   0|   31|          0|
    |trunc_ln5_reg_967                                                                  |  62|   0|   62|          0|
    |w_pool_read_reg_929                                                                |  64|   0|   64|          0|
    +-----------------------------------------------------------------------------------+----+----+-----+-----------+
    |Total                                                                              |1304|   0| 1304|          0|
    +-----------------------------------------------------------------------------------+----+----+-----+-----------+



================================================================
== Interface
================================================================
* Summary: 
+-------------------------+-----+-----+------------+------------------+--------------+
|        RTL Ports        | Dir | Bits|  Protocol  |   Source Object  |    C Type    |
+-------------------------+-----+-----+------------+------------------+--------------+
|s_axi_control_AWVALID    |   in|    1|       s_axi|           control|        scalar|
|s_axi_control_AWREADY    |  out|    1|       s_axi|           control|        scalar|
|s_axi_control_AWADDR     |   in|    5|       s_axi|           control|        scalar|
|s_axi_control_WVALID     |   in|    1|       s_axi|           control|        scalar|
|s_axi_control_WREADY     |  out|    1|       s_axi|           control|        scalar|
|s_axi_control_WDATA      |   in|   32|       s_axi|           control|        scalar|
|s_axi_control_WSTRB      |   in|    4|       s_axi|           control|        scalar|
|s_axi_control_ARVALID    |   in|    1|       s_axi|           control|        scalar|
|s_axi_control_ARREADY    |  out|    1|       s_axi|           control|        scalar|
|s_axi_control_ARADDR     |   in|    5|       s_axi|           control|        scalar|
|s_axi_control_RVALID     |  out|    1|       s_axi|           control|        scalar|
|s_axi_control_RREADY     |   in|    1|       s_axi|           control|        scalar|
|s_axi_control_RDATA      |  out|   32|       s_axi|           control|        scalar|
|s_axi_control_RRESP      |  out|    2|       s_axi|           control|        scalar|
|s_axi_control_BVALID     |  out|    1|       s_axi|           control|        scalar|
|s_axi_control_BREADY     |   in|    1|       s_axi|           control|        scalar|
|s_axi_control_BRESP      |  out|    2|       s_axi|           control|        scalar|
|s_axi_control_r_AWVALID  |   in|    1|       s_axi|         control_r|        scalar|
|s_axi_control_r_AWREADY  |  out|    1|       s_axi|         control_r|        scalar|
|s_axi_control_r_AWADDR   |   in|    8|       s_axi|         control_r|        scalar|
|s_axi_control_r_WVALID   |   in|    1|       s_axi|         control_r|        scalar|
|s_axi_control_r_WREADY   |  out|    1|       s_axi|         control_r|        scalar|
|s_axi_control_r_WDATA    |   in|   32|       s_axi|         control_r|        scalar|
|s_axi_control_r_WSTRB    |   in|    4|       s_axi|         control_r|        scalar|
|s_axi_control_r_ARVALID  |   in|    1|       s_axi|         control_r|        scalar|
|s_axi_control_r_ARREADY  |  out|    1|       s_axi|         control_r|        scalar|
|s_axi_control_r_ARADDR   |   in|    8|       s_axi|         control_r|        scalar|
|s_axi_control_r_RVALID   |  out|    1|       s_axi|         control_r|        scalar|
|s_axi_control_r_RREADY   |   in|    1|       s_axi|         control_r|        scalar|
|s_axi_control_r_RDATA    |  out|   32|       s_axi|         control_r|        scalar|
|s_axi_control_r_RRESP    |  out|    2|       s_axi|         control_r|        scalar|
|s_axi_control_r_BVALID   |  out|    1|       s_axi|         control_r|        scalar|
|s_axi_control_r_BREADY   |   in|    1|       s_axi|         control_r|        scalar|
|s_axi_control_r_BRESP    |  out|    2|       s_axi|         control_r|        scalar|
|ap_clk                   |   in|    1|  ap_ctrl_hs|  sa_tiny_fpga_top|  return value|
|ap_rst_n                 |   in|    1|  ap_ctrl_hs|  sa_tiny_fpga_top|  return value|
|interrupt                |  out|    1|  ap_ctrl_hs|  sa_tiny_fpga_top|  return value|
|m_axi_gmem0_AWVALID      |  out|    1|       m_axi|             gmem0|       pointer|
|m_axi_gmem0_AWREADY      |   in|    1|       m_axi|             gmem0|       pointer|
|m_axi_gmem0_AWADDR       |  out|   64|       m_axi|             gmem0|       pointer|
|m_axi_gmem0_AWID         |  out|    1|       m_axi|             gmem0|       pointer|
|m_axi_gmem0_AWLEN        |  out|    8|       m_axi|             gmem0|       pointer|
|m_axi_gmem0_AWSIZE       |  out|    3|       m_axi|             gmem0|       pointer|
|m_axi_gmem0_AWBURST      |  out|    2|       m_axi|             gmem0|       pointer|
|m_axi_gmem0_AWLOCK       |  out|    2|       m_axi|             gmem0|       pointer|
|m_axi_gmem0_AWCACHE      |  out|    4|       m_axi|             gmem0|       pointer|
|m_axi_gmem0_AWPROT       |  out|    3|       m_axi|             gmem0|       pointer|
|m_axi_gmem0_AWQOS        |  out|    4|       m_axi|             gmem0|       pointer|
|m_axi_gmem0_AWREGION     |  out|    4|       m_axi|             gmem0|       pointer|
|m_axi_gmem0_AWUSER       |  out|    1|       m_axi|             gmem0|       pointer|
|m_axi_gmem0_WVALID       |  out|    1|       m_axi|             gmem0|       pointer|
|m_axi_gmem0_WREADY       |   in|    1|       m_axi|             gmem0|       pointer|
|m_axi_gmem0_WDATA        |  out|   32|       m_axi|             gmem0|       pointer|
|m_axi_gmem0_WSTRB        |  out|    4|       m_axi|             gmem0|       pointer|
|m_axi_gmem0_WLAST        |  out|    1|       m_axi|             gmem0|       pointer|
|m_axi_gmem0_WID          |  out|    1|       m_axi|             gmem0|       pointer|
|m_axi_gmem0_WUSER        |  out|    1|       m_axi|             gmem0|       pointer|
|m_axi_gmem0_ARVALID      |  out|    1|       m_axi|             gmem0|       pointer|
|m_axi_gmem0_ARREADY      |   in|    1|       m_axi|             gmem0|       pointer|
|m_axi_gmem0_ARADDR       |  out|   64|       m_axi|             gmem0|       pointer|
|m_axi_gmem0_ARID         |  out|    1|       m_axi|             gmem0|       pointer|
|m_axi_gmem0_ARLEN        |  out|    8|       m_axi|             gmem0|       pointer|
|m_axi_gmem0_ARSIZE       |  out|    3|       m_axi|             gmem0|       pointer|
|m_axi_gmem0_ARBURST      |  out|    2|       m_axi|             gmem0|       pointer|
|m_axi_gmem0_ARLOCK       |  out|    2|       m_axi|             gmem0|       pointer|
|m_axi_gmem0_ARCACHE      |  out|    4|       m_axi|             gmem0|       pointer|
|m_axi_gmem0_ARPROT       |  out|    3|       m_axi|             gmem0|       pointer|
|m_axi_gmem0_ARQOS        |  out|    4|       m_axi|             gmem0|       pointer|
|m_axi_gmem0_ARREGION     |  out|    4|       m_axi|             gmem0|       pointer|
|m_axi_gmem0_ARUSER       |  out|    1|       m_axi|             gmem0|       pointer|
|m_axi_gmem0_RVALID       |   in|    1|       m_axi|             gmem0|       pointer|
|m_axi_gmem0_RREADY       |  out|    1|       m_axi|             gmem0|       pointer|
|m_axi_gmem0_RDATA        |   in|   32|       m_axi|             gmem0|       pointer|
|m_axi_gmem0_RLAST        |   in|    1|       m_axi|             gmem0|       pointer|
|m_axi_gmem0_RID          |   in|    1|       m_axi|             gmem0|       pointer|
|m_axi_gmem0_RUSER        |   in|    1|       m_axi|             gmem0|       pointer|
|m_axi_gmem0_RRESP        |   in|    2|       m_axi|             gmem0|       pointer|
|m_axi_gmem0_BVALID       |   in|    1|       m_axi|             gmem0|       pointer|
|m_axi_gmem0_BREADY       |  out|    1|       m_axi|             gmem0|       pointer|
|m_axi_gmem0_BRESP        |   in|    2|       m_axi|             gmem0|       pointer|
|m_axi_gmem0_BID          |   in|    1|       m_axi|             gmem0|       pointer|
|m_axi_gmem0_BUSER        |   in|    1|       m_axi|             gmem0|       pointer|
|m_axi_gmem1_AWVALID      |  out|    1|       m_axi|             gmem1|       pointer|
|m_axi_gmem1_AWREADY      |   in|    1|       m_axi|             gmem1|       pointer|
|m_axi_gmem1_AWADDR       |  out|   64|       m_axi|             gmem1|       pointer|
|m_axi_gmem1_AWID         |  out|    1|       m_axi|             gmem1|       pointer|
|m_axi_gmem1_AWLEN        |  out|    8|       m_axi|             gmem1|       pointer|
|m_axi_gmem1_AWSIZE       |  out|    3|       m_axi|             gmem1|       pointer|
|m_axi_gmem1_AWBURST      |  out|    2|       m_axi|             gmem1|       pointer|
|m_axi_gmem1_AWLOCK       |  out|    2|       m_axi|             gmem1|       pointer|
|m_axi_gmem1_AWCACHE      |  out|    4|       m_axi|             gmem1|       pointer|
|m_axi_gmem1_AWPROT       |  out|    3|       m_axi|             gmem1|       pointer|
|m_axi_gmem1_AWQOS        |  out|    4|       m_axi|             gmem1|       pointer|
|m_axi_gmem1_AWREGION     |  out|    4|       m_axi|             gmem1|       pointer|
|m_axi_gmem1_AWUSER       |  out|    1|       m_axi|             gmem1|       pointer|
|m_axi_gmem1_WVALID       |  out|    1|       m_axi|             gmem1|       pointer|
|m_axi_gmem1_WREADY       |   in|    1|       m_axi|             gmem1|       pointer|
|m_axi_gmem1_WDATA        |  out|   32|       m_axi|             gmem1|       pointer|
|m_axi_gmem1_WSTRB        |  out|    4|       m_axi|             gmem1|       pointer|
|m_axi_gmem1_WLAST        |  out|    1|       m_axi|             gmem1|       pointer|
|m_axi_gmem1_WID          |  out|    1|       m_axi|             gmem1|       pointer|
|m_axi_gmem1_WUSER        |  out|    1|       m_axi|             gmem1|       pointer|
|m_axi_gmem1_ARVALID      |  out|    1|       m_axi|             gmem1|       pointer|
|m_axi_gmem1_ARREADY      |   in|    1|       m_axi|             gmem1|       pointer|
|m_axi_gmem1_ARADDR       |  out|   64|       m_axi|             gmem1|       pointer|
|m_axi_gmem1_ARID         |  out|    1|       m_axi|             gmem1|       pointer|
|m_axi_gmem1_ARLEN        |  out|    8|       m_axi|             gmem1|       pointer|
|m_axi_gmem1_ARSIZE       |  out|    3|       m_axi|             gmem1|       pointer|
|m_axi_gmem1_ARBURST      |  out|    2|       m_axi|             gmem1|       pointer|
|m_axi_gmem1_ARLOCK       |  out|    2|       m_axi|             gmem1|       pointer|
|m_axi_gmem1_ARCACHE      |  out|    4|       m_axi|             gmem1|       pointer|
|m_axi_gmem1_ARPROT       |  out|    3|       m_axi|             gmem1|       pointer|
|m_axi_gmem1_ARQOS        |  out|    4|       m_axi|             gmem1|       pointer|
|m_axi_gmem1_ARREGION     |  out|    4|       m_axi|             gmem1|       pointer|
|m_axi_gmem1_ARUSER       |  out|    1|       m_axi|             gmem1|       pointer|
|m_axi_gmem1_RVALID       |   in|    1|       m_axi|             gmem1|       pointer|
|m_axi_gmem1_RREADY       |  out|    1|       m_axi|             gmem1|       pointer|
|m_axi_gmem1_RDATA        |   in|   32|       m_axi|             gmem1|       pointer|
|m_axi_gmem1_RLAST        |   in|    1|       m_axi|             gmem1|       pointer|
|m_axi_gmem1_RID          |   in|    1|       m_axi|             gmem1|       pointer|
|m_axi_gmem1_RUSER        |   in|    1|       m_axi|             gmem1|       pointer|
|m_axi_gmem1_RRESP        |   in|    2|       m_axi|             gmem1|       pointer|
|m_axi_gmem1_BVALID       |   in|    1|       m_axi|             gmem1|       pointer|
|m_axi_gmem1_BREADY       |  out|    1|       m_axi|             gmem1|       pointer|
|m_axi_gmem1_BRESP        |   in|    2|       m_axi|             gmem1|       pointer|
|m_axi_gmem1_BID          |   in|    1|       m_axi|             gmem1|       pointer|
|m_axi_gmem1_BUSER        |   in|    1|       m_axi|             gmem1|       pointer|
|m_axi_gmem2_AWVALID      |  out|    1|       m_axi|             gmem2|       pointer|
|m_axi_gmem2_AWREADY      |   in|    1|       m_axi|             gmem2|       pointer|
|m_axi_gmem2_AWADDR       |  out|   64|       m_axi|             gmem2|       pointer|
|m_axi_gmem2_AWID         |  out|    1|       m_axi|             gmem2|       pointer|
|m_axi_gmem2_AWLEN        |  out|    8|       m_axi|             gmem2|       pointer|
|m_axi_gmem2_AWSIZE       |  out|    3|       m_axi|             gmem2|       pointer|
|m_axi_gmem2_AWBURST      |  out|    2|       m_axi|             gmem2|       pointer|
|m_axi_gmem2_AWLOCK       |  out|    2|       m_axi|             gmem2|       pointer|
|m_axi_gmem2_AWCACHE      |  out|    4|       m_axi|             gmem2|       pointer|
|m_axi_gmem2_AWPROT       |  out|    3|       m_axi|             gmem2|       pointer|
|m_axi_gmem2_AWQOS        |  out|    4|       m_axi|             gmem2|       pointer|
|m_axi_gmem2_AWREGION     |  out|    4|       m_axi|             gmem2|       pointer|
|m_axi_gmem2_AWUSER       |  out|    1|       m_axi|             gmem2|       pointer|
|m_axi_gmem2_WVALID       |  out|    1|       m_axi|             gmem2|       pointer|
|m_axi_gmem2_WREADY       |   in|    1|       m_axi|             gmem2|       pointer|
|m_axi_gmem2_WDATA        |  out|   32|       m_axi|             gmem2|       pointer|
|m_axi_gmem2_WSTRB        |  out|    4|       m_axi|             gmem2|       pointer|
|m_axi_gmem2_WLAST        |  out|    1|       m_axi|             gmem2|       pointer|
|m_axi_gmem2_WID          |  out|    1|       m_axi|             gmem2|       pointer|
|m_axi_gmem2_WUSER        |  out|    1|       m_axi|             gmem2|       pointer|
|m_axi_gmem2_ARVALID      |  out|    1|       m_axi|             gmem2|       pointer|
|m_axi_gmem2_ARREADY      |   in|    1|       m_axi|             gmem2|       pointer|
|m_axi_gmem2_ARADDR       |  out|   64|       m_axi|             gmem2|       pointer|
|m_axi_gmem2_ARID         |  out|    1|       m_axi|             gmem2|       pointer|
|m_axi_gmem2_ARLEN        |  out|    8|       m_axi|             gmem2|       pointer|
|m_axi_gmem2_ARSIZE       |  out|    3|       m_axi|             gmem2|       pointer|
|m_axi_gmem2_ARBURST      |  out|    2|       m_axi|             gmem2|       pointer|
|m_axi_gmem2_ARLOCK       |  out|    2|       m_axi|             gmem2|       pointer|
|m_axi_gmem2_ARCACHE      |  out|    4|       m_axi|             gmem2|       pointer|
|m_axi_gmem2_ARPROT       |  out|    3|       m_axi|             gmem2|       pointer|
|m_axi_gmem2_ARQOS        |  out|    4|       m_axi|             gmem2|       pointer|
|m_axi_gmem2_ARREGION     |  out|    4|       m_axi|             gmem2|       pointer|
|m_axi_gmem2_ARUSER       |  out|    1|       m_axi|             gmem2|       pointer|
|m_axi_gmem2_RVALID       |   in|    1|       m_axi|             gmem2|       pointer|
|m_axi_gmem2_RREADY       |  out|    1|       m_axi|             gmem2|       pointer|
|m_axi_gmem2_RDATA        |   in|   32|       m_axi|             gmem2|       pointer|
|m_axi_gmem2_RLAST        |   in|    1|       m_axi|             gmem2|       pointer|
|m_axi_gmem2_RID          |   in|    1|       m_axi|             gmem2|       pointer|
|m_axi_gmem2_RUSER        |   in|    1|       m_axi|             gmem2|       pointer|
|m_axi_gmem2_RRESP        |   in|    2|       m_axi|             gmem2|       pointer|
|m_axi_gmem2_BVALID       |   in|    1|       m_axi|             gmem2|       pointer|
|m_axi_gmem2_BREADY       |  out|    1|       m_axi|             gmem2|       pointer|
|m_axi_gmem2_BRESP        |   in|    2|       m_axi|             gmem2|       pointer|
|m_axi_gmem2_BID          |   in|    1|       m_axi|             gmem2|       pointer|
|m_axi_gmem2_BUSER        |   in|    1|       m_axi|             gmem2|       pointer|
|m_axi_gmem3_AWVALID      |  out|    1|       m_axi|             gmem3|       pointer|
|m_axi_gmem3_AWREADY      |   in|    1|       m_axi|             gmem3|       pointer|
|m_axi_gmem3_AWADDR       |  out|   64|       m_axi|             gmem3|       pointer|
|m_axi_gmem3_AWID         |  out|    1|       m_axi|             gmem3|       pointer|
|m_axi_gmem3_AWLEN        |  out|    8|       m_axi|             gmem3|       pointer|
|m_axi_gmem3_AWSIZE       |  out|    3|       m_axi|             gmem3|       pointer|
|m_axi_gmem3_AWBURST      |  out|    2|       m_axi|             gmem3|       pointer|
|m_axi_gmem3_AWLOCK       |  out|    2|       m_axi|             gmem3|       pointer|
|m_axi_gmem3_AWCACHE      |  out|    4|       m_axi|             gmem3|       pointer|
|m_axi_gmem3_AWPROT       |  out|    3|       m_axi|             gmem3|       pointer|
|m_axi_gmem3_AWQOS        |  out|    4|       m_axi|             gmem3|       pointer|
|m_axi_gmem3_AWREGION     |  out|    4|       m_axi|             gmem3|       pointer|
|m_axi_gmem3_AWUSER       |  out|    1|       m_axi|             gmem3|       pointer|
|m_axi_gmem3_WVALID       |  out|    1|       m_axi|             gmem3|       pointer|
|m_axi_gmem3_WREADY       |   in|    1|       m_axi|             gmem3|       pointer|
|m_axi_gmem3_WDATA        |  out|   32|       m_axi|             gmem3|       pointer|
|m_axi_gmem3_WSTRB        |  out|    4|       m_axi|             gmem3|       pointer|
|m_axi_gmem3_WLAST        |  out|    1|       m_axi|             gmem3|       pointer|
|m_axi_gmem3_WID          |  out|    1|       m_axi|             gmem3|       pointer|
|m_axi_gmem3_WUSER        |  out|    1|       m_axi|             gmem3|       pointer|
|m_axi_gmem3_ARVALID      |  out|    1|       m_axi|             gmem3|       pointer|
|m_axi_gmem3_ARREADY      |   in|    1|       m_axi|             gmem3|       pointer|
|m_axi_gmem3_ARADDR       |  out|   64|       m_axi|             gmem3|       pointer|
|m_axi_gmem3_ARID         |  out|    1|       m_axi|             gmem3|       pointer|
|m_axi_gmem3_ARLEN        |  out|    8|       m_axi|             gmem3|       pointer|
|m_axi_gmem3_ARSIZE       |  out|    3|       m_axi|             gmem3|       pointer|
|m_axi_gmem3_ARBURST      |  out|    2|       m_axi|             gmem3|       pointer|
|m_axi_gmem3_ARLOCK       |  out|    2|       m_axi|             gmem3|       pointer|
|m_axi_gmem3_ARCACHE      |  out|    4|       m_axi|             gmem3|       pointer|
|m_axi_gmem3_ARPROT       |  out|    3|       m_axi|             gmem3|       pointer|
|m_axi_gmem3_ARQOS        |  out|    4|       m_axi|             gmem3|       pointer|
|m_axi_gmem3_ARREGION     |  out|    4|       m_axi|             gmem3|       pointer|
|m_axi_gmem3_ARUSER       |  out|    1|       m_axi|             gmem3|       pointer|
|m_axi_gmem3_RVALID       |   in|    1|       m_axi|             gmem3|       pointer|
|m_axi_gmem3_RREADY       |  out|    1|       m_axi|             gmem3|       pointer|
|m_axi_gmem3_RDATA        |   in|   32|       m_axi|             gmem3|       pointer|
|m_axi_gmem3_RLAST        |   in|    1|       m_axi|             gmem3|       pointer|
|m_axi_gmem3_RID          |   in|    1|       m_axi|             gmem3|       pointer|
|m_axi_gmem3_RUSER        |   in|    1|       m_axi|             gmem3|       pointer|
|m_axi_gmem3_RRESP        |   in|    2|       m_axi|             gmem3|       pointer|
|m_axi_gmem3_BVALID       |   in|    1|       m_axi|             gmem3|       pointer|
|m_axi_gmem3_BREADY       |  out|    1|       m_axi|             gmem3|       pointer|
|m_axi_gmem3_BRESP        |   in|    2|       m_axi|             gmem3|       pointer|
|m_axi_gmem3_BID          |   in|    1|       m_axi|             gmem3|       pointer|
|m_axi_gmem3_BUSER        |   in|    1|       m_axi|             gmem3|       pointer|
|m_axi_gmem4_AWVALID      |  out|    1|       m_axi|             gmem4|       pointer|
|m_axi_gmem4_AWREADY      |   in|    1|       m_axi|             gmem4|       pointer|
|m_axi_gmem4_AWADDR       |  out|   64|       m_axi|             gmem4|       pointer|
|m_axi_gmem4_AWID         |  out|    1|       m_axi|             gmem4|       pointer|
|m_axi_gmem4_AWLEN        |  out|    8|       m_axi|             gmem4|       pointer|
|m_axi_gmem4_AWSIZE       |  out|    3|       m_axi|             gmem4|       pointer|
|m_axi_gmem4_AWBURST      |  out|    2|       m_axi|             gmem4|       pointer|
|m_axi_gmem4_AWLOCK       |  out|    2|       m_axi|             gmem4|       pointer|
|m_axi_gmem4_AWCACHE      |  out|    4|       m_axi|             gmem4|       pointer|
|m_axi_gmem4_AWPROT       |  out|    3|       m_axi|             gmem4|       pointer|
|m_axi_gmem4_AWQOS        |  out|    4|       m_axi|             gmem4|       pointer|
|m_axi_gmem4_AWREGION     |  out|    4|       m_axi|             gmem4|       pointer|
|m_axi_gmem4_AWUSER       |  out|    1|       m_axi|             gmem4|       pointer|
|m_axi_gmem4_WVALID       |  out|    1|       m_axi|             gmem4|       pointer|
|m_axi_gmem4_WREADY       |   in|    1|       m_axi|             gmem4|       pointer|
|m_axi_gmem4_WDATA        |  out|   32|       m_axi|             gmem4|       pointer|
|m_axi_gmem4_WSTRB        |  out|    4|       m_axi|             gmem4|       pointer|
|m_axi_gmem4_WLAST        |  out|    1|       m_axi|             gmem4|       pointer|
|m_axi_gmem4_WID          |  out|    1|       m_axi|             gmem4|       pointer|
|m_axi_gmem4_WUSER        |  out|    1|       m_axi|             gmem4|       pointer|
|m_axi_gmem4_ARVALID      |  out|    1|       m_axi|             gmem4|       pointer|
|m_axi_gmem4_ARREADY      |   in|    1|       m_axi|             gmem4|       pointer|
|m_axi_gmem4_ARADDR       |  out|   64|       m_axi|             gmem4|       pointer|
|m_axi_gmem4_ARID         |  out|    1|       m_axi|             gmem4|       pointer|
|m_axi_gmem4_ARLEN        |  out|    8|       m_axi|             gmem4|       pointer|
|m_axi_gmem4_ARSIZE       |  out|    3|       m_axi|             gmem4|       pointer|
|m_axi_gmem4_ARBURST      |  out|    2|       m_axi|             gmem4|       pointer|
|m_axi_gmem4_ARLOCK       |  out|    2|       m_axi|             gmem4|       pointer|
|m_axi_gmem4_ARCACHE      |  out|    4|       m_axi|             gmem4|       pointer|
|m_axi_gmem4_ARPROT       |  out|    3|       m_axi|             gmem4|       pointer|
|m_axi_gmem4_ARQOS        |  out|    4|       m_axi|             gmem4|       pointer|
|m_axi_gmem4_ARREGION     |  out|    4|       m_axi|             gmem4|       pointer|
|m_axi_gmem4_ARUSER       |  out|    1|       m_axi|             gmem4|       pointer|
|m_axi_gmem4_RVALID       |   in|    1|       m_axi|             gmem4|       pointer|
|m_axi_gmem4_RREADY       |  out|    1|       m_axi|             gmem4|       pointer|
|m_axi_gmem4_RDATA        |   in|   32|       m_axi|             gmem4|       pointer|
|m_axi_gmem4_RLAST        |   in|    1|       m_axi|             gmem4|       pointer|
|m_axi_gmem4_RID          |   in|    1|       m_axi|             gmem4|       pointer|
|m_axi_gmem4_RUSER        |   in|    1|       m_axi|             gmem4|       pointer|
|m_axi_gmem4_RRESP        |   in|    2|       m_axi|             gmem4|       pointer|
|m_axi_gmem4_BVALID       |   in|    1|       m_axi|             gmem4|       pointer|
|m_axi_gmem4_BREADY       |  out|    1|       m_axi|             gmem4|       pointer|
|m_axi_gmem4_BRESP        |   in|    2|       m_axi|             gmem4|       pointer|
|m_axi_gmem4_BID          |   in|    1|       m_axi|             gmem4|       pointer|
|m_axi_gmem4_BUSER        |   in|    1|       m_axi|             gmem4|       pointer|
+-------------------------+-----+-----+------------+------------------+--------------+

